******************************************************************************
                  TI ARM Linker PC v5.2.6                      
******************************************************************************
>> Linked Thu Nov 07 11:42:32 2019

OUTPUT FILE NAME:   <serial_losh.out>
ENTRY POINT SYMBOL: "_c_int00"  address: 00000615


MEMORY CONFIGURATION

         name            origin    length      used     unused   attr    fill
----------------------  --------  ---------  --------  --------  ----  --------
  FLASH                 00000000   00040000  00000778  0003f888  R  X
  SRAM                  20000000   00008000  00000214  00007dec  RW X


SEGMENT ALLOCATION MAP

run origin  load origin   length   init length attrs members
----------  ----------- ---------- ----------- ----- -------
00000000    00000000    00000778   00000778    r-x
  00000000    00000000    0000026c   0000026c    r-- .intvecs
  0000026c    0000026c    000004ec   000004ec    r-x .text
  00000758    00000758    00000020   00000020    r-- .cinit
20000000    20000000    00000214   00000000    rw-
  20000000    20000000    00000200   00000000    rw- .stack
  20000200    20000200    00000014   00000000    rw- .data


SECTION ALLOCATION MAP

 output                                  attributes/
section   page    origin      length       input sections
--------  ----  ----------  ----------   ----------------
.intvecs   0    00000000    0000026c     
                  00000000    0000026c     tm4c123gh6pm_startup_ccs.obj (.intvecs)

.text      0    0000026c    000004ec     
                  0000026c    000001b8     main.obj (.text)
                  00000424    0000009c     rtsv7M4_T_le_v4SPD16_eabi.lib : memcpy_t2.obj (.text)
                  000004c0    0000007a                                   : memset_t2.obj (.text)
                  0000053a    00000002     --HOLE-- [fill = 0]
                  0000053c    0000006c                                   : autoinit.obj (.text)
                  000005a8    0000006a                                   : copy_decompress_rle.obj (.text)
                  00000612    00000002     --HOLE-- [fill = 0]
                  00000614    00000050                                   : boot.obj (.text)
                  00000664    0000004c                                   : cpy_tbl.obj (.text)
                  000006b0    00000044                                   : exit.obj (.text)
                  000006f4    00000018                                   : args_main.obj (.text)
                  0000070c    00000014                                   : _lock.obj (.text)
                  00000720    00000014                                   : strlen.obj (.text)
                  00000734    0000000e                                   : copy_decompress_none.obj (.text:decompress:none)
                  00000742    0000000c     tm4c123gh6pm_startup_ccs.obj (.text)
                  0000074e    00000006     rtsv7M4_T_le_v4SPD16_eabi.lib : copy_decompress_rle.obj (.text:decompress:rle24)
                  00000754    00000004                                   : pre_init.obj (.text)

.cinit     0    00000758    00000020     
                  00000758    0000000f     (.cinit..data.load) [load image, compression = rle]
                  00000767    00000001     --HOLE-- [fill = 0]
                  00000768    00000008     (__TI_handler_table)
                  00000770    00000008     (__TI_cinit_table)

.init_array 
*          0    00000000    00000000     UNINITIALIZED

.stack     0    20000000    00000200     UNINITIALIZED
                  20000000    00000200     --HOLE--

.data      0    20000200    00000014     UNINITIALIZED
                  20000200    00000008     rtsv7M4_T_le_v4SPD16_eabi.lib : _lock.obj (.data)
                  20000208    00000008                                   : exit.obj (.data)
                  20000210    00000004                                   : stkdepth_vars.obj (.data)

.TI.persistent 
*          0    20000200    00000000     UNINITIALIZED


LINKER GENERATED COPY TABLES

__TI_cinit_table @ 00000770 records: 1, size/record: 8, table size: 8
	.data: load addr=00000758, load size=0000000f bytes, run addr=20000200, run size=00000014 bytes, compression=rle


LINKER GENERATED HANDLER TABLE

__TI_handler_table @ 00000768 records: 2, size/record: 4, table size: 8
	index: 0, handler: __TI_decompress_rle24
	index: 1, handler: __TI_decompress_none


GLOBAL SYMBOLS: SORTED ALPHABETICALLY BY Name 

address   name                    
-------   ----                    
000006b1  C$$EXIT                 
00000743  ResetISR                
UNDEFED   SHT$$INIT_ARRAY$$Base   
UNDEFED   SHT$$INIT_ARRAY$$Limit  
20000200  __STACK_END             
00000200  __STACK_SIZE            
20000200  __STACK_TOP             
00000770  __TI_CINIT_Base         
00000778  __TI_CINIT_Limit        
00000768  __TI_Handler_Table_Base 
00000770  __TI_Handler_Table_Limit
0000053d  __TI_auto_init          
20000208  __TI_cleanup_ptr        
00000735  __TI_decompress_none    
0000074f  __TI_decompress_rle24   
2000020c  __TI_dtors_ptr          
00000000  __TI_static_base__      
000004c1  __aeabi_memclr          
000004c1  __aeabi_memclr4         
000004c1  __aeabi_memclr8         
00000425  __aeabi_memcpy          
00000425  __aeabi_memcpy4         
00000425  __aeabi_memcpy8         
000004c3  __aeabi_memset          
000004c3  __aeabi_memset4         
000004c3  __aeabi_memset8         
ffffffff  __binit__               
ffffffff  __c_args__              
20000000  __stack                 
000006f5  _args_main              
00000615  _c_int00                
20000200  _lock                   
0000071b  _nop                    
00000713  _register_lock          
0000070d  _register_unlock        
00000755  _system_pre_init        
20000204  _unlock                 
000006b5  abort                   
ffffffff  binit                   
00000665  copy_in                 
000006bd  exit                    
00000000  g_pfnVectors            
0000034b  getcUart0               
0000026d  initHw                  
0000035f  main                    
20000210  main_func_sp            
00000425  memcpy                  
000004c9  memset                  
000002fd  putcUart0               
00000319  putsUart0               
00000721  strlen                  


GLOBAL SYMBOLS: SORTED BY Symbol Address 

address   name                    
-------   ----                    
00000000  __TI_static_base__      
00000000  g_pfnVectors            
00000200  __STACK_SIZE            
0000026d  initHw                  
000002fd  putcUart0               
00000319  putsUart0               
0000034b  getcUart0               
0000035f  main                    
00000425  __aeabi_memcpy          
00000425  __aeabi_memcpy4         
00000425  __aeabi_memcpy8         
00000425  memcpy                  
000004c1  __aeabi_memclr          
000004c1  __aeabi_memclr4         
000004c1  __aeabi_memclr8         
000004c3  __aeabi_memset          
000004c3  __aeabi_memset4         
000004c3  __aeabi_memset8         
000004c9  memset                  
0000053d  __TI_auto_init          
00000615  _c_int00                
00000665  copy_in                 
000006b1  C$$EXIT                 
000006b5  abort                   
000006bd  exit                    
000006f5  _args_main              
0000070d  _register_unlock        
00000713  _register_lock          
0000071b  _nop                    
00000721  strlen                  
00000735  __TI_decompress_none    
00000743  ResetISR                
0000074f  __TI_decompress_rle24   
00000755  _system_pre_init        
00000768  __TI_Handler_Table_Base 
00000770  __TI_CINIT_Base         
00000770  __TI_Handler_Table_Limit
00000778  __TI_CINIT_Limit        
20000000  __stack                 
20000200  __STACK_END             
20000200  __STACK_TOP             
20000200  _lock                   
20000204  _unlock                 
20000208  __TI_cleanup_ptr        
2000020c  __TI_dtors_ptr          
20000210  main_func_sp            
ffffffff  __binit__               
ffffffff  __c_args__              
ffffffff  binit                   
UNDEFED   SHT$$INIT_ARRAY$$Base   
UNDEFED   SHT$$INIT_ARRAY$$Limit  

[51 symbols]
