******************************************************************************
                  TI ARM Linker PC v5.2.6                      
******************************************************************************
>> Linked Sat Nov 03 15:47:35 2018

OUTPUT FILE NAME:   <HW5_prob_3b.out>
ENTRY POINT SYMBOL: "_c_int00"  address: 000003e9


MEMORY CONFIGURATION

         name            origin    length      used     unused   attr    fill
----------------------  --------  ---------  --------  --------  ----  --------
  MAIN                  00000000   00040000  00000538  0003fac8  R  X
  INFO                  00200000   00004000  00000000  00004000  R  X
  SRAM_CODE             01000000   00010000  00000000  00010000  RW X
  SRAM_DATA             20000000   00010000  00000214  0000fdec  RW  


SEGMENT ALLOCATION MAP

run origin  load origin   length   init length attrs members
----------  ----------- ---------- ----------- ----- -------
00000000    00000000    00000538   00000538    r-x
  00000000    00000000    00000144   00000144    r-- .intvecs
  00000144    00000144    000003d4   000003d4    r-x .text
  00000518    00000518    00000020   00000020    r-- .cinit
20000000    20000000    00000014   00000000    rw-
  20000000    20000000    00000014   00000000    rw- .data
2000fe00    2000fe00    00000200   00000000    rw-
  2000fe00    2000fe00    00000200   00000000    rw- .stack


SECTION ALLOCATION MAP

 output                                  attributes/
section   page    origin      length       input sections
--------  ----  ----------  ----------   ----------------
.intvecs   0    00000000    00000144     
                  00000000    00000144     msp432_startup_ccs.obj (.intvecs)

.text      0    00000144    000003d4     
                  00000144    000000b4     main.obj (.text)
                  000001f8    0000009c     rtsv7M4_T_le_v4SPD16_eabi.lib : memcpy_t2.obj (.text)
                  00000294    0000007a                                   : memset_t2.obj (.text)
                  0000030e    00000002     --HOLE-- [fill = 0]
                  00000310    0000006c                                   : autoinit.obj (.text)
                  0000037c    0000006a                                   : copy_decompress_rle.obj (.text)
                  000003e6    00000002     --HOLE-- [fill = 0]
                  000003e8    00000050                                   : boot.obj (.text)
                  00000438    0000004c                                   : cpy_tbl.obj (.text)
                  00000484    00000044                                   : exit.obj (.text)
                  000004c8    00000018                                   : args_main.obj (.text)
                  000004e0    00000014                                   : _lock.obj (.text)
                  000004f4    0000000e                                   : copy_decompress_none.obj (.text:decompress:none)
                  00000502    0000000c     msp432_startup_ccs.obj (.text)
                  0000050e    00000006     rtsv7M4_T_le_v4SPD16_eabi.lib : copy_decompress_rle.obj (.text:decompress:rle24)
                  00000514    00000004                                   : pre_init.obj (.text)

.cinit     0    00000518    00000020     
                  00000518    0000000f     (.cinit..data.load) [load image, compression = rle]
                  00000527    00000001     --HOLE-- [fill = 0]
                  00000528    00000008     (__TI_handler_table)
                  00000530    00000008     (__TI_cinit_table)

.data      0    20000000    00000014     UNINITIALIZED
                  20000000    00000008     rtsv7M4_T_le_v4SPD16_eabi.lib : _lock.obj (.data)
                  20000008    00000008                                   : exit.obj (.data)
                  20000010    00000004                                   : stkdepth_vars.obj (.data)

.TI.persistent 
*          0    20000000    00000000     UNINITIALIZED

.stack     0    2000fe00    00000200     UNINITIALIZED
                  2000fe00    00000200     --HOLE--


LINKER GENERATED COPY TABLES

__TI_cinit_table @ 00000530 records: 1, size/record: 8, table size: 8
	.data: load addr=00000518, load size=0000000f bytes, run addr=20000000, run size=00000014 bytes, compression=rle


LINKER GENERATED HANDLER TABLE

__TI_handler_table @ 00000528 records: 2, size/record: 4, table size: 8
	index: 0, handler: __TI_decompress_rle24
	index: 1, handler: __TI_decompress_none


GLOBAL SYMBOLS: SORTED ALPHABETICALLY BY Name 

address   name                    
-------   ----                    
00000485  C$$EXIT                 
UNDEFED   SHT$$INIT_ARRAY$$Base   
UNDEFED   SHT$$INIT_ARRAY$$Limit  
4000480c  WDTCTL_SYM              
20010000  __STACK_END             
00000200  __STACK_SIZE            
00000530  __TI_CINIT_Base         
00000538  __TI_CINIT_Limit        
00000528  __TI_Handler_Table_Base 
00000530  __TI_Handler_Table_Limit
00000311  __TI_auto_init          
20000008  __TI_cleanup_ptr        
000004f5  __TI_decompress_none    
0000050f  __TI_decompress_rle24   
2000000c  __TI_dtors_ptr          
00000000  __TI_static_base__      
00000295  __aeabi_memclr          
00000295  __aeabi_memclr4         
00000295  __aeabi_memclr8         
000001f9  __aeabi_memcpy          
000001f9  __aeabi_memcpy4         
000001f9  __aeabi_memcpy8         
00000297  __aeabi_memset          
00000297  __aeabi_memset4         
00000297  __aeabi_memset8         
ffffffff  __binit__               
ffffffff  __c_args__              
2000fe00  __stack                 
000004c9  _args_main              
000003e9  _c_int00                
20000000  _lock                   
000004ef  _nop                    
000004e7  _register_lock          
000004e1  _register_unlock        
00000515  _system_pre_init        
20000004  _unlock                 
00000489  abort                   
ffffffff  binit                   
00000439  copy_in                 
00000491  exit                    
00000000  interruptVectors        
00000145  main                    
20000010  main_func_sp            
000001f9  memcpy                  
0000029d  memset                  


GLOBAL SYMBOLS: SORTED BY Symbol Address 

address   name                    
-------   ----                    
00000000  __TI_static_base__      
00000000  interruptVectors        
00000145  main                    
000001f9  __aeabi_memcpy          
000001f9  __aeabi_memcpy4         
000001f9  __aeabi_memcpy8         
000001f9  memcpy                  
00000200  __STACK_SIZE            
00000295  __aeabi_memclr          
00000295  __aeabi_memclr4         
00000295  __aeabi_memclr8         
00000297  __aeabi_memset          
00000297  __aeabi_memset4         
00000297  __aeabi_memset8         
0000029d  memset                  
00000311  __TI_auto_init          
000003e9  _c_int00                
00000439  copy_in                 
00000485  C$$EXIT                 
00000489  abort                   
00000491  exit                    
000004c9  _args_main              
000004e1  _register_unlock        
000004e7  _register_lock          
000004ef  _nop                    
000004f5  __TI_decompress_none    
0000050f  __TI_decompress_rle24   
00000515  _system_pre_init        
00000528  __TI_Handler_Table_Base 
00000530  __TI_CINIT_Base         
00000530  __TI_Handler_Table_Limit
00000538  __TI_CINIT_Limit        
20000000  _lock                   
20000004  _unlock                 
20000008  __TI_cleanup_ptr        
2000000c  __TI_dtors_ptr          
20000010  main_func_sp            
2000fe00  __stack                 
20010000  __STACK_END             
4000480c  WDTCTL_SYM              
ffffffff  __binit__               
ffffffff  __c_args__              
ffffffff  binit                   
UNDEFED   SHT$$INIT_ARRAY$$Base   
UNDEFED   SHT$$INIT_ARRAY$$Limit  

[45 symbols]
