******************************************************************************
                  TI ARM Linker PC v5.2.6                      
******************************************************************************
>> Linked Sun Apr 28 03:16:38 2019

OUTPUT FILE NAME:   <finalfinaljunior.out>
ENTRY POINT SYMBOL: "_c_int00"  address: 00003dd1


MEMORY CONFIGURATION

         name            origin    length      used     unused   attr    fill
----------------------  --------  ---------  --------  --------  ----  --------
  MAIN                  00000000   00040000  0000439b  0003bc65  R  X
  INFO                  00200000   00004000  00000000  00004000  R  X
  SRAM_CODE             01000000   00010000  00000000  00010000  RW X
  SRAM_DATA             20000000   00010000  0000199c  0000e664  RW  


SEGMENT ALLOCATION MAP

run origin  load origin   length   init length attrs members
----------  ----------- ---------- ----------- ----- -------
00000000    00000000    000043a0   000043a0    r-x
  00000000    00000000    000000e4   000000e4    r-- .intvecs
  000000e4    000000e4    000040de   000040de    r-x .text
  000041c2    000041c2    00000101   00000101    r-- .const
  000042c8    000042c8    000000d8   000000d8    r-- .cinit
20000000    20000000    0000179c   00000000    rw-
  20000000    20000000    00001068   00000000    rw- .bss
  20001068    20001068    00000400   00000000    rw- .sysmem
  20001468    20001468    00000334   00000000    rw- .data
2000fe00    2000fe00    00000200   00000000    rw-
  2000fe00    2000fe00    00000200   00000000    rw- .stack


SECTION ALLOCATION MAP

 output                                  attributes/
section   page    origin      length       input sections
--------  ----  ----------  ----------   ----------------
.intvecs   0    00000000    000000e4     
                  00000000    000000e4     startup_msp432p401r_ccs.obj (.intvecs:retain)

.text      0    000000e4    000040de     
                  000000e4    000010ba     rtsv7M4_T_le_v4SPD16_eabi.lib : _printfi.obj (.text)
                  0000119e    00000002     --HOLE-- [fill = 0]
                  000011a0    00000b7c     main.obj (.text)
                  00001d1c    000003dc     rtsv7M4_T_le_v4SPD16_eabi.lib : memory.obj (.text)
                  000020f8    0000032c     system_msp432p401r.obj (.text)
                  00002424    0000030c     rtsv7M4_T_le_v4SPD16_eabi.lib : lowlev.obj (.text)
                  00002730    000002d4                                   : trgdrv.obj (.text)
                  00002a04    000001f4                                   : ull_div_t2.obj (.text)
                  00002bf8    000001c4                                   : fopen.obj (.text)
                  00002dbc    000001b6                                   : fd_add_t2.obj (.text)
                  00002f72    00000136                                   : fd_div_t2.obj (.text)
                  000030a8    00000134                                   : fputs.obj (.text)
                  000031dc    00000110                                   : xdscale.obj (.text)
                  000032ec    000000fc                                   : fd_mul_t2.obj (.text)
                  000033e8    000000dc                                   : setvbuf.obj (.text)
                  000034c4    000000c8                                   : fflush.obj (.text)
                  0000358c    000000be                                   : xdnorm.obj (.text)
                  0000364a    000000ac                                   : _io_perm.obj (.text)
                  000036f6    0000009c                                   : memcpy_t2.obj (.text)
                  00003792    00000002     --HOLE-- [fill = 0]
                  00003794    00000098                                   : fclose.obj (.text)
                  0000382c    00000098                                   : fputc.obj (.text)
                  000038c4    00000086                                   : fd_cmp_t2.obj (.text:__aeabi_cdcmple)
                  0000394a    00000086                                   : fd_cmp_t2.obj (.text:__aeabi_cdrcmple)
                  000039d0    0000007a                                   : memset_t2.obj (.text)
                  00003a4a    00000002     --HOLE-- [fill = 0]
                  00003a4c    00000070                                   : printf.obj (.text)
                  00003abc    0000006c                                   : autoinit.obj (.text)
                  00003b28    0000006a                                   : copy_decompress_rle.obj (.text)
                  00003b92    00000002     --HOLE-- [fill = 0]
                  00003b94    00000068                                   : trgmsg.obj (.text)
                  00003bfc    00000066                                   : xdunscal.obj (.text)
                  00003c62    00000002     --HOLE-- [fill = 0]
                  00003c64    00000064                                   : fseek.obj (.text)
                  00003cc8    00000060                                   : sprintf.obj (.text)
                  00003d28    00000056                                   : ltoa.obj (.text)
                  00003d7e    00000052                                   : ldexp.obj (.text)
                  00003dd0    00000050                                   : boot.obj (.text)
                  00003e20    0000004c                                   : atoi.obj (.text)
                  00003e6c    0000004c                                   : cpy_tbl.obj (.text)
                  00003eb8    00000048                                   : fd_toi_t2.obj (.text)
                  00003f00    00000044                                   : exit.obj (.text)
                  00003f44    00000040                                   : signal.obj (.text)
                  00003f84    00000034                                   : feraiseexcept.obj (.text)
                  00003fb8    00000030                                   : strncpy.obj (.text)
                  00003fe8    00000030                                   : xdclass.obj (.text)
                  00004018    00000030                                   : xferaise.obj (.text)
                  00004048    0000002e                                   : i_tofd_t2.obj (.text)
                  00004076    0000002e                                   : raise.obj (.text)
                  000040a4    0000002a                                   : frexp.obj (.text)
                  000040ce    00000020                                   : memchr.obj (.text)
                  000040ee    0000001c                                   : memccpy.obj (.text)
                  0000410a    00000002     --HOLE-- [fill = 0]
                  0000410c    00000018                                   : args_main.obj (.text)
                  00004124    00000018                                   : strcmp.obj (.text)
                  0000413c    00000016                                   : strchr.obj (.text)
                  00004152    00000002     --HOLE-- [fill = 0]
                  00004154    00000014                                   : _lock.obj (.text)
                  00004168    00000014                                   : strcpy.obj (.text)
                  0000417c    00000014                                   : strlen.obj (.text)
                  00004190    0000000e                                   : copy_decompress_none.obj (.text:decompress:none)
                  0000419e    0000000e     startup_msp432p401r_ccs.obj (.text)
                  000041ac    0000000c     rtsv7M4_T_le_v4SPD16_eabi.lib : copy_zero_init.obj (.text:decompress:ZI)
                  000041b8    00000006                                   : copy_decompress_rle.obj (.text:decompress:rle24)
                  000041be    00000004                                   : pre_init.obj (.text)

.const     0    000041c2    00000101     
                  000041c2    00000101     rtsv7M4_T_le_v4SPD16_eabi.lib : ctype.obj (.const:.string:_ctypes_)

.cinit     0    000042c8    000000d8     
                  000042c8    000000ad     (.cinit..data.load) [load image, compression = rle]
                  00004375    00000003     --HOLE-- [fill = 0]
                  00004378    0000000c     (__TI_handler_table)
                  00004384    00000004     --HOLE-- [fill = 0]
                  00004388    00000008     (.cinit..bss.load) [load image, compression = zero_init]
                  00004390    00000010     (__TI_cinit_table)

.init_array 
*          0    00000000    00000000     UNINITIALIZED

.bss       0    20000000    00001068     UNINITIALIZED
                  20000000    00000120     rtsv7M4_T_le_v4SPD16_eabi.lib : trgmsg.obj (.bss:__CIOBUF_)
                  20000120    000000a0                                   : defs.obj (.bss:__TI_tmpnams)
                  200001c0    00000064     main.obj (.bss:strR1C1)
                  20000224    00000064     main.obj (.bss:strR1C2)
                  20000288    00000064     main.obj (.bss:strR1C3)
                  200002ec    00000064     main.obj (.bss:strR1C4)
                  20000350    00000064     main.obj (.bss:strR1C5)
                  200003b4    00000064     main.obj (.bss:strR1C6)
                  20000418    00000064     main.obj (.bss:strR2C1)
                  2000047c    00000064     main.obj (.bss:strR2C2)
                  200004e0    00000064     main.obj (.bss:strR2C3)
                  20000544    00000064     main.obj (.bss:strR2C4)
                  200005a8    00000064     main.obj (.bss:strR2C5)
                  2000060c    00000064     main.obj (.bss:strR2C6)
                  20000670    00000064     main.obj (.bss:strR3C1)
                  200006d4    00000064     main.obj (.bss:strR3C2)
                  20000738    00000064     main.obj (.bss:strR3C3)
                  2000079c    00000064     main.obj (.bss:strR3C4)
                  20000800    00000064     main.obj (.bss:strR3C5)
                  20000864    00000064     main.obj (.bss:strR3C6)
                  200008c8    00000064     main.obj (.bss:strR4C1)
                  2000092c    00000064     main.obj (.bss:strR4C2)
                  20000990    00000064     main.obj (.bss:strR4C3)
                  200009f4    00000064     main.obj (.bss:strR4C4)
                  20000a58    00000064     main.obj (.bss:strR4C5)
                  20000abc    00000064     main.obj (.bss:strR4C6)
                  20000b20    00000064     main.obj (.bss:strR5C1)
                  20000b84    00000064     main.obj (.bss:strR5C2)
                  20000be8    00000064     main.obj (.bss:strR5C3)
                  20000c4c    00000064     main.obj (.bss:strR5C4)
                  20000cb0    00000064     main.obj (.bss:strR5C5)
                  20000d14    00000064     main.obj (.bss:strR5C6)
                  20000d78    00000064     main.obj (.bss:strR6C1)
                  20000ddc    00000064     main.obj (.bss:strR6C2)
                  20000e40    00000064     main.obj (.bss:strR6C3)
                  20000ea4    00000064     main.obj (.bss:strR6C4)
                  20000f08    00000064     main.obj (.bss:strR6C5)
                  20000f6c    00000064     main.obj (.bss:strR6C6)
                  20000fd0    00000008     (.common:fADCvarC1)
                  20000fd8    00000008     (.common:fADCvarC2)
                  20000fe0    00000008     (.common:fADCvarC3)
                  20000fe8    00000008     (.common:fADCvarC4)
                  20000ff0    00000008     (.common:fADCvarC5)
                  20000ff8    00000008     (.common:fADCvarC6)
                  20001000    00000008     (.common:fADCvarR1)
                  20001008    00000008     (.common:fADCvarR2)
                  20001010    00000008     (.common:fADCvarR3)
                  20001018    00000008     (.common:fADCvarR4)
                  20001020    00000008     (.common:fADCvarR5)
                  20001028    00000008     (.common:fADCvarR6)
                  20001030    00000008     (.common:parmbuf)
                  20001038    00000004     (.common:ADCvarC1)
                  2000103c    00000004     (.common:ADCvarC2)
                  20001040    00000004     (.common:ADCvarC3)
                  20001044    00000004     (.common:ADCvarC4)
                  20001048    00000004     (.common:ADCvarC5)
                  2000104c    00000004     (.common:ADCvarC6)
                  20001050    00000004     (.common:ADCvarR1)
                  20001054    00000004     (.common:ADCvarR2)
                  20001058    00000004     (.common:ADCvarR3)
                  2000105c    00000004     (.common:ADCvarR4)
                  20001060    00000004     (.common:ADCvarR5)
                  20001064    00000004     (.common:ADCvarR6)

.TI.noinit 
*          0    20000000    00000000     UNINITIALIZED

.sysmem    0    20001068    00000400     UNINITIALIZED
                  20001068    00000008     rtsv7M4_T_le_v4SPD16_eabi.lib : memory.obj (.sysmem)
                  20001070    000003f8     --HOLE--

.data      0    20001468    00000334     UNINITIALIZED
                  20001468    000000f0     rtsv7M4_T_le_v4SPD16_eabi.lib : defs.obj (.data:_ftable)
                  20001558    000000d0                                   : lowlev.obj (.data)
                  20001628    000000b0                                   : signal.obj (.data:sigtable)
                  200016d8    00000080                                   : xvalues.obj (.data)
                  20001758    00000010                                   : defs.obj (.data)
                  20001768    0000000c                                   : memory.obj (.data)
                  20001774    00000008                                   : _lock.obj (.data)
                  2000177c    00000008                                   : exit.obj (.data)
                  20001784    00000008                                   : feraiseexcept.obj (.data)
                  2000178c    00000004                                   : errno.obj (.data)
                  20001790    00000004                                   : fopen.obj (.data)
                  20001794    00000004                                   : stkdepth_vars.obj (.data)
                  20001798    00000004     system_msp432p401r.obj (.data)

.TI.persistent 
*          0    20001468    00000000     UNINITIALIZED

.stack     0    2000fe00    00000200     UNINITIALIZED
                  2000fe00    00000200     --HOLE--


LINKER GENERATED COPY TABLES

__TI_cinit_table @ 00004390 records: 2, size/record: 8, table size: 16
	.data: load addr=000042c8, load size=000000ad bytes, run addr=20001468, run size=00000334 bytes, compression=rle
	.bss: load addr=00004388, load size=00000008 bytes, run addr=20000000, run size=00001068 bytes, compression=zero_init


LINKER GENERATED HANDLER TABLE

__TI_handler_table @ 00004378 records: 3, size/record: 4, table size: 12
	index: 0, handler: __TI_decompress_rle24
	index: 1, handler: __TI_decompress_none
	index: 2, handler: __TI_zero_init


GLOBAL SYMBOLS: SORTED ALPHABETICALLY BY Name 

address   name                    
-------   ----                    
000041ab  ADC14_IRQHandler        
20001038  ADCvarC1                
2000103c  ADCvarC2                
20001040  ADCvarC3                
20001044  ADCvarC4                
20001048  ADCvarC5                
2000104c  ADCvarC6                
20001050  ADCvarR1                
20001054  ADCvarR2                
20001058  ADCvarR3                
2000105c  ADCvarR4                
20001060  ADCvarR5                
20001064  ADCvarR6                
000041ab  AES256_IRQHandler       
000041ab  BusFault_Handler        
00003f01  C$$EXIT                 
00003bc3  C$$IO$$                 
000041ab  COMP_E0_IRQHandler      
000041ab  COMP_E1_IRQHandler      
000041ab  CS_IRQHandler           
000041ab  DMA_ERR_IRQHandler      
000041ab  DMA_INT0_IRQHandler     
000041ab  DMA_INT1_IRQHandler     
000041ab  DMA_INT2_IRQHandler     
000041ab  DMA_INT3_IRQHandler     
000041ab  DebugMon_Handler        
000041ab  Default_Handler         
000041ab  EUSCIA0_IRQHandler      
000041ab  EUSCIA1_IRQHandler      
000041ab  EUSCIA2_IRQHandler      
000041ab  EUSCIA3_IRQHandler      
000041ab  EUSCIB0_IRQHandler      
000041ab  EUSCIB1_IRQHandler      
000041ab  EUSCIB2_IRQHandler      
000041ab  EUSCIB3_IRQHandler      
000041ab  FLCTL_IRQHandler        
000041ab  FPU_IRQHandler          
000029bd  HOSTclock               
00002985  HOSTclose               
00002947  HOSTgetenv              
000028eb  HOSTlseek               
00002899  HOSTopen                
0000284d  HOSTread                
000027ef  HOSTrename              
000027b5  HOSTtime                
0000277d  HOSTunlink              
00002731  HOSTwrite               
000041ab  HardFault_Handler       
000041ab  MemManage_Handler       
000041ab  NMI_Handler             
000041ab  PCM_IRQHandler          
000041ab  PORT1_IRQHandler        
000041ab  PORT2_IRQHandler        
000041ab  PORT3_IRQHandler        
000041ab  PORT4_IRQHandler        
000041ab  PORT5_IRQHandler        
000041ab  PORT6_IRQHandler        
000041ab  PSS_IRQHandler          
000041ab  PendSV_Handler          
000041ab  RTC_C_IRQHandler        
0000419f  Reset_Handler           
UNDEFED   SHT$$INIT_ARRAY$$Base   
UNDEFED   SHT$$INIT_ARRAY$$Limit  
000041ab  SVC_Handler             
000041ab  SysTick_Handler         
20001798  SystemCoreClock         
000020f9  SystemCoreClockUpdate   
0000236d  SystemInit              
000041ab  T32_INT1_IRQHandler     
000041ab  T32_INT2_IRQHandler     
000041ab  T32_INTC_IRQHandler     
000041ab  TA0_0_IRQHandler        
000041ab  TA0_N_IRQHandler        
000041ab  TA1_0_IRQHandler        
000041ab  TA1_N_IRQHandler        
000041ab  TA2_0_IRQHandler        
000041ab  TA2_N_IRQHandler        
000041ab  TA3_0_IRQHandler        
000041ab  TA3_N_IRQHandler        
000041ab  UsageFault_Handler      
4000480c  WDTCTL_SYM              
000041ab  WDT_A_IRQHandler        
00003fe9  _Dclass                 
200016d8  _Denorm                 
0000358d  _Dnorm                  
000031dd  _Dscale                 
00003bfd  _Dunscale               
200016e8  _Eps                    
2000178c  _Errno                  
20001784  _Fenv                   
00004019  _Feraise                
200016f8  _Hugeval                
20001708  _Inf                    
20001718  _Nan                    
20001738  _Rteps                  
20001728  _Snan                   
20001788  _Tls_setup__Fenv        
20001748  _Xbig                   
20001750  _Zero                   
20000000  __CIOBUF_               
20010000  __STACK_END             
00000200  __STACK_SIZE            
00000400  __SYSMEM_SIZE           
00004390  __TI_CINIT_Base         
000043a0  __TI_CINIT_Limit        
00004378  __TI_Handler_Table_Base 
00004384  __TI_Handler_Table_Limit
00003abd  __TI_auto_init          
00002cc1  __TI_cleanup            
2000177c  __TI_cleanup_ptr        
00003795  __TI_closefile          
00004191  __TI_decompress_none    
000041b9  __TI_decompress_rle24   
000034c5  __TI_doflush            
20001780  __TI_dtors_ptr          
20001758  __TI_ft_end             
00000e99  __TI_printfi            
000036ad  __TI_rd_ok              
00003bc7  __TI_readmsg            
00000000  __TI_static_base__      
20000120  __TI_tmpnams            
00003b95  __TI_writemsg           
0000364b  __TI_wrt_ok             
000041ad  __TI_zero_init          
000038c5  __aeabi_cdcmpeq         
000038c5  __aeabi_cdcmple         
0000394b  __aeabi_cdrcmple        
00003eb9  __aeabi_d2iz            
00002dc7  __aeabi_dadd            
00002f73  __aeabi_ddiv            
000032ed  __aeabi_dmul            
00002dbd  __aeabi_dsub            
00004049  __aeabi_i2d             
000039d1  __aeabi_memclr          
000039d1  __aeabi_memclr4         
000039d1  __aeabi_memclr8         
000036f7  __aeabi_memcpy          
000036f7  __aeabi_memcpy4         
000036f7  __aeabi_memcpy8         
000039d3  __aeabi_memset          
000039d3  __aeabi_memset4         
000039d3  __aeabi_memset8         
20001764  __aeabi_stderr          
2000175c  __aeabi_stdin           
20001760  __aeabi_stdout          
00002a05  __aeabi_uldivmod        
ffffffff  __binit__               
ffffffff  __c_args__              
2000fe00  __stack                 
0000410d  _args_main              
00003dd1  _c_int00                
000041c2  _ctypes_                
20001468  _ftable                 
20001774  _lock                   
00004163  _nop                    
0000415b  _register_lock          
00004155  _register_unlock        
20001068  _sys_memory             
000041bf  _system_pre_init        
20001778  _unlock                 
00003f05  abort                   
00002685  add_device              
00003e21  atoi                    
ffffffff  binit                   
000020c5  calloc                  
00002635  close                   
00003e6d  copy_in                 
00003f0d  exit                    
20000fd0  fADCvarC1               
20000fd8  fADCvarC2               
20000fe0  fADCvarC3               
20000fe8  fADCvarC4               
20000ff0  fADCvarC5               
20000ff8  fADCvarC6               
20001000  fADCvarR1               
20001008  fADCvarR2               
20001010  fADCvarR3               
20001018  fADCvarR4               
20001020  fADCvarR5               
20001028  fADCvarR6               
000037fb  fclose                  
00003f85  feraiseexcept           
00003511  fflush                  
00002d17  fopen                   
0000382d  fputc                   
000030a9  fputs                   
00001e13  free                    
00002ced  freopen                 
000040a5  frexp                   
00003c65  fseek                   
00000000  interruptVectors        
00003d7f  ldexp                   
00002611  lseek                   
00003d29  ltoa                    
000011a1  main                    
20001794  main_func_sp            
00001dab  malloc                  
00001fe1  memalign                
000040ef  memccpy                 
000040cf  memchr                  
000036f7  memcpy                  
000039d9  memset                  
00001d1d  minit                   
00002563  open                    
00003a55  printf                  
0000382d  putc                    
000038b1  putchar                 
000031b5  puts                    
00004077  raise                   
0000253f  read                    
00001ed5  realloc                 
000024b5  remove                  
00002517  remove_device           
000024d9  rename                  
000033e9  setvbuf                 
00003f45  signal                  
00003cc9  sprintf                 
200001c0  strR1C1                 
20000224  strR1C2                 
20000288  strR1C3                 
200002ec  strR1C4                 
20000350  strR1C5                 
200003b4  strR1C6                 
20000418  strR2C1                 
2000047c  strR2C2                 
200004e0  strR2C3                 
20000544  strR2C4                 
200005a8  strR2C5                 
2000060c  strR2C6                 
20000670  strR3C1                 
200006d4  strR3C2                 
20000738  strR3C3                 
2000079c  strR3C4                 
20000800  strR3C5                 
20000864  strR3C6                 
200008c8  strR4C1                 
2000092c  strR4C2                 
20000990  strR4C3                 
200009f4  strR4C4                 
20000a58  strR4C5                 
20000abc  strR4C6                 
20000b20  strR5C1                 
20000b84  strR5C2                 
20000be8  strR5C3                 
20000c4c  strR5C4                 
20000cb0  strR5C5                 
20000d14  strR5C6                 
20000d78  strR6C1                 
20000ddc  strR6C2                 
20000e40  strR6C3                 
20000ea4  strR6C4                 
20000f08  strR6C5                 
20000f6c  strR6C6                 
0000413d  strchr                  
00004125  strcmp                  
00004169  strcpy                  
0000417d  strlen                  
00003fb9  strncpy                 
000024b5  unlink                  
00002425  write                   


GLOBAL SYMBOLS: SORTED BY Symbol Address 

address   name                    
-------   ----                    
00000000  __TI_static_base__      
00000000  interruptVectors        
00000200  __STACK_SIZE            
00000400  __SYSMEM_SIZE           
00000e99  __TI_printfi            
000011a1  main                    
00001d1d  minit                   
00001dab  malloc                  
00001e13  free                    
00001ed5  realloc                 
00001fe1  memalign                
000020c5  calloc                  
000020f9  SystemCoreClockUpdate   
0000236d  SystemInit              
00002425  write                   
000024b5  remove                  
000024b5  unlink                  
000024d9  rename                  
00002517  remove_device           
0000253f  read                    
00002563  open                    
00002611  lseek                   
00002635  close                   
00002685  add_device              
00002731  HOSTwrite               
0000277d  HOSTunlink              
000027b5  HOSTtime                
000027ef  HOSTrename              
0000284d  HOSTread                
00002899  HOSTopen                
000028eb  HOSTlseek               
00002947  HOSTgetenv              
00002985  HOSTclose               
000029bd  HOSTclock               
00002a05  __aeabi_uldivmod        
00002cc1  __TI_cleanup            
00002ced  freopen                 
00002d17  fopen                   
00002dbd  __aeabi_dsub            
00002dc7  __aeabi_dadd            
00002f73  __aeabi_ddiv            
000030a9  fputs                   
000031b5  puts                    
000031dd  _Dscale                 
000032ed  __aeabi_dmul            
000033e9  setvbuf                 
000034c5  __TI_doflush            
00003511  fflush                  
0000358d  _Dnorm                  
0000364b  __TI_wrt_ok             
000036ad  __TI_rd_ok              
000036f7  __aeabi_memcpy          
000036f7  __aeabi_memcpy4         
000036f7  __aeabi_memcpy8         
000036f7  memcpy                  
00003795  __TI_closefile          
000037fb  fclose                  
0000382d  fputc                   
0000382d  putc                    
000038b1  putchar                 
000038c5  __aeabi_cdcmpeq         
000038c5  __aeabi_cdcmple         
0000394b  __aeabi_cdrcmple        
000039d1  __aeabi_memclr          
000039d1  __aeabi_memclr4         
000039d1  __aeabi_memclr8         
000039d3  __aeabi_memset          
000039d3  __aeabi_memset4         
000039d3  __aeabi_memset8         
000039d9  memset                  
00003a55  printf                  
00003abd  __TI_auto_init          
00003b95  __TI_writemsg           
00003bc3  C$$IO$$                 
00003bc7  __TI_readmsg            
00003bfd  _Dunscale               
00003c65  fseek                   
00003cc9  sprintf                 
00003d29  ltoa                    
00003d7f  ldexp                   
00003dd1  _c_int00                
00003e21  atoi                    
00003e6d  copy_in                 
00003eb9  __aeabi_d2iz            
00003f01  C$$EXIT                 
00003f05  abort                   
00003f0d  exit                    
00003f45  signal                  
00003f85  feraiseexcept           
00003fb9  strncpy                 
00003fe9  _Dclass                 
00004019  _Feraise                
00004049  __aeabi_i2d             
00004077  raise                   
000040a5  frexp                   
000040cf  memchr                  
000040ef  memccpy                 
0000410d  _args_main              
00004125  strcmp                  
0000413d  strchr                  
00004155  _register_unlock        
0000415b  _register_lock          
00004163  _nop                    
00004169  strcpy                  
0000417d  strlen                  
00004191  __TI_decompress_none    
0000419f  Reset_Handler           
000041ab  ADC14_IRQHandler        
000041ab  AES256_IRQHandler       
000041ab  BusFault_Handler        
000041ab  COMP_E0_IRQHandler      
000041ab  COMP_E1_IRQHandler      
000041ab  CS_IRQHandler           
000041ab  DMA_ERR_IRQHandler      
000041ab  DMA_INT0_IRQHandler     
000041ab  DMA_INT1_IRQHandler     
000041ab  DMA_INT2_IRQHandler     
000041ab  DMA_INT3_IRQHandler     
000041ab  DebugMon_Handler        
000041ab  Default_Handler         
000041ab  EUSCIA0_IRQHandler      
000041ab  EUSCIA1_IRQHandler      
000041ab  EUSCIA2_IRQHandler      
000041ab  EUSCIA3_IRQHandler      
000041ab  EUSCIB0_IRQHandler      
000041ab  EUSCIB1_IRQHandler      
000041ab  EUSCIB2_IRQHandler      
000041ab  EUSCIB3_IRQHandler      
000041ab  FLCTL_IRQHandler        
000041ab  FPU_IRQHandler          
000041ab  HardFault_Handler       
000041ab  MemManage_Handler       
000041ab  NMI_Handler             
000041ab  PCM_IRQHandler          
000041ab  PORT1_IRQHandler        
000041ab  PORT2_IRQHandler        
000041ab  PORT3_IRQHandler        
000041ab  PORT4_IRQHandler        
000041ab  PORT5_IRQHandler        
000041ab  PORT6_IRQHandler        
000041ab  PSS_IRQHandler          
000041ab  PendSV_Handler          
000041ab  RTC_C_IRQHandler        
000041ab  SVC_Handler             
000041ab  SysTick_Handler         
000041ab  T32_INT1_IRQHandler     
000041ab  T32_INT2_IRQHandler     
000041ab  T32_INTC_IRQHandler     
000041ab  TA0_0_IRQHandler        
000041ab  TA0_N_IRQHandler        
000041ab  TA1_0_IRQHandler        
000041ab  TA1_N_IRQHandler        
000041ab  TA2_0_IRQHandler        
000041ab  TA2_N_IRQHandler        
000041ab  TA3_0_IRQHandler        
000041ab  TA3_N_IRQHandler        
000041ab  UsageFault_Handler      
000041ab  WDT_A_IRQHandler        
000041ad  __TI_zero_init          
000041b9  __TI_decompress_rle24   
000041bf  _system_pre_init        
000041c2  _ctypes_                
00004378  __TI_Handler_Table_Base 
00004384  __TI_Handler_Table_Limit
00004390  __TI_CINIT_Base         
000043a0  __TI_CINIT_Limit        
20000000  __CIOBUF_               
20000120  __TI_tmpnams            
200001c0  strR1C1                 
20000224  strR1C2                 
20000288  strR1C3                 
200002ec  strR1C4                 
20000350  strR1C5                 
200003b4  strR1C6                 
20000418  strR2C1                 
2000047c  strR2C2                 
200004e0  strR2C3                 
20000544  strR2C4                 
200005a8  strR2C5                 
2000060c  strR2C6                 
20000670  strR3C1                 
200006d4  strR3C2                 
20000738  strR3C3                 
2000079c  strR3C4                 
20000800  strR3C5                 
20000864  strR3C6                 
200008c8  strR4C1                 
2000092c  strR4C2                 
20000990  strR4C3                 
200009f4  strR4C4                 
20000a58  strR4C5                 
20000abc  strR4C6                 
20000b20  strR5C1                 
20000b84  strR5C2                 
20000be8  strR5C3                 
20000c4c  strR5C4                 
20000cb0  strR5C5                 
20000d14  strR5C6                 
20000d78  strR6C1                 
20000ddc  strR6C2                 
20000e40  strR6C3                 
20000ea4  strR6C4                 
20000f08  strR6C5                 
20000f6c  strR6C6                 
20000fd0  fADCvarC1               
20000fd8  fADCvarC2               
20000fe0  fADCvarC3               
20000fe8  fADCvarC4               
20000ff0  fADCvarC5               
20000ff8  fADCvarC6               
20001000  fADCvarR1               
20001008  fADCvarR2               
20001010  fADCvarR3               
20001018  fADCvarR4               
20001020  fADCvarR5               
20001028  fADCvarR6               
20001038  ADCvarC1                
2000103c  ADCvarC2                
20001040  ADCvarC3                
20001044  ADCvarC4                
20001048  ADCvarC5                
2000104c  ADCvarC6                
20001050  ADCvarR1                
20001054  ADCvarR2                
20001058  ADCvarR3                
2000105c  ADCvarR4                
20001060  ADCvarR5                
20001064  ADCvarR6                
20001068  _sys_memory             
20001468  _ftable                 
200016d8  _Denorm                 
200016e8  _Eps                    
200016f8  _Hugeval                
20001708  _Inf                    
20001718  _Nan                    
20001728  _Snan                   
20001738  _Rteps                  
20001748  _Xbig                   
20001750  _Zero                   
20001758  __TI_ft_end             
2000175c  __aeabi_stdin           
20001760  __aeabi_stdout          
20001764  __aeabi_stderr          
20001774  _lock                   
20001778  _unlock                 
2000177c  __TI_cleanup_ptr        
20001780  __TI_dtors_ptr          
20001784  _Fenv                   
20001788  _Tls_setup__Fenv        
2000178c  _Errno                  
20001794  main_func_sp            
20001798  SystemCoreClock         
2000fe00  __stack                 
20010000  __STACK_END             
4000480c  WDTCTL_SYM              
ffffffff  __binit__               
ffffffff  __c_args__              
ffffffff  binit                   
UNDEFED   SHT$$INIT_ARRAY$$Base   
UNDEFED   SHT$$INIT_ARRAY$$Limit  

[260 symbols]
