******************************************************************************
                  TI ARM Linker PC v5.2.6                      
******************************************************************************
>> Linked Fri Apr 12 14:43:44 2019

OUTPUT FILE NAME:   <juniora.out>
ENTRY POINT SYMBOL: "_c_int00"  address: 00003199


MEMORY CONFIGURATION

         name            origin    length      used     unused   attr    fill
----------------------  --------  ---------  --------  --------  ----  --------
  MAIN                  00000000   00040000  00003759  0003c8a7  R  X
  INFO                  00200000   00004000  00000000  00004000  R  X
  SRAM_CODE             01000000   00010000  00000000  00010000  RW X
  SRAM_DATA             20000000   00010000  00000eb8  0000f148  RW  


SEGMENT ALLOCATION MAP

run origin  load origin   length   init length attrs members
----------  ----------- ---------- ----------- ----- -------
00000000    00000000    00003760   00003760    r-x
  00000000    00000000    00000144   00000144    r-- .intvecs
  00000144    00000144    00003444   00003444    r-x .text
  00003588    00003588    00000101   00000101    r-- .const
  00003690    00003690    000000d0   000000d0    r-- .cinit
20000000    20000000    00000ab8   00000000    rw-
  20000000    20000000    00000400   00000000    rw- .sysmem
  20000400    20000400    00000388   00000000    rw- .bss
  20000788    20000788    00000330   00000000    rw- .data
2000fc00    2000fc00    00000400   00000000    rw-
  2000fc00    2000fc00    00000400   00000000    rw- .stack


SECTION ALLOCATION MAP

 output                                  attributes/
section   page    origin      length       input sections
--------  ----  ----------  ----------   ----------------
.intvecs   0    00000000    00000144     
                  00000000    00000144     msp432_startup_ccs.obj (.intvecs)

.text      0    00000144    00003444     
                  00000144    000010ba     rtsv7M4_T_le_v4SPD16_eabi.lib : _printfi.obj (.text)
                  000011fe    00000002     --HOLE-- [fill = 0]
                  00001200    000003dc                                   : memory.obj (.text)
                  000015dc    0000030c                                   : lowlev.obj (.text)
                  000018e8    000002d4                                   : trgdrv.obj (.text)
                  00001bbc    00000210     main.obj (.text)
                  00001dcc    000001f4     rtsv7M4_T_le_v4SPD16_eabi.lib : ull_div_t2.obj (.text)
                  00001fc0    000001c4                                   : fopen.obj (.text)
                  00002184    000001b6                                   : fd_add_t2.obj (.text)
                  0000233a    00000136                                   : fd_div_t2.obj (.text)
                  00002470    00000134                                   : fputs.obj (.text)
                  000025a4    00000110                                   : xdscale.obj (.text)
                  000026b4    000000fc                                   : fd_mul_t2.obj (.text)
                  000027b0    000000dc                                   : setvbuf.obj (.text)
                  0000288c    000000c8                                   : fflush.obj (.text)
                  00002954    000000be                                   : xdnorm.obj (.text)
                  00002a12    000000ac                                   : _io_perm.obj (.text)
                  00002abe    0000009c                                   : memcpy_t2.obj (.text)
                  00002b5a    00000002     --HOLE-- [fill = 0]
                  00002b5c    00000098                                   : fclose.obj (.text)
                  00002bf4    00000098                                   : fputc.obj (.text)
                  00002c8c    00000086                                   : fd_cmp_t2.obj (.text:__aeabi_cdcmple)
                  00002d12    00000086                                   : fd_cmp_t2.obj (.text:__aeabi_cdrcmple)
                  00002d98    0000007a                                   : memset_t2.obj (.text)
                  00002e12    00000002     --HOLE-- [fill = 0]
                  00002e14    00000070                                   : printf.obj (.text)
                  00002e84    0000006c                                   : autoinit.obj (.text)
                  00002ef0    0000006a                                   : copy_decompress_rle.obj (.text)
                  00002f5a    00000002     --HOLE-- [fill = 0]
                  00002f5c    00000068                                   : trgmsg.obj (.text)
                  00002fc4    00000066                                   : xdunscal.obj (.text)
                  0000302a    00000002     --HOLE-- [fill = 0]
                  0000302c    00000064                                   : fseek.obj (.text)
                  00003090    00000060                                   : sprintf.obj (.text)
                  000030f0    00000056                                   : ltoa.obj (.text)
                  00003146    00000052                                   : ldexp.obj (.text)
                  00003198    00000050                                   : boot.obj (.text)
                  000031e8    0000004c                                   : atoi.obj (.text)
                  00003234    0000004c                                   : cpy_tbl.obj (.text)
                  00003280    00000048                                   : fd_toi_t2.obj (.text)
                  000032c8    00000044                                   : exit.obj (.text)
                  0000330c    00000040                                   : signal.obj (.text)
                  0000334c    00000034                                   : feraiseexcept.obj (.text)
                  00003380    00000030                                   : strncpy.obj (.text)
                  000033b0    00000030                                   : xdclass.obj (.text)
                  000033e0    00000030                                   : xferaise.obj (.text)
                  00003410    0000002e                                   : i_tofd_t2.obj (.text)
                  0000343e    0000002e                                   : raise.obj (.text)
                  0000346c    0000002a                                   : frexp.obj (.text)
                  00003496    00000020                                   : memchr.obj (.text)
                  000034b6    0000001c                                   : memccpy.obj (.text)
                  000034d2    00000002     --HOLE-- [fill = 0]
                  000034d4    00000018                                   : args_main.obj (.text)
                  000034ec    00000018                                   : strcmp.obj (.text)
                  00003504    00000016                                   : strchr.obj (.text)
                  0000351a    00000002     --HOLE-- [fill = 0]
                  0000351c    00000014                                   : _lock.obj (.text)
                  00003530    00000014                                   : strcpy.obj (.text)
                  00003544    00000014                                   : strlen.obj (.text)
                  00003558    0000000e                                   : copy_decompress_none.obj (.text:decompress:none)
                  00003566    0000000c                                   : copy_zero_init.obj (.text:decompress:ZI)
                  00003572    0000000c     msp432_startup_ccs.obj (.text)
                  0000357e    00000006     rtsv7M4_T_le_v4SPD16_eabi.lib : copy_decompress_rle.obj (.text:decompress:rle24)
                  00003584    00000004                                   : pre_init.obj (.text)

.const     0    00003588    00000101     
                  00003588    00000101     rtsv7M4_T_le_v4SPD16_eabi.lib : ctype.obj (.const:.string:_ctypes_)

.cinit     0    00003690    000000d0     
                  00003690    000000a7     (.cinit..data.load) [load image, compression = rle]
                  00003737    00000001     --HOLE-- [fill = 0]
                  00003738    0000000c     (__TI_handler_table)
                  00003744    00000004     --HOLE-- [fill = 0]
                  00003748    00000008     (.cinit..bss.load) [load image, compression = zero_init]
                  00003750    00000010     (__TI_cinit_table)

.sysmem    0    20000000    00000400     UNINITIALIZED
                  20000000    00000008     rtsv7M4_T_le_v4SPD16_eabi.lib : memory.obj (.sysmem)
                  20000008    000003f8     --HOLE--

.bss       0    20000400    00000388     UNINITIALIZED
                  20000400    00000120     rtsv7M4_T_le_v4SPD16_eabi.lib : trgmsg.obj (.bss:__CIOBUF_)
                  20000520    000000a0                                   : defs.obj (.bss:__TI_tmpnams)
                  200005c0    00000064     main.obj (.bss:strR1C1)
                  20000624    00000064     main.obj (.bss:strR1C2)
                  20000688    00000064     main.obj (.bss:strR2C1)
                  200006ec    00000064     main.obj (.bss:strR2C2)
                  20000750    00000008     (.common:fADCvarC1)
                  20000758    00000008     (.common:fADCvarC2)
                  20000760    00000008     (.common:fADCvarR1)
                  20000768    00000008     (.common:fADCvarR2)
                  20000770    00000008     (.common:parmbuf)
                  20000778    00000004     (.common:ADCvarC1)
                  2000077c    00000004     (.common:ADCvarC2)
                  20000780    00000004     (.common:ADCvarR1)
                  20000784    00000004     (.common:ADCvarR2)

.TI.noinit 
*          0    20000400    00000000     UNINITIALIZED

.data      0    20000788    00000330     UNINITIALIZED
                  20000788    000000f0     rtsv7M4_T_le_v4SPD16_eabi.lib : defs.obj (.data:_ftable)
                  20000878    000000d0                                   : lowlev.obj (.data)
                  20000948    000000b0                                   : signal.obj (.data:sigtable)
                  200009f8    00000080                                   : xvalues.obj (.data)
                  20000a78    00000010                                   : defs.obj (.data)
                  20000a88    0000000c                                   : memory.obj (.data)
                  20000a94    00000008                                   : _lock.obj (.data)
                  20000a9c    00000008                                   : exit.obj (.data)
                  20000aa4    00000008                                   : feraiseexcept.obj (.data)
                  20000aac    00000004                                   : errno.obj (.data)
                  20000ab0    00000004                                   : fopen.obj (.data)
                  20000ab4    00000004                                   : stkdepth_vars.obj (.data)

.TI.persistent 
*          0    20000788    00000000     UNINITIALIZED

.stack     0    2000fc00    00000400     UNINITIALIZED
                  2000fc00    00000400     --HOLE--


LINKER GENERATED COPY TABLES

__TI_cinit_table @ 00003750 records: 2, size/record: 8, table size: 16
	.data: load addr=00003690, load size=000000a7 bytes, run addr=20000788, run size=00000330 bytes, compression=rle
	.bss: load addr=00003748, load size=00000008 bytes, run addr=20000400, run size=00000388 bytes, compression=zero_init


LINKER GENERATED HANDLER TABLE

__TI_handler_table @ 00003738 records: 3, size/record: 4, table size: 12
	index: 0, handler: __TI_decompress_rle24
	index: 1, handler: __TI_decompress_none
	index: 2, handler: __TI_zero_init


GLOBAL SYMBOLS: SORTED ALPHABETICALLY BY Name 

address   name                    
-------   ----                    
20000778  ADCvarC1                
2000077c  ADCvarC2                
20000780  ADCvarR1                
20000784  ADCvarR2                
000032c9  C$$EXIT                 
00002f8b  C$$IO$$                 
00001b75  HOSTclock               
00001b3d  HOSTclose               
00001aff  HOSTgetenv              
00001aa3  HOSTlseek               
00001a51  HOSTopen                
00001a05  HOSTread                
000019a7  HOSTrename              
0000196d  HOSTtime                
00001935  HOSTunlink              
000018e9  HOSTwrite               
UNDEFED   SHT$$INIT_ARRAY$$Base   
UNDEFED   SHT$$INIT_ARRAY$$Limit  
4000480c  WDTCTL_SYM              
000033b1  _Dclass                 
200009f8  _Denorm                 
00002955  _Dnorm                  
000025a5  _Dscale                 
00002fc5  _Dunscale               
20000a08  _Eps                    
20000aac  _Errno                  
20000aa4  _Fenv                   
000033e1  _Feraise                
20000a18  _Hugeval                
20000a28  _Inf                    
20000a38  _Nan                    
20000a58  _Rteps                  
20000a48  _Snan                   
20000aa8  _Tls_setup__Fenv        
20000a68  _Xbig                   
20000a70  _Zero                   
20000400  __CIOBUF_               
20010000  __STACK_END             
00000400  __STACK_SIZE            
00000400  __SYSMEM_SIZE           
00003750  __TI_CINIT_Base         
00003760  __TI_CINIT_Limit        
00003738  __TI_Handler_Table_Base 
00003744  __TI_Handler_Table_Limit
00002e85  __TI_auto_init          
00002089  __TI_cleanup            
20000a9c  __TI_cleanup_ptr        
00002b5d  __TI_closefile          
00003559  __TI_decompress_none    
0000357f  __TI_decompress_rle24   
0000288d  __TI_doflush            
20000aa0  __TI_dtors_ptr          
20000a78  __TI_ft_end             
00000ef9  __TI_printfi            
00002a75  __TI_rd_ok              
00002f8f  __TI_readmsg            
00000000  __TI_static_base__      
20000520  __TI_tmpnams            
00002f5d  __TI_writemsg           
00002a13  __TI_wrt_ok             
00003567  __TI_zero_init          
00002c8d  __aeabi_cdcmpeq         
00002c8d  __aeabi_cdcmple         
00002d13  __aeabi_cdrcmple        
00003281  __aeabi_d2iz            
0000218f  __aeabi_dadd            
0000233b  __aeabi_ddiv            
000026b5  __aeabi_dmul            
00002185  __aeabi_dsub            
00003411  __aeabi_i2d             
00002d99  __aeabi_memclr          
00002d99  __aeabi_memclr4         
00002d99  __aeabi_memclr8         
00002abf  __aeabi_memcpy          
00002abf  __aeabi_memcpy4         
00002abf  __aeabi_memcpy8         
00002d9b  __aeabi_memset          
00002d9b  __aeabi_memset4         
00002d9b  __aeabi_memset8         
20000a84  __aeabi_stderr          
20000a7c  __aeabi_stdin           
20000a80  __aeabi_stdout          
00001dcd  __aeabi_uldivmod        
ffffffff  __binit__               
ffffffff  __c_args__              
2000fc00  __stack                 
000034d5  _args_main              
00003199  _c_int00                
00003588  _ctypes_                
20000788  _ftable                 
20000a94  _lock                   
0000352b  _nop                    
00003523  _register_lock          
0000351d  _register_unlock        
20000000  _sys_memory             
00003585  _system_pre_init        
20000a98  _unlock                 
000032cd  abort                   
0000183d  add_device              
000031e9  atoi                    
ffffffff  binit                   
000015a9  calloc                  
000017ed  close                   
00003235  copy_in                 
000032d5  exit                    
20000750  fADCvarC1               
20000758  fADCvarC2               
20000760  fADCvarR1               
20000768  fADCvarR2               
00002bc3  fclose                  
0000334d  feraiseexcept           
000028d9  fflush                  
000020df  fopen                   
00002bf5  fputc                   
00002471  fputs                   
000012f7  free                    
000020b5  freopen                 
0000346d  frexp                   
0000302d  fseek                   
00000000  interruptVectors        
00003147  ldexp                   
000017c9  lseek                   
000030f1  ltoa                    
00001bbd  main                    
20000ab4  main_func_sp            
0000128f  malloc                  
000014c5  memalign                
000034b7  memccpy                 
00003497  memchr                  
00002abf  memcpy                  
00002da1  memset                  
00001201  minit                   
0000171b  open                    
00002e1d  printf                  
00002bf5  putc                    
00002c79  putchar                 
0000257d  puts                    
0000343f  raise                   
000016f7  read                    
000013b9  realloc                 
0000166d  remove                  
000016cf  remove_device           
00001691  rename                  
000027b1  setvbuf                 
0000330d  signal                  
00003091  sprintf                 
200005c0  strR1C1                 
20000624  strR1C2                 
20000688  strR2C1                 
200006ec  strR2C2                 
00003505  strchr                  
000034ed  strcmp                  
00003531  strcpy                  
00003545  strlen                  
00003381  strncpy                 
0000166d  unlink                  
000015dd  write                   


GLOBAL SYMBOLS: SORTED BY Symbol Address 

address   name                    
-------   ----                    
00000000  __TI_static_base__      
00000000  interruptVectors        
00000400  __STACK_SIZE            
00000400  __SYSMEM_SIZE           
00000ef9  __TI_printfi            
00001201  minit                   
0000128f  malloc                  
000012f7  free                    
000013b9  realloc                 
000014c5  memalign                
000015a9  calloc                  
000015dd  write                   
0000166d  remove                  
0000166d  unlink                  
00001691  rename                  
000016cf  remove_device           
000016f7  read                    
0000171b  open                    
000017c9  lseek                   
000017ed  close                   
0000183d  add_device              
000018e9  HOSTwrite               
00001935  HOSTunlink              
0000196d  HOSTtime                
000019a7  HOSTrename              
00001a05  HOSTread                
00001a51  HOSTopen                
00001aa3  HOSTlseek               
00001aff  HOSTgetenv              
00001b3d  HOSTclose               
00001b75  HOSTclock               
00001bbd  main                    
00001dcd  __aeabi_uldivmod        
00002089  __TI_cleanup            
000020b5  freopen                 
000020df  fopen                   
00002185  __aeabi_dsub            
0000218f  __aeabi_dadd            
0000233b  __aeabi_ddiv            
00002471  fputs                   
0000257d  puts                    
000025a5  _Dscale                 
000026b5  __aeabi_dmul            
000027b1  setvbuf                 
0000288d  __TI_doflush            
000028d9  fflush                  
00002955  _Dnorm                  
00002a13  __TI_wrt_ok             
00002a75  __TI_rd_ok              
00002abf  __aeabi_memcpy          
00002abf  __aeabi_memcpy4         
00002abf  __aeabi_memcpy8         
00002abf  memcpy                  
00002b5d  __TI_closefile          
00002bc3  fclose                  
00002bf5  fputc                   
00002bf5  putc                    
00002c79  putchar                 
00002c8d  __aeabi_cdcmpeq         
00002c8d  __aeabi_cdcmple         
00002d13  __aeabi_cdrcmple        
00002d99  __aeabi_memclr          
00002d99  __aeabi_memclr4         
00002d99  __aeabi_memclr8         
00002d9b  __aeabi_memset          
00002d9b  __aeabi_memset4         
00002d9b  __aeabi_memset8         
00002da1  memset                  
00002e1d  printf                  
00002e85  __TI_auto_init          
00002f5d  __TI_writemsg           
00002f8b  C$$IO$$                 
00002f8f  __TI_readmsg            
00002fc5  _Dunscale               
0000302d  fseek                   
00003091  sprintf                 
000030f1  ltoa                    
00003147  ldexp                   
00003199  _c_int00                
000031e9  atoi                    
00003235  copy_in                 
00003281  __aeabi_d2iz            
000032c9  C$$EXIT                 
000032cd  abort                   
000032d5  exit                    
0000330d  signal                  
0000334d  feraiseexcept           
00003381  strncpy                 
000033b1  _Dclass                 
000033e1  _Feraise                
00003411  __aeabi_i2d             
0000343f  raise                   
0000346d  frexp                   
00003497  memchr                  
000034b7  memccpy                 
000034d5  _args_main              
000034ed  strcmp                  
00003505  strchr                  
0000351d  _register_unlock        
00003523  _register_lock          
0000352b  _nop                    
00003531  strcpy                  
00003545  strlen                  
00003559  __TI_decompress_none    
00003567  __TI_zero_init          
0000357f  __TI_decompress_rle24   
00003585  _system_pre_init        
00003588  _ctypes_                
00003738  __TI_Handler_Table_Base 
00003744  __TI_Handler_Table_Limit
00003750  __TI_CINIT_Base         
00003760  __TI_CINIT_Limit        
20000000  _sys_memory             
20000400  __CIOBUF_               
20000520  __TI_tmpnams            
200005c0  strR1C1                 
20000624  strR1C2                 
20000688  strR2C1                 
200006ec  strR2C2                 
20000750  fADCvarC1               
20000758  fADCvarC2               
20000760  fADCvarR1               
20000768  fADCvarR2               
20000778  ADCvarC1                
2000077c  ADCvarC2                
20000780  ADCvarR1                
20000784  ADCvarR2                
20000788  _ftable                 
200009f8  _Denorm                 
20000a08  _Eps                    
20000a18  _Hugeval                
20000a28  _Inf                    
20000a38  _Nan                    
20000a48  _Snan                   
20000a58  _Rteps                  
20000a68  _Xbig                   
20000a70  _Zero                   
20000a78  __TI_ft_end             
20000a7c  __aeabi_stdin           
20000a80  __aeabi_stdout          
20000a84  __aeabi_stderr          
20000a94  _lock                   
20000a98  _unlock                 
20000a9c  __TI_cleanup_ptr        
20000aa0  __TI_dtors_ptr          
20000aa4  _Fenv                   
20000aa8  _Tls_setup__Fenv        
20000aac  _Errno                  
20000ab4  main_func_sp            
2000fc00  __stack                 
20010000  __STACK_END             
4000480c  WDTCTL_SYM              
ffffffff  __binit__               
ffffffff  __c_args__              
ffffffff  binit                   
UNDEFED   SHT$$INIT_ARRAY$$Base   
UNDEFED   SHT$$INIT_ARRAY$$Limit  

[157 symbols]
