<?xml version="1.0"?>
<link_info>
   <banner>TI ARM Linker PC v5.2.6</banner>
   <copyright>Copyright (c) 1996-2015 Texas Instruments Incorporated</copyright>
   <link_time>0x5cb0ea70</link_time>
   <link_errors>0x0</link_errors>
   <output_file>juniora.out</output_file>
   <entry_point>
      <name>_c_int00</name>
      <address>0x3199</address>
   </entry_point>
   <input_file_list>
      <input_file id="fl-2">
         <path>.\</path>
         <kind>object</kind>
         <file>main.obj</file>
         <name>main.obj</name>
      </input_file>
      <input_file id="fl-3">
         <path>.\</path>
         <kind>object</kind>
         <file>msp432_startup_ccs.obj</file>
         <name>msp432_startup_ccs.obj</name>
      </input_file>
      <input_file id="fl-129">
         <path>C:\ti\ccsv6\tools\compiler\ti-cgt-arm_5.2.6\lib\</path>
         <kind>archive</kind>
         <file>rtsv7M4_T_le_v4SPD16_eabi.lib</file>
         <name>boot.obj</name>
      </input_file>
      <input_file id="fl-12a">
         <path>C:\ti\ccsv6\tools\compiler\ti-cgt-arm_5.2.6\lib\</path>
         <kind>archive</kind>
         <file>rtsv7M4_T_le_v4SPD16_eabi.lib</file>
         <name>copy_decompress_none.obj</name>
      </input_file>
      <input_file id="fl-12b">
         <path>C:\ti\ccsv6\tools\compiler\ti-cgt-arm_5.2.6\lib\</path>
         <kind>archive</kind>
         <file>rtsv7M4_T_le_v4SPD16_eabi.lib</file>
         <name>copy_decompress_rle.obj</name>
      </input_file>
      <input_file id="fl-12c">
         <path>C:\ti\ccsv6\tools\compiler\ti-cgt-arm_5.2.6\lib\</path>
         <kind>archive</kind>
         <file>rtsv7M4_T_le_v4SPD16_eabi.lib</file>
         <name>copy_zero_init.obj</name>
      </input_file>
      <input_file id="fl-12d">
         <path>C:\ti\ccsv6\tools\compiler\ti-cgt-arm_5.2.6\lib\</path>
         <kind>archive</kind>
         <file>rtsv7M4_T_le_v4SPD16_eabi.lib</file>
         <name>exit.obj</name>
      </input_file>
      <input_file id="fl-12e">
         <path>C:\ti\ccsv6\tools\compiler\ti-cgt-arm_5.2.6\lib\</path>
         <kind>archive</kind>
         <file>rtsv7M4_T_le_v4SPD16_eabi.lib</file>
         <name>fd_add_t2.obj</name>
      </input_file>
      <input_file id="fl-12f">
         <path>C:\ti\ccsv6\tools\compiler\ti-cgt-arm_5.2.6\lib\</path>
         <kind>archive</kind>
         <file>rtsv7M4_T_le_v4SPD16_eabi.lib</file>
         <name>fd_div_t2.obj</name>
      </input_file>
      <input_file id="fl-130">
         <path>C:\ti\ccsv6\tools\compiler\ti-cgt-arm_5.2.6\lib\</path>
         <kind>archive</kind>
         <file>rtsv7M4_T_le_v4SPD16_eabi.lib</file>
         <name>fd_mul_t2.obj</name>
      </input_file>
      <input_file id="fl-131">
         <path>C:\ti\ccsv6\tools\compiler\ti-cgt-arm_5.2.6\lib\</path>
         <kind>archive</kind>
         <file>rtsv7M4_T_le_v4SPD16_eabi.lib</file>
         <name>i_tofd_t2.obj</name>
      </input_file>
      <input_file id="fl-132">
         <path>C:\ti\ccsv6\tools\compiler\ti-cgt-arm_5.2.6\lib\</path>
         <kind>archive</kind>
         <file>rtsv7M4_T_le_v4SPD16_eabi.lib</file>
         <name>memcpy_t2.obj</name>
      </input_file>
      <input_file id="fl-133">
         <path>C:\ti\ccsv6\tools\compiler\ti-cgt-arm_5.2.6\lib\</path>
         <kind>archive</kind>
         <file>rtsv7M4_T_le_v4SPD16_eabi.lib</file>
         <name>memset_t2.obj</name>
      </input_file>
      <input_file id="fl-134">
         <path>C:\ti\ccsv6\tools\compiler\ti-cgt-arm_5.2.6\lib\</path>
         <kind>archive</kind>
         <file>rtsv7M4_T_le_v4SPD16_eabi.lib</file>
         <name>pre_init.obj</name>
      </input_file>
      <input_file id="fl-135">
         <path>C:\ti\ccsv6\tools\compiler\ti-cgt-arm_5.2.6\lib\</path>
         <kind>archive</kind>
         <file>rtsv7M4_T_le_v4SPD16_eabi.lib</file>
         <name>printf.obj</name>
      </input_file>
      <input_file id="fl-136">
         <path>C:\ti\ccsv6\tools\compiler\ti-cgt-arm_5.2.6\lib\</path>
         <kind>archive</kind>
         <file>rtsv7M4_T_le_v4SPD16_eabi.lib</file>
         <name>sprintf.obj</name>
      </input_file>
      <input_file id="fl-137">
         <path>C:\ti\ccsv6\tools\compiler\ti-cgt-arm_5.2.6\lib\</path>
         <kind>archive</kind>
         <file>rtsv7M4_T_le_v4SPD16_eabi.lib</file>
         <name>stkdepth_vars.obj</name>
      </input_file>
      <input_file id="fl-138">
         <path>C:\ti\ccsv6\tools\compiler\ti-cgt-arm_5.2.6\lib\</path>
         <kind>archive</kind>
         <file>rtsv7M4_T_le_v4SPD16_eabi.lib</file>
         <name>_lock.obj</name>
      </input_file>
      <input_file id="fl-139">
         <path>C:\ti\ccsv6\tools\compiler\ti-cgt-arm_5.2.6\lib\</path>
         <kind>archive</kind>
         <file>rtsv7M4_T_le_v4SPD16_eabi.lib</file>
         <name>_printfi.obj</name>
      </input_file>
      <input_file id="fl-13a">
         <path>C:\ti\ccsv6\tools\compiler\ti-cgt-arm_5.2.6\lib\</path>
         <kind>archive</kind>
         <file>rtsv7M4_T_le_v4SPD16_eabi.lib</file>
         <name>args_main.obj</name>
      </input_file>
      <input_file id="fl-13b">
         <path>C:\ti\ccsv6\tools\compiler\ti-cgt-arm_5.2.6\lib\</path>
         <kind>archive</kind>
         <file>rtsv7M4_T_le_v4SPD16_eabi.lib</file>
         <name>atoi.obj</name>
      </input_file>
      <input_file id="fl-13c">
         <path>C:\ti\ccsv6\tools\compiler\ti-cgt-arm_5.2.6\lib\</path>
         <kind>archive</kind>
         <file>rtsv7M4_T_le_v4SPD16_eabi.lib</file>
         <name>autoinit.obj</name>
      </input_file>
      <input_file id="fl-13d">
         <path>C:\ti\ccsv6\tools\compiler\ti-cgt-arm_5.2.6\lib\</path>
         <kind>archive</kind>
         <file>rtsv7M4_T_le_v4SPD16_eabi.lib</file>
         <name>cpy_tbl.obj</name>
      </input_file>
      <input_file id="fl-13e">
         <path>C:\ti\ccsv6\tools\compiler\ti-cgt-arm_5.2.6\lib\</path>
         <kind>archive</kind>
         <file>rtsv7M4_T_le_v4SPD16_eabi.lib</file>
         <name>ctype.obj</name>
      </input_file>
      <input_file id="fl-13f">
         <path>C:\ti\ccsv6\tools\compiler\ti-cgt-arm_5.2.6\lib\</path>
         <kind>archive</kind>
         <file>rtsv7M4_T_le_v4SPD16_eabi.lib</file>
         <name>defs.obj</name>
      </input_file>
      <input_file id="fl-140">
         <path>C:\ti\ccsv6\tools\compiler\ti-cgt-arm_5.2.6\lib\</path>
         <kind>archive</kind>
         <file>rtsv7M4_T_le_v4SPD16_eabi.lib</file>
         <name>fd_cmp_t2.obj</name>
      </input_file>
      <input_file id="fl-141">
         <path>C:\ti\ccsv6\tools\compiler\ti-cgt-arm_5.2.6\lib\</path>
         <kind>archive</kind>
         <file>rtsv7M4_T_le_v4SPD16_eabi.lib</file>
         <name>fd_toi_t2.obj</name>
      </input_file>
      <input_file id="fl-142">
         <path>C:\ti\ccsv6\tools\compiler\ti-cgt-arm_5.2.6\lib\</path>
         <kind>archive</kind>
         <file>rtsv7M4_T_le_v4SPD16_eabi.lib</file>
         <name>fputc.obj</name>
      </input_file>
      <input_file id="fl-143">
         <path>C:\ti\ccsv6\tools\compiler\ti-cgt-arm_5.2.6\lib\</path>
         <kind>archive</kind>
         <file>rtsv7M4_T_le_v4SPD16_eabi.lib</file>
         <name>fputs.obj</name>
      </input_file>
      <input_file id="fl-144">
         <path>C:\ti\ccsv6\tools\compiler\ti-cgt-arm_5.2.6\lib\</path>
         <kind>archive</kind>
         <file>rtsv7M4_T_le_v4SPD16_eabi.lib</file>
         <name>frexp.obj</name>
      </input_file>
      <input_file id="fl-145">
         <path>C:\ti\ccsv6\tools\compiler\ti-cgt-arm_5.2.6\lib\</path>
         <kind>archive</kind>
         <file>rtsv7M4_T_le_v4SPD16_eabi.lib</file>
         <name>ldexp.obj</name>
      </input_file>
      <input_file id="fl-146">
         <path>C:\ti\ccsv6\tools\compiler\ti-cgt-arm_5.2.6\lib\</path>
         <kind>archive</kind>
         <file>rtsv7M4_T_le_v4SPD16_eabi.lib</file>
         <name>lowlev.obj</name>
      </input_file>
      <input_file id="fl-147">
         <path>C:\ti\ccsv6\tools\compiler\ti-cgt-arm_5.2.6\lib\</path>
         <kind>archive</kind>
         <file>rtsv7M4_T_le_v4SPD16_eabi.lib</file>
         <name>ltoa.obj</name>
      </input_file>
      <input_file id="fl-148">
         <path>C:\ti\ccsv6\tools\compiler\ti-cgt-arm_5.2.6\lib\</path>
         <kind>archive</kind>
         <file>rtsv7M4_T_le_v4SPD16_eabi.lib</file>
         <name>memccpy.obj</name>
      </input_file>
      <input_file id="fl-149">
         <path>C:\ti\ccsv6\tools\compiler\ti-cgt-arm_5.2.6\lib\</path>
         <kind>archive</kind>
         <file>rtsv7M4_T_le_v4SPD16_eabi.lib</file>
         <name>memchr.obj</name>
      </input_file>
      <input_file id="fl-14a">
         <path>C:\ti\ccsv6\tools\compiler\ti-cgt-arm_5.2.6\lib\</path>
         <kind>archive</kind>
         <file>rtsv7M4_T_le_v4SPD16_eabi.lib</file>
         <name>strchr.obj</name>
      </input_file>
      <input_file id="fl-14b">
         <path>C:\ti\ccsv6\tools\compiler\ti-cgt-arm_5.2.6\lib\</path>
         <kind>archive</kind>
         <file>rtsv7M4_T_le_v4SPD16_eabi.lib</file>
         <name>strcmp.obj</name>
      </input_file>
      <input_file id="fl-14c">
         <path>C:\ti\ccsv6\tools\compiler\ti-cgt-arm_5.2.6\lib\</path>
         <kind>archive</kind>
         <file>rtsv7M4_T_le_v4SPD16_eabi.lib</file>
         <name>strlen.obj</name>
      </input_file>
      <input_file id="fl-14d">
         <path>C:\ti\ccsv6\tools\compiler\ti-cgt-arm_5.2.6\lib\</path>
         <kind>archive</kind>
         <file>rtsv7M4_T_le_v4SPD16_eabi.lib</file>
         <name>strncpy.obj</name>
      </input_file>
      <input_file id="fl-14e">
         <path>C:\ti\ccsv6\tools\compiler\ti-cgt-arm_5.2.6\lib\</path>
         <kind>archive</kind>
         <file>rtsv7M4_T_le_v4SPD16_eabi.lib</file>
         <name>trgdrv.obj</name>
      </input_file>
      <input_file id="fl-14f">
         <path>C:\ti\ccsv6\tools\compiler\ti-cgt-arm_5.2.6\lib\</path>
         <kind>archive</kind>
         <file>rtsv7M4_T_le_v4SPD16_eabi.lib</file>
         <name>trgmsg.obj</name>
      </input_file>
      <input_file id="fl-150">
         <path>C:\ti\ccsv6\tools\compiler\ti-cgt-arm_5.2.6\lib\</path>
         <kind>archive</kind>
         <file>rtsv7M4_T_le_v4SPD16_eabi.lib</file>
         <name>ull_div_t2.obj</name>
      </input_file>
      <input_file id="fl-151">
         <path>C:\ti\ccsv6\tools\compiler\ti-cgt-arm_5.2.6\lib\</path>
         <kind>archive</kind>
         <file>rtsv7M4_T_le_v4SPD16_eabi.lib</file>
         <name>xdclass.obj</name>
      </input_file>
      <input_file id="fl-152">
         <path>C:\ti\ccsv6\tools\compiler\ti-cgt-arm_5.2.6\lib\</path>
         <kind>archive</kind>
         <file>rtsv7M4_T_le_v4SPD16_eabi.lib</file>
         <name>xdscale.obj</name>
      </input_file>
      <input_file id="fl-153">
         <path>C:\ti\ccsv6\tools\compiler\ti-cgt-arm_5.2.6\lib\</path>
         <kind>archive</kind>
         <file>rtsv7M4_T_le_v4SPD16_eabi.lib</file>
         <name>xdunscal.obj</name>
      </input_file>
      <input_file id="fl-154">
         <path>C:\ti\ccsv6\tools\compiler\ti-cgt-arm_5.2.6\lib\</path>
         <kind>archive</kind>
         <file>rtsv7M4_T_le_v4SPD16_eabi.lib</file>
         <name>xferaise.obj</name>
      </input_file>
      <input_file id="fl-155">
         <path>C:\ti\ccsv6\tools\compiler\ti-cgt-arm_5.2.6\lib\</path>
         <kind>archive</kind>
         <file>rtsv7M4_T_le_v4SPD16_eabi.lib</file>
         <name>xvalues.obj</name>
      </input_file>
      <input_file id="fl-156">
         <path>C:\ti\ccsv6\tools\compiler\ti-cgt-arm_5.2.6\lib\</path>
         <kind>archive</kind>
         <file>rtsv7M4_T_le_v4SPD16_eabi.lib</file>
         <name>_io_perm.obj</name>
      </input_file>
      <input_file id="fl-157">
         <path>C:\ti\ccsv6\tools\compiler\ti-cgt-arm_5.2.6\lib\</path>
         <kind>archive</kind>
         <file>rtsv7M4_T_le_v4SPD16_eabi.lib</file>
         <name>errno.obj</name>
      </input_file>
      <input_file id="fl-158">
         <path>C:\ti\ccsv6\tools\compiler\ti-cgt-arm_5.2.6\lib\</path>
         <kind>archive</kind>
         <file>rtsv7M4_T_le_v4SPD16_eabi.lib</file>
         <name>feraiseexcept.obj</name>
      </input_file>
      <input_file id="fl-159">
         <path>C:\ti\ccsv6\tools\compiler\ti-cgt-arm_5.2.6\lib\</path>
         <kind>archive</kind>
         <file>rtsv7M4_T_le_v4SPD16_eabi.lib</file>
         <name>fflush.obj</name>
      </input_file>
      <input_file id="fl-15a">
         <path>C:\ti\ccsv6\tools\compiler\ti-cgt-arm_5.2.6\lib\</path>
         <kind>archive</kind>
         <file>rtsv7M4_T_le_v4SPD16_eabi.lib</file>
         <name>fseek.obj</name>
      </input_file>
      <input_file id="fl-15b">
         <path>C:\ti\ccsv6\tools\compiler\ti-cgt-arm_5.2.6\lib\</path>
         <kind>archive</kind>
         <file>rtsv7M4_T_le_v4SPD16_eabi.lib</file>
         <name>raise.obj</name>
      </input_file>
      <input_file id="fl-15c">
         <path>C:\ti\ccsv6\tools\compiler\ti-cgt-arm_5.2.6\lib\</path>
         <kind>archive</kind>
         <file>rtsv7M4_T_le_v4SPD16_eabi.lib</file>
         <name>setvbuf.obj</name>
      </input_file>
      <input_file id="fl-15d">
         <path>C:\ti\ccsv6\tools\compiler\ti-cgt-arm_5.2.6\lib\</path>
         <kind>archive</kind>
         <file>rtsv7M4_T_le_v4SPD16_eabi.lib</file>
         <name>signal.obj</name>
      </input_file>
      <input_file id="fl-15e">
         <path>C:\ti\ccsv6\tools\compiler\ti-cgt-arm_5.2.6\lib\</path>
         <kind>archive</kind>
         <file>rtsv7M4_T_le_v4SPD16_eabi.lib</file>
         <name>strcpy.obj</name>
      </input_file>
      <input_file id="fl-15f">
         <path>C:\ti\ccsv6\tools\compiler\ti-cgt-arm_5.2.6\lib\</path>
         <kind>archive</kind>
         <file>rtsv7M4_T_le_v4SPD16_eabi.lib</file>
         <name>xdnorm.obj</name>
      </input_file>
      <input_file id="fl-160">
         <path>C:\ti\ccsv6\tools\compiler\ti-cgt-arm_5.2.6\lib\</path>
         <kind>archive</kind>
         <file>rtsv7M4_T_le_v4SPD16_eabi.lib</file>
         <name>fopen.obj</name>
      </input_file>
      <input_file id="fl-161">
         <path>C:\ti\ccsv6\tools\compiler\ti-cgt-arm_5.2.6\lib\</path>
         <kind>archive</kind>
         <file>rtsv7M4_T_le_v4SPD16_eabi.lib</file>
         <name>memory.obj</name>
      </input_file>
      <input_file id="fl-162">
         <path>C:\ti\ccsv6\tools\compiler\ti-cgt-arm_5.2.6\lib\</path>
         <kind>archive</kind>
         <file>rtsv7M4_T_le_v4SPD16_eabi.lib</file>
         <name>fclose.obj</name>
      </input_file>
      <input_file id="fl-163">
         <path>C:\ti\ccsv6\tools\compiler\ti-cgt-arm_5.2.6\lib\</path>
         <kind>archive</kind>
         <file>rtsv7M4_T_le_v4SPD16_eabi.lib</file>
         <name>remove.obj</name>
      </input_file>
   </input_file_list>
   <object_component_list>
      <object_component id="oc-10">
         <name>.intvecs</name>
         <load_address>0x0</load_address>
         <run_address>0x0</run_address>
         <size>0x144</size>
         <input_file_ref idref="fl-3"/>
      </object_component>
      <object_component id="oc-124">
         <name>.text</name>
         <load_address>0x144</load_address>
         <run_address>0x144</run_address>
         <size>0x10ba</size>
         <input_file_ref idref="fl-139"/>
      </object_component>
      <object_component id="oc-269">
         <name>.text</name>
         <load_address>0x1200</load_address>
         <run_address>0x1200</run_address>
         <size>0x3dc</size>
         <input_file_ref idref="fl-161"/>
      </object_component>
      <object_component id="oc-1c1">
         <name>.text</name>
         <load_address>0x15dc</load_address>
         <run_address>0x15dc</run_address>
         <size>0x30c</size>
         <input_file_ref idref="fl-146"/>
      </object_component>
      <object_component id="oc-286">
         <name>.text</name>
         <load_address>0x18e8</load_address>
         <run_address>0x18e8</run_address>
         <size>0x2d4</size>
         <input_file_ref idref="fl-14e"/>
      </object_component>
      <object_component id="oc-a0">
         <name>.text</name>
         <load_address>0x1bbc</load_address>
         <run_address>0x1bbc</run_address>
         <size>0x210</size>
         <input_file_ref idref="fl-2"/>
      </object_component>
      <object_component id="oc-15e">
         <name>.text</name>
         <load_address>0x1dcc</load_address>
         <run_address>0x1dcc</run_address>
         <size>0x1f4</size>
         <input_file_ref idref="fl-150"/>
      </object_component>
      <object_component id="oc-26f">
         <name>.text</name>
         <load_address>0x1fc0</load_address>
         <run_address>0x1fc0</run_address>
         <size>0x1c4</size>
         <input_file_ref idref="fl-160"/>
      </object_component>
      <object_component id="oc-dc">
         <name>.text</name>
         <load_address>0x2184</load_address>
         <run_address>0x2184</run_address>
         <size>0x1b6</size>
         <input_file_ref idref="fl-12e"/>
      </object_component>
      <object_component id="oc-d7">
         <name>.text</name>
         <load_address>0x233a</load_address>
         <run_address>0x233a</run_address>
         <size>0x136</size>
         <input_file_ref idref="fl-12f"/>
      </object_component>
      <object_component id="oc-137">
         <name>.text</name>
         <load_address>0x2470</load_address>
         <run_address>0x2470</run_address>
         <size>0x134</size>
         <input_file_ref idref="fl-143"/>
      </object_component>
      <object_component id="oc-1eb">
         <name>.text</name>
         <load_address>0x25a4</load_address>
         <run_address>0x25a4</run_address>
         <size>0x110</size>
         <input_file_ref idref="fl-152"/>
      </object_component>
      <object_component id="oc-d2">
         <name>.text</name>
         <load_address>0x26b4</load_address>
         <run_address>0x26b4</run_address>
         <size>0xfc</size>
         <input_file_ref idref="fl-130"/>
      </object_component>
      <object_component id="oc-211">
         <name>.text</name>
         <load_address>0x27b0</load_address>
         <run_address>0x27b0</run_address>
         <size>0xdc</size>
         <input_file_ref idref="fl-15c"/>
      </object_component>
      <object_component id="oc-1bb">
         <name>.text</name>
         <load_address>0x288c</load_address>
         <run_address>0x288c</run_address>
         <size>0xc8</size>
         <input_file_ref idref="fl-159"/>
      </object_component>
      <object_component id="oc-241">
         <name>.text</name>
         <load_address>0x2954</load_address>
         <run_address>0x2954</run_address>
         <size>0xbe</size>
         <input_file_ref idref="fl-15f"/>
      </object_component>
      <object_component id="oc-1b5">
         <name>.text</name>
         <load_address>0x2a12</load_address>
         <run_address>0x2a12</run_address>
         <size>0xac</size>
         <input_file_ref idref="fl-156"/>
      </object_component>
      <object_component id="oc-37">
         <name>.text</name>
         <load_address>0x2abe</load_address>
         <run_address>0x2abe</run_address>
         <size>0x9c</size>
         <input_file_ref idref="fl-132"/>
      </object_component>
      <object_component id="oc-2b8">
         <name>.text</name>
         <load_address>0x2b5c</load_address>
         <run_address>0x2b5c</run_address>
         <size>0x98</size>
         <input_file_ref idref="fl-162"/>
      </object_component>
      <object_component id="oc-131">
         <name>.text</name>
         <load_address>0x2bf4</load_address>
         <run_address>0x2bf4</run_address>
         <size>0x98</size>
         <input_file_ref idref="fl-142"/>
      </object_component>
      <object_component id="oc-169">
         <name>.text:__aeabi_cdcmple</name>
         <load_address>0x2c8c</load_address>
         <run_address>0x2c8c</run_address>
         <size>0x86</size>
         <input_file_ref idref="fl-140"/>
      </object_component>
      <object_component id="oc-16e">
         <name>.text:__aeabi_cdrcmple</name>
         <load_address>0x2d12</load_address>
         <run_address>0x2d12</run_address>
         <size>0x86</size>
         <input_file_ref idref="fl-140"/>
      </object_component>
      <object_component id="oc-50">
         <name>.text</name>
         <load_address>0x2d98</load_address>
         <run_address>0x2d98</run_address>
         <size>0x7a</size>
         <input_file_ref idref="fl-133"/>
      </object_component>
      <object_component id="oc-e7">
         <name>.text</name>
         <load_address>0x2e14</load_address>
         <run_address>0x2e14</run_address>
         <size>0x70</size>
         <input_file_ref idref="fl-135"/>
      </object_component>
      <object_component id="oc-62">
         <name>.text</name>
         <load_address>0x2e84</load_address>
         <run_address>0x2e84</run_address>
         <size>0x6c</size>
         <input_file_ref idref="fl-13c"/>
      </object_component>
      <object_component id="oc-43">
         <name>.text</name>
         <load_address>0x2ef0</load_address>
         <run_address>0x2ef0</run_address>
         <size>0x6a</size>
         <input_file_ref idref="fl-12b"/>
      </object_component>
      <object_component id="oc-2c7">
         <name>.text</name>
         <load_address>0x2f5c</load_address>
         <run_address>0x2f5c</run_address>
         <size>0x68</size>
         <input_file_ref idref="fl-14f"/>
      </object_component>
      <object_component id="oc-1e3">
         <name>.text</name>
         <load_address>0x2fc4</load_address>
         <run_address>0x2fc4</run_address>
         <size>0x66</size>
         <input_file_ref idref="fl-153"/>
      </object_component>
      <object_component id="oc-20b">
         <name>.text</name>
         <load_address>0x302c</load_address>
         <run_address>0x302c</run_address>
         <size>0x64</size>
         <input_file_ref idref="fl-15a"/>
      </object_component>
      <object_component id="oc-e1">
         <name>.text</name>
         <load_address>0x3090</load_address>
         <run_address>0x3090</run_address>
         <size>0x60</size>
         <input_file_ref idref="fl-136"/>
      </object_component>
      <object_component id="oc-178">
         <name>.text</name>
         <load_address>0x30f0</load_address>
         <run_address>0x30f0</run_address>
         <size>0x56</size>
         <input_file_ref idref="fl-147"/>
      </object_component>
      <object_component id="oc-184">
         <name>.text</name>
         <load_address>0x3146</load_address>
         <run_address>0x3146</run_address>
         <size>0x52</size>
         <input_file_ref idref="fl-145"/>
      </object_component>
      <object_component id="oc-25">
         <name>.text</name>
         <load_address>0x3198</load_address>
         <run_address>0x3198</run_address>
         <size>0x50</size>
         <input_file_ref idref="fl-129"/>
      </object_component>
      <object_component id="oc-19c">
         <name>.text</name>
         <load_address>0x31e8</load_address>
         <run_address>0x31e8</run_address>
         <size>0x4c</size>
         <input_file_ref idref="fl-13b"/>
      </object_component>
      <object_component id="oc-98">
         <name>.text</name>
         <load_address>0x3234</load_address>
         <run_address>0x3234</run_address>
         <size>0x4c</size>
         <input_file_ref idref="fl-13d"/>
      </object_component>
      <object_component id="oc-173">
         <name>.text</name>
         <load_address>0x3280</load_address>
         <run_address>0x3280</run_address>
         <size>0x48</size>
         <input_file_ref idref="fl-141"/>
      </object_component>
      <object_component id="oc-6e">
         <name>.text</name>
         <load_address>0x32c8</load_address>
         <run_address>0x32c8</run_address>
         <size>0x44</size>
         <input_file_ref idref="fl-12d"/>
      </object_component>
      <object_component id="oc-2de">
         <name>.text</name>
         <load_address>0x330c</load_address>
         <run_address>0x330c</run_address>
         <size>0x40</size>
         <input_file_ref idref="fl-15d"/>
      </object_component>
      <object_component id="oc-250">
         <name>.text</name>
         <load_address>0x334c</load_address>
         <run_address>0x334c</run_address>
         <size>0x34</size>
         <input_file_ref idref="fl-158"/>
      </object_component>
      <object_component id="oc-224">
         <name>.text</name>
         <load_address>0x3380</load_address>
         <run_address>0x3380</run_address>
         <size>0x30</size>
         <input_file_ref idref="fl-14d"/>
      </object_component>
      <object_component id="oc-190">
         <name>.text</name>
         <load_address>0x33b0</load_address>
         <run_address>0x33b0</run_address>
         <size>0x30</size>
         <input_file_ref idref="fl-151"/>
      </object_component>
      <object_component id="oc-1f1">
         <name>.text</name>
         <load_address>0x33e0</load_address>
         <run_address>0x33e0</run_address>
         <size>0x30</size>
         <input_file_ref idref="fl-154"/>
      </object_component>
      <object_component id="oc-cd">
         <name>.text</name>
         <load_address>0x3410</load_address>
         <run_address>0x3410</run_address>
         <size>0x2e</size>
         <input_file_ref idref="fl-131"/>
      </object_component>
      <object_component id="oc-2a4">
         <name>.text</name>
         <load_address>0x343e</load_address>
         <run_address>0x343e</run_address>
         <size>0x2e</size>
         <input_file_ref idref="fl-15b"/>
      </object_component>
      <object_component id="oc-17e">
         <name>.text</name>
         <load_address>0x346c</load_address>
         <run_address>0x346c</run_address>
         <size>0x2a</size>
         <input_file_ref idref="fl-144"/>
      </object_component>
      <object_component id="oc-1c9">
         <name>.text</name>
         <load_address>0x3496</load_address>
         <run_address>0x3496</run_address>
         <size>0x20</size>
         <input_file_ref idref="fl-149"/>
      </object_component>
      <object_component id="oc-196">
         <name>.text</name>
         <load_address>0x34b6</load_address>
         <run_address>0x34b6</run_address>
         <size>0x1c</size>
         <input_file_ref idref="fl-148"/>
      </object_component>
      <object_component id="oc-68">
         <name>.text</name>
         <load_address>0x34d4</load_address>
         <run_address>0x34d4</run_address>
         <size>0x18</size>
         <input_file_ref idref="fl-13a"/>
      </object_component>
      <object_component id="oc-21e">
         <name>.text</name>
         <load_address>0x34ec</load_address>
         <run_address>0x34ec</run_address>
         <size>0x18</size>
         <input_file_ref idref="fl-14b"/>
      </object_component>
      <object_component id="oc-18a">
         <name>.text</name>
         <load_address>0x3504</load_address>
         <run_address>0x3504</run_address>
         <size>0x16</size>
         <input_file_ref idref="fl-14a"/>
      </object_component>
      <object_component id="oc-10b">
         <name>.text</name>
         <load_address>0x351c</load_address>
         <run_address>0x351c</run_address>
         <size>0x14</size>
         <input_file_ref idref="fl-138"/>
      </object_component>
      <object_component id="oc-2cd">
         <name>.text</name>
         <load_address>0x3530</load_address>
         <run_address>0x3530</run_address>
         <size>0x14</size>
         <input_file_ref idref="fl-15e"/>
      </object_component>
      <object_component id="oc-163">
         <name>.text</name>
         <load_address>0x3544</load_address>
         <run_address>0x3544</run_address>
         <size>0x14</size>
         <input_file_ref idref="fl-14c"/>
      </object_component>
      <object_component id="oc-13">
         <name>.text:decompress:none</name>
         <load_address>0x3558</load_address>
         <run_address>0x3558</run_address>
         <size>0xe</size>
         <input_file_ref idref="fl-12a"/>
      </object_component>
      <object_component id="oc-1f">
         <name>.text:decompress:ZI</name>
         <load_address>0x3566</load_address>
         <run_address>0x3566</run_address>
         <size>0xc</size>
         <input_file_ref idref="fl-12c"/>
      </object_component>
      <object_component id="oc-2e">
         <name>.text</name>
         <load_address>0x3572</load_address>
         <run_address>0x3572</run_address>
         <size>0xc</size>
         <input_file_ref idref="fl-3"/>
      </object_component>
      <object_component id="oc-19">
         <name>.text:decompress:rle24</name>
         <load_address>0x357e</load_address>
         <run_address>0x357e</run_address>
         <size>0x6</size>
         <input_file_ref idref="fl-12b"/>
      </object_component>
      <object_component id="oc-5c">
         <name>.text</name>
         <load_address>0x3584</load_address>
         <run_address>0x3584</run_address>
         <size>0x4</size>
         <input_file_ref idref="fl-134"/>
      </object_component>
      <object_component id="oc-1ff">
         <name>.const:.string:_ctypes_</name>
         <load_address>0x3588</load_address>
         <run_address>0x3588</run_address>
         <size>0x101</size>
         <input_file_ref idref="fl-13e"/>
      </object_component>
      <object_component id="oc-340">
         <name>.cinit..data.load</name>
         <load_address>0x3690</load_address>
         <run_address>0x3690</run_address>
         <size>0xa7</size>
      </object_component>
      <object_component id="oc-33e">
         <name>__TI_handler_table</name>
         <load_address>0x3738</load_address>
         <run_address>0x3738</run_address>
         <size>0xc</size>
      </object_component>
      <object_component id="oc-341">
         <name>.cinit..bss.load</name>
         <load_address>0x3748</load_address>
         <run_address>0x3748</run_address>
         <size>0x8</size>
      </object_component>
      <object_component id="oc-33f">
         <name>__TI_cinit_table</name>
         <load_address>0x3750</load_address>
         <run_address>0x3750</run_address>
         <size>0x10</size>
      </object_component>
      <object_component id="oc-2b">
         <name>.sysmem</name>
         <uninitialized>true</uninitialized>
         <run_address>0x20000000</run_address>
         <size>0x8</size>
         <input_file_ref idref="fl-161"/>
      </object_component>
      <object_component id="oc-343">
         <name>.sysmem</name>
         <uninitialized>true</uninitialized>
         <run_address>0x20000000</run_address>
         <size>0x0</size>
      </object_component>
      <object_component id="oc-2a">
         <name>.stack</name>
         <uninitialized>true</uninitialized>
         <run_address>0x2000fc00</run_address>
         <size>0x0</size>
         <input_file_ref idref="fl-129"/>
      </object_component>
      <object_component id="oc-342">
         <name>.stack</name>
         <uninitialized>true</uninitialized>
         <run_address>0x2000fc00</run_address>
         <size>0x0</size>
      </object_component>
      <object_component id="oc-f7">
         <name>.bss:strR1C1</name>
         <uninitialized>true</uninitialized>
         <run_address>0x200005c0</run_address>
         <size>0x64</size>
         <input_file_ref idref="fl-2"/>
      </object_component>
      <object_component id="oc-fa">
         <name>.bss:strR2C1</name>
         <uninitialized>true</uninitialized>
         <run_address>0x20000688</run_address>
         <size>0x64</size>
         <input_file_ref idref="fl-2"/>
      </object_component>
      <object_component id="oc-fd">
         <name>.bss:strR1C2</name>
         <uninitialized>true</uninitialized>
         <run_address>0x20000624</run_address>
         <size>0x64</size>
         <input_file_ref idref="fl-2"/>
      </object_component>
      <object_component id="oc-100">
         <name>.bss:strR2C2</name>
         <uninitialized>true</uninitialized>
         <run_address>0x200006ec</run_address>
         <size>0x64</size>
         <input_file_ref idref="fl-2"/>
      </object_component>
      <object_component id="oc-2f1">
         <name>.bss:__TI_tmpnams</name>
         <uninitialized>true</uninitialized>
         <run_address>0x20000520</run_address>
         <size>0xa0</size>
         <input_file_ref idref="fl-13f"/>
      </object_component>
      <object_component id="oc-2f8">
         <name>.bss:__CIOBUF_</name>
         <uninitialized>true</uninitialized>
         <run_address>0x20000400</run_address>
         <size>0x120</size>
         <input_file_ref idref="fl-14f"/>
      </object_component>
      <object_component id="oc-ed">
         <name>.common:ADCvarR1</name>
         <uninitialized>true</uninitialized>
         <run_address>0x20000780</run_address>
         <size>0x4</size>
      </object_component>
      <object_component id="oc-f0">
         <name>.common:fADCvarR1</name>
         <uninitialized>true</uninitialized>
         <run_address>0x20000760</run_address>
         <size>0x8</size>
      </object_component>
      <object_component id="oc-f1">
         <name>.common:ADCvarR2</name>
         <uninitialized>true</uninitialized>
         <run_address>0x20000784</run_address>
         <size>0x4</size>
      </object_component>
      <object_component id="oc-f2">
         <name>.common:fADCvarR2</name>
         <uninitialized>true</uninitialized>
         <run_address>0x20000768</run_address>
         <size>0x8</size>
      </object_component>
      <object_component id="oc-f3">
         <name>.common:ADCvarC1</name>
         <uninitialized>true</uninitialized>
         <run_address>0x20000778</run_address>
         <size>0x4</size>
      </object_component>
      <object_component id="oc-f4">
         <name>.common:fADCvarC1</name>
         <uninitialized>true</uninitialized>
         <run_address>0x20000750</run_address>
         <size>0x8</size>
      </object_component>
      <object_component id="oc-f5">
         <name>.common:ADCvarC2</name>
         <uninitialized>true</uninitialized>
         <run_address>0x2000077c</run_address>
         <size>0x4</size>
      </object_component>
      <object_component id="oc-f6">
         <name>.common:fADCvarC2</name>
         <uninitialized>true</uninitialized>
         <run_address>0x20000758</run_address>
         <size>0x8</size>
      </object_component>
      <object_component id="oc-2d3">
         <name>.common:parmbuf</name>
         <uninitialized>true</uninitialized>
         <run_address>0x20000770</run_address>
         <size>0x8</size>
      </object_component>
      <object_component id="oc-ab">
         <name>.data</name>
         <load_address>0x20000a9c</load_address>
         <run_address>0x20000a9c</run_address>
         <size>0x8</size>
         <input_file_ref idref="fl-12d"/>
      </object_component>
      <object_component id="oc-74">
         <name>.data</name>
         <load_address>0x20000ab4</load_address>
         <run_address>0x20000ab4</run_address>
         <size>0x4</size>
         <input_file_ref idref="fl-137"/>
      </object_component>
      <object_component id="oc-a8">
         <name>.data</name>
         <load_address>0x20000a94</load_address>
         <run_address>0x20000a94</run_address>
         <size>0x8</size>
         <input_file_ref idref="fl-138"/>
      </object_component>
      <object_component id="oc-13d">
         <name>.data:_ftable</name>
         <load_address>0x20000788</load_address>
         <run_address>0x20000788</run_address>
         <size>0xf0</size>
         <input_file_ref idref="fl-13f"/>
      </object_component>
      <object_component id="oc-219">
         <name>.data</name>
         <load_address>0x20000a78</load_address>
         <run_address>0x20000a78</run_address>
         <size>0x10</size>
         <input_file_ref idref="fl-13f"/>
      </object_component>
      <object_component id="oc-22a">
         <name>.data</name>
         <load_address>0x20000878</load_address>
         <run_address>0x20000878</run_address>
         <size>0xd0</size>
         <input_file_ref idref="fl-146"/>
      </object_component>
      <object_component id="oc-24b">
         <name>.data</name>
         <load_address>0x200009f8</load_address>
         <run_address>0x200009f8</run_address>
         <size>0x80</size>
         <input_file_ref idref="fl-155"/>
      </object_component>
      <object_component id="oc-256">
         <name>.data</name>
         <load_address>0x20000aac</load_address>
         <run_address>0x20000aac</run_address>
         <size>0x4</size>
         <input_file_ref idref="fl-157"/>
      </object_component>
      <object_component id="oc-2aa">
         <name>.data</name>
         <load_address>0x20000aa4</load_address>
         <run_address>0x20000aa4</run_address>
         <size>0x8</size>
         <input_file_ref idref="fl-158"/>
      </object_component>
      <object_component id="oc-301">
         <name>.data:sigtable</name>
         <load_address>0x20000948</load_address>
         <run_address>0x20000948</run_address>
         <size>0xb0</size>
         <input_file_ref idref="fl-15d"/>
      </object_component>
      <object_component id="oc-2be">
         <name>.data</name>
         <load_address>0x20000ab0</load_address>
         <run_address>0x20000ab0</run_address>
         <size>0x4</size>
         <input_file_ref idref="fl-160"/>
      </object_component>
      <object_component id="oc-2b4">
         <name>.data</name>
         <load_address>0x20000a88</load_address>
         <run_address>0x20000a88</run_address>
         <size>0xc</size>
         <input_file_ref idref="fl-161"/>
      </object_component>
      <object_component id="oc-ee">
         <name>.debug_info</name>
         <load_address>0x0</load_address>
         <run_address>0x0</run_address>
         <size>0x4c3</size>
         <input_file_ref idref="fl-2"/>
      </object_component>
      <object_component id="oc-f8">
         <name>.debug_info</name>
         <load_address>0x4c3</load_address>
         <run_address>0x4c3</run_address>
         <size>0xc0</size>
         <input_file_ref idref="fl-2"/>
      </object_component>
      <object_component id="oc-fb">
         <name>.debug_info</name>
         <load_address>0x583</load_address>
         <run_address>0x583</run_address>
         <size>0xc0</size>
         <input_file_ref idref="fl-2"/>
      </object_component>
      <object_component id="oc-fe">
         <name>.debug_info</name>
         <load_address>0x643</load_address>
         <run_address>0x643</run_address>
         <size>0xc0</size>
         <input_file_ref idref="fl-2"/>
      </object_component>
      <object_component id="oc-101">
         <name>.debug_info</name>
         <load_address>0x703</load_address>
         <run_address>0x703</run_address>
         <size>0xc0</size>
         <input_file_ref idref="fl-2"/>
      </object_component>
      <object_component id="oc-a1">
         <name>.debug_info</name>
         <load_address>0x7c3</load_address>
         <run_address>0x7c3</run_address>
         <size>0x253</size>
         <input_file_ref idref="fl-2"/>
      </object_component>
      <object_component id="oc-144">
         <name>.debug_info</name>
         <load_address>0xa16</load_address>
         <run_address>0xa16</run_address>
         <size>0x37a3</size>
         <input_file_ref idref="fl-2"/>
      </object_component>
      <object_component id="oc-149">
         <name>.debug_info</name>
         <load_address>0x41b9</load_address>
         <run_address>0x41b9</run_address>
         <size>0x103e</size>
         <input_file_ref idref="fl-2"/>
      </object_component>
      <object_component id="oc-7f">
         <name>.debug_info</name>
         <load_address>0x51f7</load_address>
         <run_address>0x51f7</run_address>
         <size>0x84</size>
         <input_file_ref idref="fl-2"/>
      </object_component>
      <object_component id="oc-14e">
         <name>.debug_info</name>
         <load_address>0x527b</load_address>
         <run_address>0x527b</run_address>
         <size>0x18b</size>
         <input_file_ref idref="fl-2"/>
      </object_component>
      <object_component id="oc-36">
         <name>.debug_info</name>
         <load_address>0x5406</load_address>
         <run_address>0x5406</run_address>
         <size>0xf3</size>
         <input_file_ref idref="fl-3"/>
      </object_component>
      <object_component id="oc-11">
         <name>.debug_info</name>
         <load_address>0x54f9</load_address>
         <run_address>0x54f9</run_address>
         <size>0xe0</size>
         <input_file_ref idref="fl-3"/>
      </object_component>
      <object_component id="oc-31">
         <name>.debug_info</name>
         <load_address>0x55d9</load_address>
         <run_address>0x55d9</run_address>
         <size>0x20e</size>
         <input_file_ref idref="fl-3"/>
      </object_component>
      <object_component id="oc-26">
         <name>.debug_info</name>
         <load_address>0x57e7</load_address>
         <run_address>0x57e7</run_address>
         <size>0x134</size>
         <input_file_ref idref="fl-129"/>
      </object_component>
      <object_component id="oc-42">
         <name>.debug_info</name>
         <load_address>0x591b</load_address>
         <run_address>0x591b</run_address>
         <size>0x121</size>
         <input_file_ref idref="fl-12a"/>
      </object_component>
      <object_component id="oc-16">
         <name>.debug_info</name>
         <load_address>0x5a3c</load_address>
         <run_address>0x5a3c</run_address>
         <size>0x1c0</size>
         <input_file_ref idref="fl-12a"/>
      </object_component>
      <object_component id="oc-3d">
         <name>.debug_info</name>
         <load_address>0x5bfc</load_address>
         <run_address>0x5bfc</run_address>
         <size>0x46</size>
         <input_file_ref idref="fl-12a"/>
      </object_component>
      <object_component id="oc-85">
         <name>.debug_info</name>
         <load_address>0x5c42</load_address>
         <run_address>0x5c42</run_address>
         <size>0x2c</size>
         <input_file_ref idref="fl-12a"/>
      </object_component>
      <object_component id="oc-4a">
         <name>.debug_info</name>
         <load_address>0x5c6e</load_address>
         <run_address>0x5c6e</run_address>
         <size>0x115</size>
         <input_file_ref idref="fl-12b"/>
      </object_component>
      <object_component id="oc-47">
         <name>.debug_info</name>
         <load_address>0x5d83</load_address>
         <run_address>0x5d83</run_address>
         <size>0x228</size>
         <input_file_ref idref="fl-12b"/>
      </object_component>
      <object_component id="oc-1d">
         <name>.debug_info</name>
         <load_address>0x5fab</load_address>
         <run_address>0x5fab</run_address>
         <size>0x192</size>
         <input_file_ref idref="fl-12b"/>
      </object_component>
      <object_component id="oc-4b">
         <name>.debug_info</name>
         <load_address>0x613d</load_address>
         <run_address>0x613d</run_address>
         <size>0x39</size>
         <input_file_ref idref="fl-12b"/>
      </object_component>
      <object_component id="oc-8f">
         <name>.debug_info</name>
         <load_address>0x6176</load_address>
         <run_address>0x6176</run_address>
         <size>0x2c</size>
         <input_file_ref idref="fl-12b"/>
      </object_component>
      <object_component id="oc-5b">
         <name>.debug_info</name>
         <load_address>0x61a2</load_address>
         <run_address>0x61a2</run_address>
         <size>0x110</size>
         <input_file_ref idref="fl-12c"/>
      </object_component>
      <object_component id="oc-23">
         <name>.debug_info</name>
         <load_address>0x62b2</load_address>
         <run_address>0x62b2</run_address>
         <size>0x18b</size>
         <input_file_ref idref="fl-12c"/>
      </object_component>
      <object_component id="oc-56">
         <name>.debug_info</name>
         <load_address>0x643d</load_address>
         <run_address>0x643d</run_address>
         <size>0x46</size>
         <input_file_ref idref="fl-12c"/>
      </object_component>
      <object_component id="oc-af">
         <name>.debug_info</name>
         <load_address>0x6483</load_address>
         <run_address>0x6483</run_address>
         <size>0x172</size>
         <input_file_ref idref="fl-12d"/>
      </object_component>
      <object_component id="oc-ac">
         <name>.debug_info</name>
         <load_address>0x65f5</load_address>
         <run_address>0x65f5</run_address>
         <size>0x117</size>
         <input_file_ref idref="fl-12d"/>
      </object_component>
      <object_component id="oc-71">
         <name>.debug_info</name>
         <load_address>0x670c</load_address>
         <run_address>0x670c</run_address>
         <size>0x1ee</size>
         <input_file_ref idref="fl-12d"/>
      </object_component>
      <object_component id="oc-de">
         <name>.debug_info</name>
         <load_address>0x68fa</load_address>
         <run_address>0x68fa</run_address>
         <size>0x129</size>
         <input_file_ref idref="fl-12e"/>
      </object_component>
      <object_component id="oc-d9">
         <name>.debug_info</name>
         <load_address>0x6a23</load_address>
         <run_address>0x6a23</run_address>
         <size>0x117</size>
         <input_file_ref idref="fl-12f"/>
      </object_component>
      <object_component id="oc-d4">
         <name>.debug_info</name>
         <load_address>0x6b3a</load_address>
         <run_address>0x6b3a</run_address>
         <size>0x117</size>
         <input_file_ref idref="fl-130"/>
      </object_component>
      <object_component id="oc-ce">
         <name>.debug_info</name>
         <load_address>0x6c51</load_address>
         <run_address>0x6c51</run_address>
         <size>0x109</size>
         <input_file_ref idref="fl-131"/>
      </object_component>
      <object_component id="oc-39">
         <name>.debug_info</name>
         <load_address>0x6d5a</load_address>
         <run_address>0x6d5a</run_address>
         <size>0xf6</size>
         <input_file_ref idref="fl-132"/>
      </object_component>
      <object_component id="oc-52">
         <name>.debug_info</name>
         <load_address>0x6e50</load_address>
         <run_address>0x6e50</run_address>
         <size>0x124</size>
         <input_file_ref idref="fl-133"/>
      </object_component>
      <object_component id="oc-60">
         <name>.debug_info</name>
         <load_address>0x6f74</load_address>
         <run_address>0x6f74</run_address>
         <size>0x129</size>
         <input_file_ref idref="fl-134"/>
      </object_component>
      <object_component id="oc-141">
         <name>.debug_info</name>
         <load_address>0x709d</load_address>
         <run_address>0x709d</run_address>
         <size>0x20d</size>
         <input_file_ref idref="fl-135"/>
      </object_component>
      <object_component id="oc-e9">
         <name>.debug_info</name>
         <load_address>0x72aa</load_address>
         <run_address>0x72aa</run_address>
         <size>0x265</size>
         <input_file_ref idref="fl-135"/>
      </object_component>
      <object_component id="oc-1d6">
         <name>.debug_info</name>
         <load_address>0x750f</load_address>
         <run_address>0x750f</run_address>
         <size>0xae</size>
         <input_file_ref idref="fl-135"/>
      </object_component>
      <object_component id="oc-12c">
         <name>.debug_info</name>
         <load_address>0x75bd</load_address>
         <run_address>0x75bd</run_address>
         <size>0x4e</size>
         <input_file_ref idref="fl-135"/>
      </object_component>
      <object_component id="oc-12b">
         <name>.debug_info</name>
         <load_address>0x760b</load_address>
         <run_address>0x760b</run_address>
         <size>0x19c</size>
         <input_file_ref idref="fl-136"/>
      </object_component>
      <object_component id="oc-e3">
         <name>.debug_info</name>
         <load_address>0x77a7</load_address>
         <run_address>0x77a7</run_address>
         <size>0x2c5</size>
         <input_file_ref idref="fl-136"/>
      </object_component>
      <object_component id="oc-1a9">
         <name>.debug_info</name>
         <load_address>0x7a6c</load_address>
         <run_address>0x7a6c</run_address>
         <size>0x2c</size>
         <input_file_ref idref="fl-136"/>
      </object_component>
      <object_component id="oc-75">
         <name>.debug_info</name>
         <load_address>0x7a98</load_address>
         <run_address>0x7a98</run_address>
         <size>0xea</size>
         <input_file_ref idref="fl-137"/>
      </object_component>
      <object_component id="oc-113">
         <name>.debug_info</name>
         <load_address>0x7b82</load_address>
         <run_address>0x7b82</run_address>
         <size>0x105</size>
         <input_file_ref idref="fl-138"/>
      </object_component>
      <object_component id="oc-a9">
         <name>.debug_info</name>
         <load_address>0x7c87</load_address>
         <run_address>0x7c87</run_address>
         <size>0xf4</size>
         <input_file_ref idref="fl-138"/>
      </object_component>
      <object_component id="oc-10c">
         <name>.debug_info</name>
         <load_address>0x7d7b</load_address>
         <run_address>0x7d7b</run_address>
         <size>0x200</size>
         <input_file_ref idref="fl-138"/>
      </object_component>
      <object_component id="oc-1a3">
         <name>.debug_info</name>
         <load_address>0x7f7b</load_address>
         <run_address>0x7f7b</run_address>
         <size>0x338</size>
         <input_file_ref idref="fl-139"/>
      </object_component>
      <object_component id="oc-126">
         <name>.debug_info</name>
         <load_address>0x82b3</load_address>
         <run_address>0x82b3</run_address>
         <size>0x17ea</size>
         <input_file_ref idref="fl-139"/>
      </object_component>
      <object_component id="oc-1a4">
         <name>.debug_info</name>
         <load_address>0x9a9d</load_address>
         <run_address>0x9a9d</run_address>
         <size>0x86</size>
         <input_file_ref idref="fl-139"/>
      </object_component>
      <object_component id="oc-206">
         <name>.debug_info</name>
         <load_address>0x9b23</load_address>
         <run_address>0x9b23</run_address>
         <size>0x46</size>
         <input_file_ref idref="fl-139"/>
      </object_component>
      <object_component id="oc-1ae">
         <name>.debug_info</name>
         <load_address>0x9b69</load_address>
         <run_address>0x9b69</run_address>
         <size>0x39</size>
         <input_file_ref idref="fl-139"/>
      </object_component>
      <object_component id="oc-a7">
         <name>.debug_info</name>
         <load_address>0x9ba2</load_address>
         <run_address>0x9ba2</run_address>
         <size>0x147</size>
         <input_file_ref idref="fl-13a"/>
      </object_component>
      <object_component id="oc-69">
         <name>.debug_info</name>
         <load_address>0x9ce9</load_address>
         <run_address>0x9ce9</run_address>
         <size>0x148</size>
         <input_file_ref idref="fl-13a"/>
      </object_component>
      <object_component id="oc-106">
         <name>.debug_info</name>
         <load_address>0x9e31</load_address>
         <run_address>0x9e31</run_address>
         <size>0x5e</size>
         <input_file_ref idref="fl-13a"/>
      </object_component>
      <object_component id="oc-203">
         <name>.debug_info</name>
         <load_address>0x9e8f</load_address>
         <run_address>0x9e8f</run_address>
         <size>0xf5</size>
         <input_file_ref idref="fl-13b"/>
      </object_component>
      <object_component id="oc-1a0">
         <name>.debug_info</name>
         <load_address>0x9f84</load_address>
         <run_address>0x9f84</run_address>
         <size>0x152</size>
         <input_file_ref idref="fl-13b"/>
      </object_component>
      <object_component id="oc-9f">
         <name>.debug_info</name>
         <load_address>0xa0d6</load_address>
         <run_address>0xa0d6</run_address>
         <size>0x29e</size>
         <input_file_ref idref="fl-13c"/>
      </object_component>
      <object_component id="oc-64">
         <name>.debug_info</name>
         <load_address>0xa374</load_address>
         <run_address>0xa374</run_address>
         <size>0x158</size>
         <input_file_ref idref="fl-13c"/>
      </object_component>
      <object_component id="oc-c3">
         <name>.debug_info</name>
         <load_address>0xa4cc</load_address>
         <run_address>0xa4cc</run_address>
         <size>0x39</size>
         <input_file_ref idref="fl-13c"/>
      </object_component>
      <object_component id="oc-c8">
         <name>.debug_info</name>
         <load_address>0xa505</load_address>
         <run_address>0xa505</run_address>
         <size>0xcd</size>
         <input_file_ref idref="fl-13c"/>
      </object_component>
      <object_component id="oc-c0">
         <name>.debug_info</name>
         <load_address>0xa5d2</load_address>
         <run_address>0xa5d2</run_address>
         <size>0x1c1</size>
         <input_file_ref idref="fl-13d"/>
      </object_component>
      <object_component id="oc-99">
         <name>.debug_info</name>
         <load_address>0xa793</load_address>
         <run_address>0xa793</run_address>
         <size>0x164</size>
         <input_file_ref idref="fl-13d"/>
      </object_component>
      <object_component id="oc-11b">
         <name>.debug_info</name>
         <load_address>0xa8f7</load_address>
         <run_address>0xa8f7</run_address>
         <size>0x2c</size>
         <input_file_ref idref="fl-13d"/>
      </object_component>
      <object_component id="oc-264">
         <name>.debug_info</name>
         <load_address>0xa923</load_address>
         <run_address>0xa923</run_address>
         <size>0xcf</size>
         <input_file_ref idref="fl-13e"/>
      </object_component>
      <object_component id="oc-200">
         <name>.debug_info</name>
         <load_address>0xa9f2</load_address>
         <run_address>0xa9f2</run_address>
         <size>0xdb</size>
         <input_file_ref idref="fl-13e"/>
      </object_component>
      <object_component id="oc-1d3">
         <name>.debug_info</name>
         <load_address>0xaacd</load_address>
         <run_address>0xaacd</run_address>
         <size>0xf1</size>
         <input_file_ref idref="fl-13f"/>
      </object_component>
      <object_component id="oc-13e">
         <name>.debug_info</name>
         <load_address>0xabbe</load_address>
         <run_address>0xabbe</run_address>
         <size>0xd8</size>
         <input_file_ref idref="fl-13f"/>
      </object_component>
      <object_component id="oc-2f2">
         <name>.debug_info</name>
         <load_address>0xac96</load_address>
         <run_address>0xac96</run_address>
         <size>0xe2</size>
         <input_file_ref idref="fl-13f"/>
      </object_component>
      <object_component id="oc-21a">
         <name>.debug_info</name>
         <load_address>0xad78</load_address>
         <run_address>0xad78</run_address>
         <size>0x165</size>
         <input_file_ref idref="fl-13f"/>
      </object_component>
      <object_component id="oc-16b">
         <name>.debug_info</name>
         <load_address>0xaedd</load_address>
         <run_address>0xaedd</run_address>
         <size>0x105</size>
         <input_file_ref idref="fl-140"/>
      </object_component>
      <object_component id="oc-170">
         <name>.debug_info</name>
         <load_address>0xafe2</load_address>
         <run_address>0xafe2</run_address>
         <size>0x107</size>
         <input_file_ref idref="fl-140"/>
      </object_component>
      <object_component id="oc-174">
         <name>.debug_info</name>
         <load_address>0xb0e9</load_address>
         <run_address>0xb0e9</run_address>
         <size>0x10b</size>
         <input_file_ref idref="fl-141"/>
      </object_component>
      <object_component id="oc-1c8">
         <name>.debug_info</name>
         <load_address>0xb1f4</load_address>
         <run_address>0xb1f4</run_address>
         <size>0x1bf</size>
         <input_file_ref idref="fl-142"/>
      </object_component>
      <object_component id="oc-133">
         <name>.debug_info</name>
         <load_address>0xb3b3</load_address>
         <run_address>0xb3b3</run_address>
         <size>0x220</size>
         <input_file_ref idref="fl-142"/>
      </object_component>
      <object_component id="oc-1d0">
         <name>.debug_info</name>
         <load_address>0xb5d3</load_address>
         <run_address>0xb5d3</run_address>
         <size>0x283</size>
         <input_file_ref idref="fl-143"/>
      </object_component>
      <object_component id="oc-13a">
         <name>.debug_info</name>
         <load_address>0xb856</load_address>
         <run_address>0xb856</run_address>
         <size>0x33a</size>
         <input_file_ref idref="fl-143"/>
      </object_component>
      <object_component id="oc-1ea">
         <name>.debug_info</name>
         <load_address>0xbb90</load_address>
         <run_address>0xbb90</run_address>
         <size>0xfe</size>
         <input_file_ref idref="fl-144"/>
      </object_component>
      <object_component id="oc-180">
         <name>.debug_info</name>
         <load_address>0xbc8e</load_address>
         <run_address>0xbc8e</run_address>
         <size>0x16e</size>
         <input_file_ref idref="fl-144"/>
      </object_component>
      <object_component id="oc-1f8">
         <name>.debug_info</name>
         <load_address>0xbdfc</load_address>
         <run_address>0xbdfc</run_address>
         <size>0x142</size>
         <input_file_ref idref="fl-145"/>
      </object_component>
      <object_component id="oc-187">
         <name>.debug_info</name>
         <load_address>0xbf3e</load_address>
         <run_address>0xbf3e</run_address>
         <size>0x165</size>
         <input_file_ref idref="fl-145"/>
      </object_component>
      <object_component id="oc-22e">
         <name>.debug_info</name>
         <load_address>0xc0a3</load_address>
         <run_address>0xc0a3</run_address>
         <size>0x481</size>
         <input_file_ref idref="fl-146"/>
      </object_component>
      <object_component id="oc-22b">
         <name>.debug_info</name>
         <load_address>0xc524</load_address>
         <run_address>0xc524</run_address>
         <size>0xf7</size>
         <input_file_ref idref="fl-146"/>
      </object_component>
      <object_component id="oc-1c3">
         <name>.debug_info</name>
         <load_address>0xc61b</load_address>
         <run_address>0xc61b</run_address>
         <size>0xaec</size>
         <input_file_ref idref="fl-146"/>
      </object_component>
      <object_component id="oc-290">
         <name>.debug_info</name>
         <load_address>0xd107</load_address>
         <run_address>0xd107</run_address>
         <size>0x120</size>
         <input_file_ref idref="fl-146"/>
      </object_component>
      <object_component id="oc-230">
         <name>.debug_info</name>
         <load_address>0xd227</load_address>
         <run_address>0xd227</run_address>
         <size>0x2c</size>
         <input_file_ref idref="fl-146"/>
      </object_component>
      <object_component id="oc-1e2">
         <name>.debug_info</name>
         <load_address>0xd253</load_address>
         <run_address>0xd253</run_address>
         <size>0x12d</size>
         <input_file_ref idref="fl-147"/>
      </object_component>
      <object_component id="oc-179">
         <name>.debug_info</name>
         <load_address>0xd380</load_address>
         <run_address>0xd380</run_address>
         <size>0x1a3</size>
         <input_file_ref idref="fl-147"/>
      </object_component>
      <object_component id="oc-1fe">
         <name>.debug_info</name>
         <load_address>0xd523</load_address>
         <run_address>0xd523</run_address>
         <size>0xd2</size>
         <input_file_ref idref="fl-148"/>
      </object_component>
      <object_component id="oc-197">
         <name>.debug_info</name>
         <load_address>0xd5f5</load_address>
         <run_address>0xd5f5</run_address>
         <size>0x18c</size>
         <input_file_ref idref="fl-148"/>
      </object_component>
      <object_component id="oc-238">
         <name>.debug_info</name>
         <load_address>0xd781</load_address>
         <run_address>0xd781</run_address>
         <size>0xe1</size>
         <input_file_ref idref="fl-149"/>
      </object_component>
      <object_component id="oc-1ca">
         <name>.debug_info</name>
         <load_address>0xd862</load_address>
         <run_address>0xd862</run_address>
         <size>0x20f</size>
         <input_file_ref idref="fl-149"/>
      </object_component>
      <object_component id="oc-1fa">
         <name>.debug_info</name>
         <load_address>0xda71</load_address>
         <run_address>0xda71</run_address>
         <size>0xd6</size>
         <input_file_ref idref="fl-14a"/>
      </object_component>
      <object_component id="oc-18d">
         <name>.debug_info</name>
         <load_address>0xdb47</load_address>
         <run_address>0xdb47</run_address>
         <size>0x211</size>
         <input_file_ref idref="fl-14a"/>
      </object_component>
      <object_component id="oc-283">
         <name>.debug_info</name>
         <load_address>0xdd58</load_address>
         <run_address>0xdd58</run_address>
         <size>0xc6</size>
         <input_file_ref idref="fl-14b"/>
      </object_component>
      <object_component id="oc-21f">
         <name>.debug_info</name>
         <load_address>0xde1e</load_address>
         <run_address>0xde1e</run_address>
         <size>0x225</size>
         <input_file_ref idref="fl-14b"/>
      </object_component>
      <object_component id="oc-1dd">
         <name>.debug_info</name>
         <load_address>0xe043</load_address>
         <run_address>0xe043</run_address>
         <size>0xcb</size>
         <input_file_ref idref="fl-14c"/>
      </object_component>
      <object_component id="oc-164">
         <name>.debug_info</name>
         <load_address>0xe10e</load_address>
         <run_address>0xe10e</run_address>
         <size>0x1f7</size>
         <input_file_ref idref="fl-14c"/>
      </object_component>
      <object_component id="oc-285">
         <name>.debug_info</name>
         <load_address>0xe305</load_address>
         <run_address>0xe305</run_address>
         <size>0xd7</size>
         <input_file_ref idref="fl-14d"/>
      </object_component>
      <object_component id="oc-225">
         <name>.debug_info</name>
         <load_address>0xe3dc</load_address>
         <run_address>0xe3dc</run_address>
         <size>0x226</size>
         <input_file_ref idref="fl-14d"/>
      </object_component>
      <object_component id="oc-2d4">
         <name>.debug_info</name>
         <load_address>0xe602</load_address>
         <run_address>0xe602</run_address>
         <size>0x24e</size>
         <input_file_ref idref="fl-14e"/>
      </object_component>
      <object_component id="oc-288">
         <name>.debug_info</name>
         <load_address>0xe850</load_address>
         <run_address>0xe850</run_address>
         <size>0xa0e</size>
         <input_file_ref idref="fl-14e"/>
      </object_component>
      <object_component id="oc-2d7">
         <name>.debug_info</name>
         <load_address>0xf25e</load_address>
         <run_address>0xf25e</run_address>
         <size>0x39</size>
         <input_file_ref idref="fl-14e"/>
      </object_component>
      <object_component id="oc-2fc">
         <name>.debug_info</name>
         <load_address>0xf297</load_address>
         <run_address>0xf297</run_address>
         <size>0xf6</size>
         <input_file_ref idref="fl-14f"/>
      </object_component>
      <object_component id="oc-2f9">
         <name>.debug_info</name>
         <load_address>0xf38d</load_address>
         <run_address>0xf38d</run_address>
         <size>0xde</size>
         <input_file_ref idref="fl-14f"/>
      </object_component>
      <object_component id="oc-2c8">
         <name>.debug_info</name>
         <load_address>0xf46b</load_address>
         <run_address>0xf46b</run_address>
         <size>0x262</size>
         <input_file_ref idref="fl-14f"/>
      </object_component>
      <object_component id="oc-15f">
         <name>.debug_info</name>
         <load_address>0xf6cd</load_address>
         <run_address>0xf6cd</run_address>
         <size>0x162</size>
         <input_file_ref idref="fl-150"/>
      </object_component>
      <object_component id="oc-1fc">
         <name>.debug_info</name>
         <load_address>0xf82f</load_address>
         <run_address>0xf82f</run_address>
         <size>0xf3</size>
         <input_file_ref idref="fl-151"/>
      </object_component>
      <object_component id="oc-192">
         <name>.debug_info</name>
         <load_address>0xf922</load_address>
         <run_address>0xf922</run_address>
         <size>0x13a</size>
         <input_file_ref idref="fl-151"/>
      </object_component>
      <object_component id="oc-24f">
         <name>.debug_info</name>
         <load_address>0xfa5c</load_address>
         <run_address>0xfa5c</run_address>
         <size>0x111</size>
         <input_file_ref idref="fl-152"/>
      </object_component>
      <object_component id="oc-1ec">
         <name>.debug_info</name>
         <load_address>0xfb6d</load_address>
         <run_address>0xfb6d</run_address>
         <size>0x192</size>
         <input_file_ref idref="fl-152"/>
      </object_component>
      <object_component id="oc-29d">
         <name>.debug_info</name>
         <load_address>0xfcff</load_address>
         <run_address>0xfcff</run_address>
         <size>0x86</size>
         <input_file_ref idref="fl-152"/>
      </object_component>
      <object_component id="oc-248">
         <name>.debug_info</name>
         <load_address>0xfd85</load_address>
         <run_address>0xfd85</run_address>
         <size>0xfb</size>
         <input_file_ref idref="fl-153"/>
      </object_component>
      <object_component id="oc-1e5">
         <name>.debug_info</name>
         <load_address>0xfe80</load_address>
         <run_address>0xfe80</run_address>
         <size>0x173</size>
         <input_file_ref idref="fl-153"/>
      </object_component>
      <object_component id="oc-1f2">
         <name>.debug_info</name>
         <load_address>0xfff3</load_address>
         <run_address>0xfff3</run_address>
         <size>0x153</size>
         <input_file_ref idref="fl-154"/>
      </object_component>
      <object_component id="oc-24c">
         <name>.debug_info</name>
         <load_address>0x10146</load_address>
         <run_address>0x10146</run_address>
         <size>0x1b5</size>
         <input_file_ref idref="fl-155"/>
      </object_component>
      <object_component id="oc-218">
         <name>.debug_info</name>
         <load_address>0x102fb</load_address>
         <run_address>0x102fb</run_address>
         <size>0x132</size>
         <input_file_ref idref="fl-156"/>
      </object_component>
      <object_component id="oc-1b7">
         <name>.debug_info</name>
         <load_address>0x1042d</load_address>
         <run_address>0x1042d</run_address>
         <size>0x211</size>
         <input_file_ref idref="fl-156"/>
      </object_component>
      <object_component id="oc-277">
         <name>.debug_info</name>
         <load_address>0x1063e</load_address>
         <run_address>0x1063e</run_address>
         <size>0xbb</size>
         <input_file_ref idref="fl-156"/>
      </object_component>
      <object_component id="oc-257">
         <name>.debug_info</name>
         <load_address>0x106f9</load_address>
         <run_address>0x106f9</run_address>
         <size>0xd6</size>
         <input_file_ref idref="fl-157"/>
      </object_component>
      <object_component id="oc-2ed">
         <name>.debug_info</name>
         <load_address>0x107cf</load_address>
         <run_address>0x107cf</run_address>
         <size>0x13e</size>
         <input_file_ref idref="fl-158"/>
      </object_component>
      <object_component id="oc-2ab">
         <name>.debug_info</name>
         <load_address>0x1090d</load_address>
         <run_address>0x1090d</run_address>
         <size>0x10e</size>
         <input_file_ref idref="fl-158"/>
      </object_component>
      <object_component id="oc-251">
         <name>.debug_info</name>
         <load_address>0x10a1b</load_address>
         <run_address>0x10a1b</run_address>
         <size>0x16f</size>
         <input_file_ref idref="fl-158"/>
      </object_component>
      <object_component id="oc-2e8">
         <name>.debug_info</name>
         <load_address>0x10b8a</load_address>
         <run_address>0x10b8a</run_address>
         <size>0x6f</size>
         <input_file_ref idref="fl-158"/>
      </object_component>
      <object_component id="oc-21d">
         <name>.debug_info</name>
         <load_address>0x10bf9</load_address>
         <run_address>0x10bf9</run_address>
         <size>0x183</size>
         <input_file_ref idref="fl-159"/>
      </object_component>
      <object_component id="oc-1bd">
         <name>.debug_info</name>
         <load_address>0x10d7c</load_address>
         <run_address>0x10d7c</run_address>
         <size>0x23b</size>
         <input_file_ref idref="fl-159"/>
      </object_component>
      <object_component id="oc-268">
         <name>.debug_info</name>
         <load_address>0x10fb7</load_address>
         <run_address>0x10fb7</run_address>
         <size>0x160</size>
         <input_file_ref idref="fl-15a"/>
      </object_component>
      <object_component id="oc-20c">
         <name>.debug_info</name>
         <load_address>0x11117</load_address>
         <run_address>0x11117</run_address>
         <size>0x1c2</size>
         <input_file_ref idref="fl-15a"/>
      </object_component>
      <object_component id="oc-2e5">
         <name>.debug_info</name>
         <load_address>0x112d9</load_address>
         <run_address>0x112d9</run_address>
         <size>0xfd</size>
         <input_file_ref idref="fl-15b"/>
      </object_component>
      <object_component id="oc-2a5">
         <name>.debug_info</name>
         <load_address>0x113d6</load_address>
         <run_address>0x113d6</run_address>
         <size>0x154</size>
         <input_file_ref idref="fl-15b"/>
      </object_component>
      <object_component id="oc-308">
         <name>.debug_info</name>
         <load_address>0x1152a</load_address>
         <run_address>0x1152a</run_address>
         <size>0x2c</size>
         <input_file_ref idref="fl-15b"/>
      </object_component>
      <object_component id="oc-276">
         <name>.debug_info</name>
         <load_address>0x11556</load_address>
         <run_address>0x11556</run_address>
         <size>0x1a1</size>
         <input_file_ref idref="fl-15c"/>
      </object_component>
      <object_component id="oc-212">
         <name>.debug_info</name>
         <load_address>0x116f7</load_address>
         <run_address>0x116f7</run_address>
         <size>0x1e1</size>
         <input_file_ref idref="fl-15c"/>
      </object_component>
      <object_component id="oc-305">
         <name>.debug_info</name>
         <load_address>0x118d8</load_address>
         <run_address>0x118d8</run_address>
         <size>0x11d</size>
         <input_file_ref idref="fl-15d"/>
      </object_component>
      <object_component id="oc-302">
         <name>.debug_info</name>
         <load_address>0x119f5</load_address>
         <run_address>0x119f5</run_address>
         <size>0xdb</size>
         <input_file_ref idref="fl-15d"/>
      </object_component>
      <object_component id="oc-2df">
         <name>.debug_info</name>
         <load_address>0x11ad0</load_address>
         <run_address>0x11ad0</run_address>
         <size>0x16a</size>
         <input_file_ref idref="fl-15d"/>
      </object_component>
      <object_component id="oc-2fe">
         <name>.debug_info</name>
         <load_address>0x11c3a</load_address>
         <run_address>0x11c3a</run_address>
         <size>0xd1</size>
         <input_file_ref idref="fl-15e"/>
      </object_component>
      <object_component id="oc-2d0">
         <name>.debug_info</name>
         <load_address>0x11d0b</load_address>
         <run_address>0x11d0b</run_address>
         <size>0x1fe</size>
         <input_file_ref idref="fl-15e"/>
      </object_component>
      <object_component id="oc-298">
         <name>.debug_info</name>
         <load_address>0x11f09</load_address>
         <run_address>0x11f09</run_address>
         <size>0xc6</size>
         <input_file_ref idref="fl-15f"/>
      </object_component>
      <object_component id="oc-242">
         <name>.debug_info</name>
         <load_address>0x11fcf</load_address>
         <run_address>0x11fcf</run_address>
         <size>0x14d</size>
         <input_file_ref idref="fl-15f"/>
      </object_component>
      <object_component id="oc-2c0">
         <name>.debug_info</name>
         <load_address>0x1211c</load_address>
         <run_address>0x1211c</run_address>
         <size>0x21d</size>
         <input_file_ref idref="fl-160"/>
      </object_component>
      <object_component id="oc-270">
         <name>.debug_info</name>
         <load_address>0x12339</load_address>
         <run_address>0x12339</run_address>
         <size>0x436</size>
         <input_file_ref idref="fl-160"/>
      </object_component>
      <object_component id="oc-b5">
         <name>.debug_info</name>
         <load_address>0x1276f</load_address>
         <run_address>0x1276f</run_address>
         <size>0x2c</size>
         <input_file_ref idref="fl-160"/>
      </object_component>
      <object_component id="oc-7a">
         <name>.debug_info</name>
         <load_address>0x1279b</load_address>
         <run_address>0x1279b</run_address>
         <size>0x203</size>
         <input_file_ref idref="fl-161"/>
      </object_component>
      <object_component id="oc-2c">
         <name>.debug_info</name>
         <load_address>0x1299e</load_address>
         <run_address>0x1299e</run_address>
         <size>0xe2</size>
         <input_file_ref idref="fl-161"/>
      </object_component>
      <object_component id="oc-2b5">
         <name>.debug_info</name>
         <load_address>0x12a80</load_address>
         <run_address>0x12a80</run_address>
         <size>0x12d</size>
         <input_file_ref idref="fl-161"/>
      </object_component>
      <object_component id="oc-26a">
         <name>.debug_info</name>
         <load_address>0x12bad</load_address>
         <run_address>0x12bad</run_address>
         <size>0x86c</size>
         <input_file_ref idref="fl-161"/>
      </object_component>
      <object_component id="oc-ba">
         <name>.debug_info</name>
         <load_address>0x13419</load_address>
         <run_address>0x13419</run_address>
         <size>0x62</size>
         <input_file_ref idref="fl-161"/>
      </object_component>
      <object_component id="oc-2f5">
         <name>.debug_info</name>
         <load_address>0x1347b</load_address>
         <run_address>0x1347b</run_address>
         <size>0x1e1</size>
         <input_file_ref idref="fl-162"/>
      </object_component>
      <object_component id="oc-2b9">
         <name>.debug_info</name>
         <load_address>0x1365c</load_address>
         <run_address>0x1365c</run_address>
         <size>0x279</size>
         <input_file_ref idref="fl-162"/>
      </object_component>
      <object_component id="oc-344">
         <name>.debug_info</name>
         <load_address>0x138d5</load_address>
         <run_address>0x138d5</run_address>
         <size>0x98</size>
      </object_component>
      <object_component id="oc-143">
         <name>.debug_line</name>
         <load_address>0x0</load_address>
         <run_address>0x0</run_address>
         <size>0x2d</size>
         <input_file_ref idref="fl-2"/>
      </object_component>
      <object_component id="oc-154">
         <name>.debug_line</name>
         <load_address>0x2d</load_address>
         <run_address>0x2d</run_address>
         <size>0x2d</size>
         <input_file_ref idref="fl-2"/>
      </object_component>
      <object_component id="oc-156">
         <name>.debug_line</name>
         <load_address>0x5a</load_address>
         <run_address>0x5a</run_address>
         <size>0x2d</size>
         <input_file_ref idref="fl-2"/>
      </object_component>
      <object_component id="oc-158">
         <name>.debug_line</name>
         <load_address>0x87</load_address>
         <run_address>0x87</run_address>
         <size>0x2d</size>
         <input_file_ref idref="fl-2"/>
      </object_component>
      <object_component id="oc-15a">
         <name>.debug_line</name>
         <load_address>0xb4</load_address>
         <run_address>0xb4</run_address>
         <size>0x2d</size>
         <input_file_ref idref="fl-2"/>
      </object_component>
      <object_component id="oc-a4">
         <name>.debug_line</name>
         <load_address>0xe1</load_address>
         <run_address>0xe1</run_address>
         <size>0x73</size>
         <input_file_ref idref="fl-2"/>
      </object_component>
      <object_component id="oc-147">
[...]
      </symbol>
      <symbol id="sm-125">
         <name>abort</name>
         <value>0x32cd</value>
         <object_component_ref idref="oc-6e"/>
      </symbol>
      <symbol id="sm-126">
         <name>exit</name>
         <value>0x32d5</value>
         <object_component_ref idref="oc-6e"/>
      </symbol>
      <symbol id="sm-127">
         <name>__TI_dtors_ptr</name>
         <value>0x20000aa0</value>
         <object_component_ref idref="oc-ab"/>
      </symbol>
      <symbol id="sm-128">
         <name>__TI_cleanup_ptr</name>
         <value>0x20000a9c</value>
         <object_component_ref idref="oc-ab"/>
      </symbol>
      <symbol id="sm-14c">
         <name>__aeabi_dsub</name>
         <value>0x2185</value>
         <object_component_ref idref="oc-dc"/>
      </symbol>
      <symbol id="sm-14d">
         <name>__aeabi_dadd</name>
         <value>0x218f</value>
         <object_component_ref idref="oc-dc"/>
      </symbol>
      <symbol id="sm-16d">
         <name>__aeabi_ddiv</name>
         <value>0x233b</value>
         <object_component_ref idref="oc-d7"/>
      </symbol>
      <symbol id="sm-184">
         <name>__aeabi_dmul</name>
         <value>0x26b5</value>
         <object_component_ref idref="oc-d2"/>
      </symbol>
      <symbol id="sm-190">
         <name>__aeabi_i2d</name>
         <value>0x3411</value>
         <object_component_ref idref="oc-cd"/>
      </symbol>
      <symbol id="sm-1ab">
         <name>memcpy</name>
         <value>0x2abf</value>
         <object_component_ref idref="oc-37"/>
      </symbol>
      <symbol id="sm-1ac">
         <name>__aeabi_memcpy</name>
         <value>0x2abf</value>
         <object_component_ref idref="oc-37"/>
      </symbol>
      <symbol id="sm-1ad">
         <name>__aeabi_memcpy8</name>
         <value>0x2abf</value>
         <object_component_ref idref="oc-37"/>
      </symbol>
      <symbol id="sm-1ae">
         <name>__aeabi_memcpy4</name>
         <value>0x2abf</value>
         <object_component_ref idref="oc-37"/>
      </symbol>
      <symbol id="sm-1bd">
         <name>__aeabi_memset</name>
         <value>0x2d9b</value>
         <object_component_ref idref="oc-50"/>
      </symbol>
      <symbol id="sm-1be">
         <name>memset</name>
         <value>0x2da1</value>
         <object_component_ref idref="oc-50"/>
      </symbol>
      <symbol id="sm-1bf">
         <name>__aeabi_memset8</name>
         <value>0x2d9b</value>
         <object_component_ref idref="oc-50"/>
      </symbol>
      <symbol id="sm-1c0">
         <name>__aeabi_memset4</name>
         <value>0x2d9b</value>
         <object_component_ref idref="oc-50"/>
      </symbol>
      <symbol id="sm-1c1">
         <name>__aeabi_memclr8</name>
         <value>0x2d99</value>
         <object_component_ref idref="oc-50"/>
      </symbol>
      <symbol id="sm-1c2">
         <name>__aeabi_memclr4</name>
         <value>0x2d99</value>
         <object_component_ref idref="oc-50"/>
      </symbol>
      <symbol id="sm-1c3">
         <name>__aeabi_memclr</name>
         <value>0x2d99</value>
         <object_component_ref idref="oc-50"/>
      </symbol>
      <symbol id="sm-1cd">
         <name>_system_pre_init</name>
         <value>0x3585</value>
         <object_component_ref idref="oc-5c"/>
      </symbol>
      <symbol id="sm-1f0">
         <name>printf</name>
         <value>0x2e1d</value>
         <object_component_ref idref="oc-e7"/>
      </symbol>
      <symbol id="sm-209">
         <name>sprintf</name>
         <value>0x3091</value>
         <object_component_ref idref="oc-e1"/>
      </symbol>
      <symbol id="sm-211">
         <name>main_func_sp</name>
         <value>0x20000ab4</value>
         <object_component_ref idref="oc-74"/>
      </symbol>
      <symbol id="sm-22a">
         <name>_nop</name>
         <value>0x352b</value>
         <object_component_ref idref="oc-10b"/>
      </symbol>
      <symbol id="sm-22b">
         <name>_lock</name>
         <value>0x20000a94</value>
         <object_component_ref idref="oc-a8"/>
      </symbol>
      <symbol id="sm-22c">
         <name>_unlock</name>
         <value>0x20000a98</value>
         <object_component_ref idref="oc-a8"/>
      </symbol>
      <symbol id="sm-22d">
         <name>_register_lock</name>
         <value>0x3523</value>
         <object_component_ref idref="oc-10b"/>
      </symbol>
      <symbol id="sm-22e">
         <name>_register_unlock</name>
         <value>0x351d</value>
         <object_component_ref idref="oc-10b"/>
      </symbol>
      <symbol id="sm-333">
         <name>__TI_printfi</name>
         <value>0xef9</value>
         <object_component_ref idref="oc-124"/>
      </symbol>
      <symbol id="sm-348">
         <name>_args_main</name>
         <value>0x34d5</value>
         <object_component_ref idref="oc-68"/>
      </symbol>
      <symbol id="sm-35e">
         <name>atoi</name>
         <value>0x31e9</value>
         <object_component_ref idref="oc-19c"/>
      </symbol>
      <symbol id="sm-384">
         <name>__TI_auto_init</name>
         <value>0x2e85</value>
         <object_component_ref idref="oc-62"/>
      </symbol>
      <symbol id="sm-39e">
         <name>copy_in</name>
         <value>0x3235</value>
         <object_component_ref idref="oc-98"/>
      </symbol>
      <symbol id="sm-3a9">
         <name>_ctypes_</name>
         <value>0x3588</value>
         <object_component_ref idref="oc-1ff"/>
      </symbol>
      <symbol id="sm-3c2">
         <name>__aeabi_stdout</name>
         <value>0x20000a80</value>
         <object_component_ref idref="oc-219"/>
      </symbol>
      <symbol id="sm-3c3">
         <name>__TI_tmpnams</name>
         <value>0x20000520</value>
         <object_component_ref idref="oc-2f1"/>
      </symbol>
      <symbol id="sm-3c4">
         <name>__aeabi_stderr</name>
         <value>0x20000a84</value>
         <object_component_ref idref="oc-219"/>
      </symbol>
      <symbol id="sm-3c5">
         <name>__aeabi_stdin</name>
         <value>0x20000a7c</value>
         <object_component_ref idref="oc-219"/>
      </symbol>
      <symbol id="sm-3c6">
         <name>_ftable</name>
         <value>0x20000788</value>
         <object_component_ref idref="oc-13d"/>
      </symbol>
      <symbol id="sm-3c7">
         <name>__TI_ft_end</name>
         <value>0x20000a78</value>
         <object_component_ref idref="oc-219"/>
      </symbol>
      <symbol id="sm-3ee">
         <name>__aeabi_cdcmpeq</name>
         <value>0x2c8d</value>
         <object_component_ref idref="oc-169"/>
      </symbol>
      <symbol id="sm-3ef">
         <name>__aeabi_cdcmple</name>
         <value>0x2c8d</value>
         <object_component_ref idref="oc-169"/>
      </symbol>
      <symbol id="sm-3f0">
         <name>__aeabi_cdrcmple</name>
         <value>0x2d13</value>
         <object_component_ref idref="oc-16e"/>
      </symbol>
      <symbol id="sm-3fe">
         <name>__aeabi_d2iz</name>
         <value>0x3281</value>
         <object_component_ref idref="oc-173"/>
      </symbol>
      <symbol id="sm-415">
         <name>putc</name>
         <value>0x2bf5</value>
         <object_component_ref idref="oc-131"/>
      </symbol>
      <symbol id="sm-416">
         <name>fputc</name>
         <value>0x2bf5</value>
         <object_component_ref idref="oc-131"/>
      </symbol>
      <symbol id="sm-417">
         <name>putchar</name>
         <value>0x2c79</value>
         <object_component_ref idref="oc-131"/>
      </symbol>
      <symbol id="sm-439">
         <name>puts</name>
         <value>0x257d</value>
         <object_component_ref idref="oc-137"/>
      </symbol>
      <symbol id="sm-43a">
         <name>fputs</name>
         <value>0x2471</value>
         <object_component_ref idref="oc-137"/>
      </symbol>
      <symbol id="sm-447">
         <name>frexp</name>
         <value>0x346d</value>
         <object_component_ref idref="oc-17e"/>
      </symbol>
      <symbol id="sm-458">
         <name>ldexp</name>
         <value>0x3147</value>
         <object_component_ref idref="oc-184"/>
      </symbol>
      <symbol id="sm-4aa">
         <name>open</name>
         <value>0x171b</value>
         <object_component_ref idref="oc-1c1"/>
      </symbol>
      <symbol id="sm-4ab">
         <name>add_device</name>
         <value>0x183d</value>
         <object_component_ref idref="oc-1c1"/>
      </symbol>
      <symbol id="sm-4ac">
         <name>remove_device</name>
         <value>0x16cf</value>
         <object_component_ref idref="oc-1c1"/>
      </symbol>
      <symbol id="sm-4ad">
         <name>lseek</name>
         <value>0x17c9</value>
         <object_component_ref idref="oc-1c1"/>
      </symbol>
      <symbol id="sm-4ae">
         <name>read</name>
         <value>0x16f7</value>
         <object_component_ref idref="oc-1c1"/>
      </symbol>
      <symbol id="sm-4af">
         <name>rename</name>
         <value>0x1691</value>
         <object_component_ref idref="oc-1c1"/>
      </symbol>
      <symbol id="sm-4b0">
         <name>write</name>
         <value>0x15dd</value>
         <object_component_ref idref="oc-1c1"/>
      </symbol>
      <symbol id="sm-4b1">
         <name>close</name>
         <value>0x17ed</value>
         <object_component_ref idref="oc-1c1"/>
      </symbol>
      <symbol id="sm-4b2">
         <name>unlink</name>
         <value>0x166d</value>
         <object_component_ref idref="oc-1c1"/>
      </symbol>
      <symbol id="sm-4c1">
         <name>ltoa</name>
         <value>0x30f1</value>
         <object_component_ref idref="oc-178"/>
      </symbol>
      <symbol id="sm-4d1">
         <name>memccpy</name>
         <value>0x34b7</value>
         <object_component_ref idref="oc-196"/>
      </symbol>
      <symbol id="sm-4e1">
         <name>memchr</name>
         <value>0x3497</value>
         <object_component_ref idref="oc-1c9"/>
      </symbol>
      <symbol id="sm-4f1">
         <name>strchr</name>
         <value>0x3505</value>
         <object_component_ref idref="oc-18a"/>
      </symbol>
      <symbol id="sm-500">
         <name>strcmp</name>
         <value>0x34ed</value>
         <object_component_ref idref="oc-21e"/>
      </symbol>
      <symbol id="sm-50e">
         <name>strlen</name>
         <value>0x3545</value>
         <object_component_ref idref="oc-163"/>
      </symbol>
      <symbol id="sm-51e">
         <name>strncpy</name>
         <value>0x3381</value>
         <object_component_ref idref="oc-224"/>
      </symbol>
      <symbol id="sm-53f">
         <name>HOSTgetenv</name>
         <value>0x1aff</value>
         <object_component_ref idref="oc-286"/>
      </symbol>
      <symbol id="sm-540">
         <name>HOSTrename</name>
         <value>0x19a7</value>
         <object_component_ref idref="oc-286"/>
      </symbol>
      <symbol id="sm-541">
         <name>HOSTclose</name>
         <value>0x1b3d</value>
         <object_component_ref idref="oc-286"/>
      </symbol>
      <symbol id="sm-542">
         <name>HOSTunlink</name>
         <value>0x1935</value>
         <object_component_ref idref="oc-286"/>
      </symbol>
      <symbol id="sm-543">
         <name>HOSTlseek</name>
         <value>0x1aa3</value>
         <object_component_ref idref="oc-286"/>
      </symbol>
      <symbol id="sm-544">
         <name>HOSTopen</name>
         <value>0x1a51</value>
         <object_component_ref idref="oc-286"/>
      </symbol>
      <symbol id="sm-545">
         <name>HOSTclock</name>
         <value>0x1b75</value>
         <object_component_ref idref="oc-286"/>
      </symbol>
      <symbol id="sm-546">
         <name>HOSTwrite</name>
         <value>0x18e9</value>
         <object_component_ref idref="oc-286"/>
      </symbol>
      <symbol id="sm-547">
         <name>HOSTread</name>
         <value>0x1a05</value>
         <object_component_ref idref="oc-286"/>
      </symbol>
      <symbol id="sm-548">
         <name>HOSTtime</name>
         <value>0x196d</value>
         <object_component_ref idref="oc-286"/>
      </symbol>
      <symbol id="sm-563">
         <name>__TI_readmsg</name>
         <value>0x2f8f</value>
         <object_component_ref idref="oc-2c7"/>
      </symbol>
      <symbol id="sm-564">
         <name>C$$IO$$</name>
         <value>0x2f8b</value>
         <object_component_ref idref="oc-2c7"/>
      </symbol>
      <symbol id="sm-565">
         <name>__CIOBUF_</name>
         <value>0x20000400</value>
         <object_component_ref idref="oc-2f8"/>
      </symbol>
      <symbol id="sm-566">
         <name>__TI_writemsg</name>
         <value>0x2f5d</value>
         <object_component_ref idref="oc-2c7"/>
      </symbol>
      <symbol id="sm-590">
         <name>__aeabi_uldivmod</name>
         <value>0x1dcd</value>
         <object_component_ref idref="oc-15e"/>
      </symbol>
      <symbol id="sm-59e">
         <name>_Dclass</name>
         <value>0x33b1</value>
         <object_component_ref idref="oc-190"/>
      </symbol>
      <symbol id="sm-5bf">
         <name>_Dscale</name>
         <value>0x25a5</value>
         <object_component_ref idref="oc-1eb"/>
      </symbol>
      <symbol id="sm-5d3">
         <name>_Dunscale</name>
         <value>0x2fc5</value>
         <object_component_ref idref="oc-1e3"/>
      </symbol>
      <symbol id="sm-5e2">
         <name>_Feraise</name>
         <value>0x33e1</value>
         <object_component_ref idref="oc-1f1"/>
      </symbol>
      <symbol id="sm-5f2">
         <name>_Rteps</name>
         <value>0x20000a58</value>
         <object_component_ref idref="oc-24b"/>
      </symbol>
      <symbol id="sm-5f3">
         <name>_Zero</name>
         <value>0x20000a70</value>
         <object_component_ref idref="oc-24b"/>
      </symbol>
      <symbol id="sm-5f4">
         <name>_Hugeval</name>
         <value>0x20000a18</value>
         <object_component_ref idref="oc-24b"/>
      </symbol>
      <symbol id="sm-5f5">
         <name>_Snan</name>
         <value>0x20000a48</value>
         <object_component_ref idref="oc-24b"/>
      </symbol>
      <symbol id="sm-5f6">
         <name>_Nan</name>
         <value>0x20000a38</value>
         <object_component_ref idref="oc-24b"/>
      </symbol>
      <symbol id="sm-5f7">
         <name>_Inf</name>
         <value>0x20000a28</value>
         <object_component_ref idref="oc-24b"/>
      </symbol>
      <symbol id="sm-5f8">
         <name>_Xbig</name>
         <value>0x20000a68</value>
         <object_component_ref idref="oc-24b"/>
      </symbol>
      <symbol id="sm-5f9">
         <name>_Eps</name>
         <value>0x20000a08</value>
         <object_component_ref idref="oc-24b"/>
      </symbol>
      <symbol id="sm-5fa">
         <name>_Denorm</name>
         <value>0x200009f8</value>
         <object_component_ref idref="oc-24b"/>
      </symbol>
      <symbol id="sm-618">
         <name>__TI_wrt_ok</name>
         <value>0x2a13</value>
         <object_component_ref idref="oc-1b5"/>
      </symbol>
      <symbol id="sm-619">
         <name>__TI_rd_ok</name>
         <value>0x2a75</value>
         <object_component_ref idref="oc-1b5"/>
      </symbol>
      <symbol id="sm-621">
         <name>_Errno</name>
         <value>0x20000aac</value>
         <object_component_ref idref="oc-256"/>
      </symbol>
      <symbol id="sm-63f">
         <name>feraiseexcept</name>
         <value>0x334d</value>
         <object_component_ref idref="oc-250"/>
      </symbol>
      <symbol id="sm-640">
         <name>_Tls_setup__Fenv</name>
         <value>0x20000aa8</value>
         <object_component_ref idref="oc-2aa"/>
      </symbol>
      <symbol id="sm-641">
         <name>_Fenv</name>
         <value>0x20000aa4</value>
         <object_component_ref idref="oc-2aa"/>
      </symbol>
      <symbol id="sm-65b">
         <name>__TI_doflush</name>
         <value>0x288d</value>
         <object_component_ref idref="oc-1bb"/>
      </symbol>
      <symbol id="sm-65c">
         <name>fflush</name>
         <value>0x28d9</value>
         <object_component_ref idref="oc-1bb"/>
      </symbol>
      <symbol id="sm-66e">
         <name>fseek</name>
         <value>0x302d</value>
         <object_component_ref idref="oc-20b"/>
      </symbol>
      <symbol id="sm-682">
         <name>raise</name>
         <value>0x343f</value>
         <object_component_ref idref="oc-2a4"/>
      </symbol>
      <symbol id="sm-69e">
         <name>setvbuf</name>
         <value>0x27b1</value>
         <object_component_ref idref="oc-211"/>
      </symbol>
      <symbol id="sm-6b8">
         <name>signal</name>
         <value>0x330d</value>
         <object_component_ref idref="oc-2de"/>
      </symbol>
      <symbol id="sm-6c6">
         <name>strcpy</name>
         <value>0x3531</value>
         <object_component_ref idref="oc-2cd"/>
      </symbol>
      <symbol id="sm-6db">
         <name>_Dnorm</name>
         <value>0x2955</value>
         <object_component_ref idref="oc-241"/>
      </symbol>
      <symbol id="sm-712">
         <name>__TI_cleanup</name>
         <value>0x2089</value>
         <object_component_ref idref="oc-26f"/>
      </symbol>
      <symbol id="sm-713">
         <name>freopen</name>
         <value>0x20b5</value>
         <object_component_ref idref="oc-26f"/>
      </symbol>
      <symbol id="sm-714">
         <name>fopen</name>
         <value>0x20df</value>
         <object_component_ref idref="oc-26f"/>
      </symbol>
      <symbol id="sm-786">
         <name>_sys_memory</name>
         <value>0x20000000</value>
         <object_component_ref idref="oc-2b"/>
      </symbol>
      <symbol id="sm-787">
         <name>free</name>
         <value>0x12f7</value>
         <object_component_ref idref="oc-269"/>
      </symbol>
      <symbol id="sm-788">
         <name>realloc</name>
         <value>0x13b9</value>
         <object_component_ref idref="oc-269"/>
      </symbol>
      <symbol id="sm-789">
         <name>memalign</name>
         <value>0x14c5</value>
         <object_component_ref idref="oc-269"/>
      </symbol>
      <symbol id="sm-78a">
         <name>calloc</name>
         <value>0x15a9</value>
         <object_component_ref idref="oc-269"/>
      </symbol>
      <symbol id="sm-78b">
         <name>malloc</name>
         <value>0x128f</value>
         <object_component_ref idref="oc-269"/>
      </symbol>
      <symbol id="sm-78c">
         <name>minit</name>
         <value>0x1201</value>
         <object_component_ref idref="oc-269"/>
      </symbol>
      <symbol id="sm-7a2">
         <name>__TI_closefile</name>
         <value>0x2b5d</value>
         <object_component_ref idref="oc-2b8"/>
      </symbol>
      <symbol id="sm-7a3">
         <name>fclose</name>
         <value>0x2bc3</value>
         <object_component_ref idref="oc-2b8"/>
      </symbol>
      <symbol id="sm-7a5">
         <name>__TI_static_base__</name>
         <value>0x0</value>
      </symbol>
      <symbol id="sm-7a8">
         <name>SHT$$INIT_ARRAY$$Limit</name>
         <value>0x0</value>
      </symbol>
      <symbol id="sm-7a9">
         <name>SHT$$INIT_ARRAY$$Base</name>
         <value>0x0</value>
      </symbol>
      <symbol id="sm-7aa">
         <name>remove</name>
         <value>0x166d</value>
      </symbol>
   </symbol_table>
   <title>Link successful</title>
</link_info>
