******************************************************************************
                  TI ARM Linker PC v5.2.6                      
******************************************************************************
>> Linked Sat Nov 03 15:12:00 2018

OUTPUT FILE NAME:   <HW5_prob_3a.out>
ENTRY POINT SYMBOL: "_c_int00"  address: 000003c5


MEMORY CONFIGURATION

         name            origin    length      used     unused   attr    fill
----------------------  --------  ---------  --------  --------  ----  --------
  MAIN                  00000000   00040000  00000514  0003faec  R  X
  INFO                  00200000   00004000  00000000  00004000  R  X
  SRAM_CODE             01000000   00010000  00000000  00010000  RW X
  SRAM_DATA             20000000   00010000  00000214  0000fdec  RW  


SEGMENT ALLOCATION MAP

run origin  load origin   length   init length attrs members
----------  ----------- ---------- ----------- ----- -------
00000000    00000000    00000518   00000518    r-x
  00000000    00000000    00000144   00000144    r-- .intvecs
  00000144    00000144    000003b0   000003b0    r-x .text
  000004f8    000004f8    00000020   00000020    r-- .cinit
20000000    20000000    00000014   00000000    rw-
  20000000    20000000    00000014   00000000    rw- .data
2000fe00    2000fe00    00000200   00000000    rw-
  2000fe00    2000fe00    00000200   00000000    rw- .stack


SECTION ALLOCATION MAP

 output                                  attributes/
section   page    origin      length       input sections
--------  ----  ----------  ----------   ----------------
.intvecs   0    00000000    00000144     
                  00000000    00000144     msp432_startup_ccs.obj (.intvecs)

.text      0    00000144    000003b0     
                  00000144    0000009c     rtsv7M4_T_le_v4SPD16_eabi.lib : memcpy_t2.obj (.text)
                  000001e0    00000090     main.obj (.text)
                  00000270    0000007a     rtsv7M4_T_le_v4SPD16_eabi.lib : memset_t2.obj (.text)
                  000002ea    00000002     --HOLE-- [fill = 0]
                  000002ec    0000006c                                   : autoinit.obj (.text)
                  00000358    0000006a                                   : copy_decompress_rle.obj (.text)
                  000003c2    00000002     --HOLE-- [fill = 0]
                  000003c4    00000050                                   : boot.obj (.text)
                  00000414    0000004c                                   : cpy_tbl.obj (.text)
                  00000460    00000044                                   : exit.obj (.text)
                  000004a4    00000018                                   : args_main.obj (.text)
                  000004bc    00000014                                   : _lock.obj (.text)
                  000004d0    0000000e                                   : copy_decompress_none.obj (.text:decompress:none)
                  000004de    0000000c     msp432_startup_ccs.obj (.text)
                  000004ea    00000006     rtsv7M4_T_le_v4SPD16_eabi.lib : copy_decompress_rle.obj (.text:decompress:rle24)
                  000004f0    00000004                                   : pre_init.obj (.text)

.cinit     0    000004f8    00000020     
                  000004f8    0000000f     (.cinit..data.load) [load image, compression = rle]
                  00000507    00000001     --HOLE-- [fill = 0]
                  00000508    00000008     (__TI_handler_table)
                  00000510    00000008     (__TI_cinit_table)

.data      0    20000000    00000014     UNINITIALIZED
                  20000000    00000008     rtsv7M4_T_le_v4SPD16_eabi.lib : _lock.obj (.data)
                  20000008    00000008                                   : exit.obj (.data)
                  20000010    00000004                                   : stkdepth_vars.obj (.data)

.TI.persistent 
*          0    20000000    00000000     UNINITIALIZED

.stack     0    2000fe00    00000200     UNINITIALIZED
                  2000fe00    00000200     --HOLE--


LINKER GENERATED COPY TABLES

__TI_cinit_table @ 00000510 records: 1, size/record: 8, table size: 8
	.data: load addr=000004f8, load size=0000000f bytes, run addr=20000000, run size=00000014 bytes, compression=rle


LINKER GENERATED HANDLER TABLE

__TI_handler_table @ 00000508 records: 2, size/record: 4, table size: 8
	index: 0, handler: __TI_decompress_rle24
	index: 1, handler: __TI_decompress_none


GLOBAL SYMBOLS: SORTED ALPHABETICALLY BY Name 

address   name                    
-------   ----                    
00000461  C$$EXIT                 
UNDEFED   SHT$$INIT_ARRAY$$Base   
UNDEFED   SHT$$INIT_ARRAY$$Limit  
4000480c  WDTCTL_SYM              
20010000  __STACK_END             
00000200  __STACK_SIZE            
00000510  __TI_CINIT_Base         
00000518  __TI_CINIT_Limit        
00000508  __TI_Handler_Table_Base 
00000510  __TI_Handler_Table_Limit
000002ed  __TI_auto_init          
20000008  __TI_cleanup_ptr        
000004d1  __TI_decompress_none    
000004eb  __TI_decompress_rle24   
2000000c  __TI_dtors_ptr          
00000000  __TI_static_base__      
00000271  __aeabi_memclr          
00000271  __aeabi_memclr4         
00000271  __aeabi_memclr8         
00000145  __aeabi_memcpy          
00000145  __aeabi_memcpy4         
00000145  __aeabi_memcpy8         
00000273  __aeabi_memset          
00000273  __aeabi_memset4         
00000273  __aeabi_memset8         
ffffffff  __binit__               
ffffffff  __c_args__              
2000fe00  __stack                 
000004a5  _args_main              
000003c5  _c_int00                
20000000  _lock                   
000004cb  _nop                    
000004c3  _register_lock          
000004bd  _register_unlock        
000004f1  _system_pre_init        
20000004  _unlock                 
00000465  abort                   
ffffffff  binit                   
00000415  copy_in                 
0000046d  exit                    
00000000  interruptVectors        
000001e1  main                    
20000010  main_func_sp            
00000145  memcpy                  
00000279  memset                  


GLOBAL SYMBOLS: SORTED BY Symbol Address 

address   name                    
-------   ----                    
00000000  __TI_static_base__      
00000000  interruptVectors        
00000145  __aeabi_memcpy          
00000145  __aeabi_memcpy4         
00000145  __aeabi_memcpy8         
00000145  memcpy                  
000001e1  main                    
00000200  __STACK_SIZE            
00000271  __aeabi_memclr          
00000271  __aeabi_memclr4         
00000271  __aeabi_memclr8         
00000273  __aeabi_memset          
00000273  __aeabi_memset4         
00000273  __aeabi_memset8         
00000279  memset                  
000002ed  __TI_auto_init          
000003c5  _c_int00                
00000415  copy_in                 
00000461  C$$EXIT                 
00000465  abort                   
0000046d  exit                    
000004a5  _args_main              
000004bd  _register_unlock        
000004c3  _register_lock          
000004cb  _nop                    
000004d1  __TI_decompress_none    
000004eb  __TI_decompress_rle24   
000004f1  _system_pre_init        
00000508  __TI_Handler_Table_Base 
00000510  __TI_CINIT_Base         
00000510  __TI_Handler_Table_Limit
00000518  __TI_CINIT_Limit        
20000000  _lock                   
20000004  _unlock                 
20000008  __TI_cleanup_ptr        
2000000c  __TI_dtors_ptr          
20000010  main_func_sp            
2000fe00  __stack                 
20010000  __STACK_END             
4000480c  WDTCTL_SYM              
ffffffff  __binit__               
ffffffff  __c_args__              
ffffffff  binit                   
UNDEFED   SHT$$INIT_ARRAY$$Base   
UNDEFED   SHT$$INIT_ARRAY$$Limit  

[45 symbols]
