******************************************************************************
                  TI ARM Linker PC v5.2.6                      
******************************************************************************
>> Linked Fri Apr 05 00:16:10 2019

OUTPUT FILE NAME:   <juniorpractice.out>
ENTRY POINT SYMBOL: "_c_int00"  address: 00003249


MEMORY CONFIGURATION

         name            origin    length      used     unused   attr    fill
----------------------  --------  ---------  --------  --------  ----  --------
  MAIN                  00000000   00040000  00003861  0003c79f  R  X
  INFO                  00200000   00004000  00000000  00004000  R  X
  SRAM_CODE             01000000   00010000  00000000  00010000  RW X
  SRAM_DATA             20000000   00010000  00000b20  0000f4e0  RW  


SEGMENT ALLOCATION MAP

run origin  load origin   length   init length attrs members
----------  ----------- ---------- ----------- ----- -------
00000000    00000000    00003868   00003868    r-x
  00000000    00000000    00000144   00000144    r-- .intvecs
  00000144    00000144    0000354c   0000354c    r-x .text
  00003690    00003690    00000101   00000101    r-- .const
  00003798    00003798    000000d0   000000d0    r-- .cinit
20000000    20000000    00000920   00000000    rw-
  20000000    20000000    00000400   00000000    rw- .sysmem
  20000400    20000400    00000330   00000000    rw- .data
  20000730    20000730    000001f0   00000000    rw- .bss
2000fe00    2000fe00    00000200   00000000    rw-
  2000fe00    2000fe00    00000200   00000000    rw- .stack


SECTION ALLOCATION MAP

 output                                  attributes/
section   page    origin      length       input sections
--------  ----  ----------  ----------   ----------------
.intvecs   0    00000000    00000144     
                  00000000    00000144     msp432_startup_ccs.obj (.intvecs)

.text      0    00000144    0000354c     
                  00000144    000010ba     rtsv7M4_T_le_v4SPD16_eabi.lib : _printfi.obj (.text)
                  000011fe    00000002     --HOLE-- [fill = 0]
                  00001200    000003dc                                   : memory.obj (.text)
                  000015dc    0000030c                                   : lowlev.obj (.text)
                  000018e8    000002d4                                   : trgdrv.obj (.text)
                  00001bbc    000002b0     main.obj (.text)
                  00001e6c    000001f4     rtsv7M4_T_le_v4SPD16_eabi.lib : ull_div_t2.obj (.text)
                  00002060    000001c4                                   : fopen.obj (.text)
                  00002224    000001b6                                   : fd_add_t2.obj (.text)
                  000023da    00000136                                   : fd_div_t2.obj (.text)
                  00002510    00000134                                   : fputs.obj (.text)
                  00002644    00000110                                   : xdscale.obj (.text)
                  00002754    000000fc                                   : fd_mul_t2.obj (.text)
                  00002850    000000dc                                   : setvbuf.obj (.text)
                  0000292c    000000c8                                   : fflush.obj (.text)
                  000029f4    000000be                                   : xdnorm.obj (.text)
                  00002ab2    000000ac                                   : _io_perm.obj (.text)
                  00002b5e    0000009c                                   : memcpy_t2.obj (.text)
                  00002bfa    00000002     --HOLE-- [fill = 0]
                  00002bfc    00000098                                   : fclose.obj (.text)
                  00002c94    00000098                                   : fputc.obj (.text)
                  00002d2c    00000086                                   : fd_cmp_t2.obj (.text:__aeabi_cdcmple)
                  00002db2    00000086                                   : fd_cmp_t2.obj (.text:__aeabi_cdrcmple)
                  00002e38    0000007a                                   : memset_t2.obj (.text)
                  00002eb2    00000002     --HOLE-- [fill = 0]
                  00002eb4    00000070                                   : printf.obj (.text)
                  00002f24    0000006e                                   : fd_tos_t2.obj (.text)
                  00002f92    00000002     --HOLE-- [fill = 0]
                  00002f94    0000006c                                   : autoinit.obj (.text)
                  00003000    0000006a                                   : copy_decompress_rle.obj (.text)
                  0000306a    00000002     --HOLE-- [fill = 0]
                  0000306c    00000068                                   : trgmsg.obj (.text)
                  000030d4    00000066                                   : xdunscal.obj (.text)
                  0000313a    00000002     --HOLE-- [fill = 0]
                  0000313c    00000064                                   : fseek.obj (.text)
                  000031a0    00000056                                   : ltoa.obj (.text)
                  000031f6    00000052                                   : ldexp.obj (.text)
                  00003248    00000050                                   : boot.obj (.text)
                  00003298    0000004c                                   : atoi.obj (.text)
                  000032e4    0000004c                                   : cpy_tbl.obj (.text)
                  00003330    00000048                                   : fd_toi_t2.obj (.text)
                  00003378    00000044                                   : exit.obj (.text)
                  000033bc    00000040                                   : signal.obj (.text)
                  000033fc    00000038                                   : fs_tod_t2.obj (.text)
                  00003434    00000034                                   : feraiseexcept.obj (.text)
                  00003468    00000030                                   : strncpy.obj (.text)
                  00003498    00000030                                   : xdclass.obj (.text)
                  000034c8    00000030                                   : xferaise.obj (.text)
                  000034f8    0000002e                                   : i_tofd_t2.obj (.text)
                  00003526    0000002e                                   : raise.obj (.text)
                  00003554    0000002a                                   : frexp.obj (.text)
                  0000357e    00000020                                   : memchr.obj (.text)
                  0000359e    00000020                                   : u_tofd_t2.obj (.text)
                  000035be    0000001c                                   : memccpy.obj (.text)
                  000035da    00000002     --HOLE-- [fill = 0]
                  000035dc    00000018                                   : args_main.obj (.text)
                  000035f4    00000018                                   : strcmp.obj (.text)
                  0000360c    00000016                                   : strchr.obj (.text)
                  00003622    00000002     --HOLE-- [fill = 0]
                  00003624    00000014                                   : _lock.obj (.text)
                  00003638    00000014                                   : strcpy.obj (.text)
                  0000364c    00000014                                   : strlen.obj (.text)
                  00003660    0000000e                                   : copy_decompress_none.obj (.text:decompress:none)
                  0000366e    0000000c                                   : copy_zero_init.obj (.text:decompress:ZI)
                  0000367a    0000000c     msp432_startup_ccs.obj (.text)
                  00003686    00000006     rtsv7M4_T_le_v4SPD16_eabi.lib : copy_decompress_rle.obj (.text:decompress:rle24)
                  0000368c    00000004                                   : pre_init.obj (.text)

.const     0    00003690    00000101     
                  00003690    00000101     rtsv7M4_T_le_v4SPD16_eabi.lib : ctype.obj (.const:.string:_ctypes_)

.cinit     0    00003798    000000d0     
                  00003798    000000a6     (.cinit..data.load) [load image, compression = rle]
                  0000383e    00000002     --HOLE-- [fill = 0]
                  00003840    0000000c     (__TI_handler_table)
                  0000384c    00000004     --HOLE-- [fill = 0]
                  00003850    00000008     (.cinit..bss.load) [load image, compression = zero_init]
                  00003858    00000010     (__TI_cinit_table)

.sysmem    0    20000000    00000400     UNINITIALIZED
                  20000000    00000008     rtsv7M4_T_le_v4SPD16_eabi.lib : memory.obj (.sysmem)
                  20000008    000003f8     --HOLE--

.data      0    20000400    00000330     UNINITIALIZED
                  20000400    000000f0     rtsv7M4_T_le_v4SPD16_eabi.lib : defs.obj (.data:_ftable)
                  200004f0    000000d0                                   : lowlev.obj (.data)
                  200005c0    000000b0                                   : signal.obj (.data:sigtable)
                  20000670    00000080                                   : xvalues.obj (.data)
                  200006f0    00000010                                   : defs.obj (.data)
                  20000700    0000000c                                   : memory.obj (.data)
                  2000070c    00000008                                   : _lock.obj (.data)
                  20000714    00000008                                   : exit.obj (.data)
                  2000071c    00000008                                   : feraiseexcept.obj (.data)
                  20000724    00000004                                   : errno.obj (.data)
                  20000728    00000004                                   : fopen.obj (.data)
                  2000072c    00000004                                   : stkdepth_vars.obj (.data)

.TI.persistent 
*          0    20000400    00000000     UNINITIALIZED

.bss       0    20000730    000001f0     UNINITIALIZED
                  20000730    00000120     rtsv7M4_T_le_v4SPD16_eabi.lib : trgmsg.obj (.bss:__CIOBUF_)
                  20000850    000000a0                                   : defs.obj (.bss:__TI_tmpnams)
                  200008f0    00000008     (.common:parmbuf)
                  200008f8    00000004     (.common:a)
                  200008fc    00000004     (.common:b)
                  20000900    00000004     (.common:c)
                  20000904    00000004     (.common:d)
                  20000908    00000004     (.common:r1c1)
                  2000090c    00000004     (.common:r1c2)
                  20000910    00000004     (.common:r2c1)
                  20000914    00000004     (.common:r2c2)
                  20000918    00000002     (.common:ADCvar0)
                  2000091a    00000002     (.common:ADCvar1)
                  2000091c    00000002     (.common:ADCvar4)
                  2000091e    00000002     (.common:ADCvar5)

.TI.noinit 
*          0    20000730    00000000     UNINITIALIZED

.stack     0    2000fe00    00000200     UNINITIALIZED
                  2000fe00    00000200     --HOLE--


LINKER GENERATED COPY TABLES

__TI_cinit_table @ 00003858 records: 2, size/record: 8, table size: 16
	.data: load addr=00003798, load size=000000a6 bytes, run addr=20000400, run size=00000330 bytes, compression=rle
	.bss: load addr=00003850, load size=00000008 bytes, run addr=20000730, run size=000001f0 bytes, compression=zero_init


LINKER GENERATED HANDLER TABLE

__TI_handler_table @ 00003840 records: 3, size/record: 4, table size: 12
	index: 0, handler: __TI_decompress_rle24
	index: 1, handler: __TI_decompress_none
	index: 2, handler: __TI_zero_init


GLOBAL SYMBOLS: SORTED ALPHABETICALLY BY Name 

address   name                    
-------   ----                    
20000918  ADCvar0                 
2000091a  ADCvar1                 
2000091c  ADCvar4                 
2000091e  ADCvar5                 
00003379  C$$EXIT                 
0000309b  C$$IO$$                 
00001b75  HOSTclock               
00001b3d  HOSTclose               
00001aff  HOSTgetenv              
00001aa3  HOSTlseek               
00001a51  HOSTopen                
00001a05  HOSTread                
000019a7  HOSTrename              
0000196d  HOSTtime                
00001935  HOSTunlink              
000018e9  HOSTwrite               
UNDEFED   SHT$$INIT_ARRAY$$Base   
UNDEFED   SHT$$INIT_ARRAY$$Limit  
4000480c  WDTCTL_SYM              
00003499  _Dclass                 
20000670  _Denorm                 
000029f5  _Dnorm                  
00002645  _Dscale                 
000030d5  _Dunscale               
20000680  _Eps                    
20000724  _Errno                  
2000071c  _Fenv                   
000034c9  _Feraise                
20000690  _Hugeval                
200006a0  _Inf                    
200006b0  _Nan                    
200006d0  _Rteps                  
200006c0  _Snan                   
20000720  _Tls_setup__Fenv        
200006e0  _Xbig                   
200006e8  _Zero                   
20000730  __CIOBUF_               
20010000  __STACK_END             
00000200  __STACK_SIZE            
00000400  __SYSMEM_SIZE           
00003858  __TI_CINIT_Base         
00003868  __TI_CINIT_Limit        
00003840  __TI_Handler_Table_Base 
0000384c  __TI_Handler_Table_Limit
00002f95  __TI_auto_init          
00002129  __TI_cleanup            
20000714  __TI_cleanup_ptr        
00002bfd  __TI_closefile          
00003661  __TI_decompress_none    
00003687  __TI_decompress_rle24   
0000292d  __TI_doflush            
20000718  __TI_dtors_ptr          
200006f0  __TI_ft_end             
00000ef9  __TI_printfi            
00002b15  __TI_rd_ok              
0000309f  __TI_readmsg            
00000000  __TI_static_base__      
20000850  __TI_tmpnams            
0000306d  __TI_writemsg           
00002ab3  __TI_wrt_ok             
0000366f  __TI_zero_init          
00002d2d  __aeabi_cdcmpeq         
00002d2d  __aeabi_cdcmple         
00002db3  __aeabi_cdrcmple        
00002f25  __aeabi_d2f             
00003331  __aeabi_d2iz            
0000222f  __aeabi_dadd            
000023db  __aeabi_ddiv            
00002755  __aeabi_dmul            
00002225  __aeabi_dsub            
000033fd  __aeabi_f2d             
000034f9  __aeabi_i2d             
00002e39  __aeabi_memclr          
00002e39  __aeabi_memclr4         
00002e39  __aeabi_memclr8         
00002b5f  __aeabi_memcpy          
00002b5f  __aeabi_memcpy4         
00002b5f  __aeabi_memcpy8         
00002e3b  __aeabi_memset          
00002e3b  __aeabi_memset4         
00002e3b  __aeabi_memset8         
200006fc  __aeabi_stderr          
200006f4  __aeabi_stdin           
200006f8  __aeabi_stdout          
0000359f  __aeabi_ui2d            
00001e6d  __aeabi_uldivmod        
ffffffff  __binit__               
ffffffff  __c_args__              
2000fe00  __stack                 
000035dd  _args_main              
00003249  _c_int00                
00003690  _ctypes_                
20000400  _ftable                 
2000070c  _lock                   
00003633  _nop                    
0000362b  _register_lock          
00003625  _register_unlock        
20000000  _sys_memory             
0000368d  _system_pre_init        
20000710  _unlock                 
200008f8  a                       
0000337d  abort                   
0000183d  add_device              
00003299  atoi                    
200008fc  b                       
ffffffff  binit                   
20000900  c                       
000015a9  calloc                  
000017ed  close                   
000032e5  copy_in                 
20000904  d                       
00003385  exit                    
00002c63  fclose                  
00003435  feraiseexcept           
00002979  fflush                  
0000217f  fopen                   
00002c95  fputc                   
00002511  fputs                   
000012f7  free                    
00002155  freopen                 
00003555  frexp                   
0000313d  fseek                   
00000000  interruptVectors        
000031f7  ldexp                   
000017c9  lseek                   
000031a1  ltoa                    
00001bbd  main                    
2000072c  main_func_sp            
0000128f  malloc                  
000014c5  memalign                
000035bf  memccpy                 
0000357f  memchr                  
00002b5f  memcpy                  
00002e41  memset                  
00001201  minit                   
0000171b  open                    
00002ebd  printf                  
00002c95  putc                    
00002d19  putchar                 
0000261d  puts                    
20000908  r1c1                    
2000090c  r1c2                    
20000910  r2c1                    
20000914  r2c2                    
00003527  raise                   
000016f7  read                    
000013b9  realloc                 
0000166d  remove                  
000016cf  remove_device           
00001691  rename                  
00002851  setvbuf                 
000033bd  signal                  
0000360d  strchr                  
000035f5  strcmp                  
00003639  strcpy                  
0000364d  strlen                  
00003469  strncpy                 
0000166d  unlink                  
000015dd  write                   


GLOBAL SYMBOLS: SORTED BY Symbol Address 

address   name                    
-------   ----                    
00000000  __TI_static_base__      
00000000  interruptVectors        
00000200  __STACK_SIZE            
00000400  __SYSMEM_SIZE           
00000ef9  __TI_printfi            
00001201  minit                   
0000128f  malloc                  
000012f7  free                    
000013b9  realloc                 
000014c5  memalign                
000015a9  calloc                  
000015dd  write                   
0000166d  remove                  
0000166d  unlink                  
00001691  rename                  
000016cf  remove_device           
000016f7  read                    
0000171b  open                    
000017c9  lseek                   
000017ed  close                   
0000183d  add_device              
000018e9  HOSTwrite               
00001935  HOSTunlink              
0000196d  HOSTtime                
000019a7  HOSTrename              
00001a05  HOSTread                
00001a51  HOSTopen                
00001aa3  HOSTlseek               
00001aff  HOSTgetenv              
00001b3d  HOSTclose               
00001b75  HOSTclock               
00001bbd  main                    
00001e6d  __aeabi_uldivmod        
00002129  __TI_cleanup            
00002155  freopen                 
0000217f  fopen                   
00002225  __aeabi_dsub            
0000222f  __aeabi_dadd            
000023db  __aeabi_ddiv            
00002511  fputs                   
0000261d  puts                    
00002645  _Dscale                 
00002755  __aeabi_dmul            
00002851  setvbuf                 
0000292d  __TI_doflush            
00002979  fflush                  
000029f5  _Dnorm                  
00002ab3  __TI_wrt_ok             
00002b15  __TI_rd_ok              
00002b5f  __aeabi_memcpy          
00002b5f  __aeabi_memcpy4         
00002b5f  __aeabi_memcpy8         
00002b5f  memcpy                  
00002bfd  __TI_closefile          
00002c63  fclose                  
00002c95  fputc                   
00002c95  putc                    
00002d19  putchar                 
00002d2d  __aeabi_cdcmpeq         
00002d2d  __aeabi_cdcmple         
00002db3  __aeabi_cdrcmple        
00002e39  __aeabi_memclr          
00002e39  __aeabi_memclr4         
00002e39  __aeabi_memclr8         
00002e3b  __aeabi_memset          
00002e3b  __aeabi_memset4         
00002e3b  __aeabi_memset8         
00002e41  memset                  
00002ebd  printf                  
00002f25  __aeabi_d2f             
00002f95  __TI_auto_init          
0000306d  __TI_writemsg           
0000309b  C$$IO$$                 
0000309f  __TI_readmsg            
000030d5  _Dunscale               
0000313d  fseek                   
000031a1  ltoa                    
000031f7  ldexp                   
00003249  _c_int00                
00003299  atoi                    
000032e5  copy_in                 
00003331  __aeabi_d2iz            
00003379  C$$EXIT                 
0000337d  abort                   
00003385  exit                    
000033bd  signal                  
000033fd  __aeabi_f2d             
00003435  feraiseexcept           
00003469  strncpy                 
00003499  _Dclass                 
000034c9  _Feraise                
000034f9  __aeabi_i2d             
00003527  raise                   
00003555  frexp                   
0000357f  memchr                  
0000359f  __aeabi_ui2d            
000035bf  memccpy                 
000035dd  _args_main              
000035f5  strcmp                  
0000360d  strchr                  
00003625  _register_unlock        
0000362b  _register_lock          
00003633  _nop                    
00003639  strcpy                  
0000364d  strlen                  
00003661  __TI_decompress_none    
0000366f  __TI_zero_init          
00003687  __TI_decompress_rle24   
0000368d  _system_pre_init        
00003690  _ctypes_                
00003840  __TI_Handler_Table_Base 
0000384c  __TI_Handler_Table_Limit
00003858  __TI_CINIT_Base         
00003868  __TI_CINIT_Limit        
20000000  _sys_memory             
20000400  _ftable                 
20000670  _Denorm                 
20000680  _Eps                    
20000690  _Hugeval                
200006a0  _Inf                    
200006b0  _Nan                    
200006c0  _Snan                   
200006d0  _Rteps                  
200006e0  _Xbig                   
200006e8  _Zero                   
200006f0  __TI_ft_end             
200006f4  __aeabi_stdin           
200006f8  __aeabi_stdout          
200006fc  __aeabi_stderr          
2000070c  _lock                   
20000710  _unlock                 
20000714  __TI_cleanup_ptr        
20000718  __TI_dtors_ptr          
2000071c  _Fenv                   
20000720  _Tls_setup__Fenv        
20000724  _Errno                  
2000072c  main_func_sp            
20000730  __CIOBUF_               
20000850  __TI_tmpnams            
200008f8  a                       
200008fc  b                       
20000900  c                       
20000904  d                       
20000908  r1c1                    
2000090c  r1c2                    
20000910  r2c1                    
20000914  r2c2                    
20000918  ADCvar0                 
2000091a  ADCvar1                 
2000091c  ADCvar4                 
2000091e  ADCvar5                 
2000fe00  __stack                 
20010000  __STACK_END             
4000480c  WDTCTL_SYM              
ffffffff  __binit__               
ffffffff  __c_args__              
ffffffff  binit                   
UNDEFED   SHT$$INIT_ARRAY$$Base   
UNDEFED   SHT$$INIT_ARRAY$$Limit  

[159 symbols]
