******************************************************************************
                  TI ARM Linker PC v5.2.6                      
******************************************************************************
>> Linked Tue Oct 02 11:45:35 2018

OUTPUT FILE NAME:   <Homework_3_reworked.out>
ENTRY POINT SYMBOL: "_c_int00"  address: 000007b5


MEMORY CONFIGURATION

         name            origin    length      used     unused   attr    fill
----------------------  --------  ---------  --------  --------  ----  --------
  MAIN                  00000000   00040000  00000928  0003f6d8  R  X
  INFO                  00200000   00004000  00000000  00004000  R  X
  SRAM_CODE             01000000   00010000  00000000  00010000  RW X
  SRAM_DATA             20000000   00010000  00000217  0000fde9  RW  


SEGMENT ALLOCATION MAP

run origin  load origin   length   init length attrs members
----------  ----------- ---------- ----------- ----- -------
00000000    00000000    00000928   00000928    r-x
  00000000    00000000    00000144   00000144    r-- .intvecs
  00000144    00000144    000007ac   000007ac    r-x .text
  000008f0    000008f0    00000038   00000038    r-- .cinit
20000000    20000000    00000017   00000000    rw-
  20000000    20000000    00000016   00000000    rw- .data
  20000016    20000016    00000001   00000000    rw- .bss
2000fe00    2000fe00    00000200   00000000    rw-
  2000fe00    2000fe00    00000200   00000000    rw- .stack


SECTION ALLOCATION MAP

 output                                  attributes/
section   page    origin      length       input sections
--------  ----  ----------  ----------   ----------------
.intvecs   0    00000000    00000144     
                  00000000    00000144     msp432_startup_ccs.obj (.intvecs)

.text      0    00000144    000007ac     
                  00000144    00000480     main.obj (.text)
                  000005c4    0000009c     rtsv7M4_T_le_v4SPD16_eabi.lib : memcpy_t2.obj (.text)
                  00000660    0000007a                                   : memset_t2.obj (.text)
                  000006da    00000002     --HOLE-- [fill = 0]
                  000006dc    0000006c                                   : autoinit.obj (.text)
                  00000748    0000006a                                   : copy_decompress_rle.obj (.text)
                  000007b2    00000002     --HOLE-- [fill = 0]
                  000007b4    00000050                                   : boot.obj (.text)
                  00000804    0000004c                                   : cpy_tbl.obj (.text)
                  00000850    00000044                                   : exit.obj (.text)
                  00000894    00000018                                   : args_main.obj (.text)
                  000008ac    00000014                                   : _lock.obj (.text)
                  000008c0    0000000e                                   : copy_decompress_none.obj (.text:decompress:none)
                  000008ce    0000000c                                   : copy_zero_init.obj (.text:decompress:ZI)
                  000008da    0000000c     msp432_startup_ccs.obj (.text)
                  000008e6    00000006     rtsv7M4_T_le_v4SPD16_eabi.lib : copy_decompress_rle.obj (.text:decompress:rle24)
                  000008ec    00000004                                   : pre_init.obj (.text)

.cinit     0    000008f0    00000038     
                  000008f0    0000000f     (.cinit..data.load) [load image, compression = rle]
                  000008ff    00000001     --HOLE-- [fill = 0]
                  00000900    0000000c     (__TI_handler_table)
                  0000090c    00000004     --HOLE-- [fill = 0]
                  00000910    00000008     (.cinit..bss.load) [load image, compression = zero_init]
                  00000918    00000010     (__TI_cinit_table)

.data      0    20000000    00000016     UNINITIALIZED
                  20000000    00000008     rtsv7M4_T_le_v4SPD16_eabi.lib : _lock.obj (.data)
                  20000008    00000008                                   : exit.obj (.data)
                  20000010    00000004                                   : stkdepth_vars.obj (.data)
                  20000014    00000002     main.obj (.data)

.bss       0    20000016    00000001     UNINITIALIZED
                  20000016    00000001     (.common:currentState)

.TI.persistent 
*          0    20000000    00000000     UNINITIALIZED

.TI.noinit 
*          0    20000016    00000000     UNINITIALIZED

.stack     0    2000fe00    00000200     UNINITIALIZED
                  2000fe00    00000200     --HOLE--


LINKER GENERATED COPY TABLES

__TI_cinit_table @ 00000918 records: 2, size/record: 8, table size: 16
	.data: load addr=000008f0, load size=0000000f bytes, run addr=20000000, run size=00000016 bytes, compression=rle
	.bss: load addr=00000910, load size=00000008 bytes, run addr=20000016, run size=00000001 bytes, compression=zero_init


LINKER GENERATED HANDLER TABLE

__TI_handler_table @ 00000900 records: 3, size/record: 4, table size: 12
	index: 0, handler: __TI_decompress_rle24
	index: 1, handler: __TI_decompress_none
	index: 2, handler: __TI_zero_init


GLOBAL SYMBOLS: SORTED ALPHABETICALLY BY Name 

address   name                    
-------   ----                    
00000851  C$$EXIT                 
20000014  Mode                    
00000489  PORT1_IRQHandler        
UNDEFED   SHT$$INIT_ARRAY$$Base   
UNDEFED   SHT$$INIT_ARRAY$$Limit  
4000480c  WDTCTL_SYM              
20010000  __STACK_END             
00000200  __STACK_SIZE            
00000918  __TI_CINIT_Base         
00000928  __TI_CINIT_Limit        
00000900  __TI_Handler_Table_Base 
0000090c  __TI_Handler_Table_Limit
000006dd  __TI_auto_init          
20000008  __TI_cleanup_ptr        
000008c1  __TI_decompress_none    
000008e7  __TI_decompress_rle24   
2000000c  __TI_dtors_ptr          
00000000  __TI_static_base__      
000008cf  __TI_zero_init          
00000661  __aeabi_memclr          
00000661  __aeabi_memclr4         
00000661  __aeabi_memclr8         
000005c5  __aeabi_memcpy          
000005c5  __aeabi_memcpy4         
000005c5  __aeabi_memcpy8         
00000663  __aeabi_memset          
00000663  __aeabi_memset4         
00000663  __aeabi_memset8         
ffffffff  __binit__               
ffffffff  __c_args__              
2000fe00  __stack                 
00000895  _args_main              
000007b5  _c_int00                
20000000  _lock                   
000008bb  _nop                    
000008b3  _register_lock          
000008ad  _register_unlock        
000008ed  _system_pre_init        
20000004  _unlock                 
00000855  abort                   
ffffffff  binit                   
00000805  copy_in                 
0000031b  countDown               
000001c9  countUp                 
20000016  currentState            
0000085d  exit                    
0000014f  init                    
00000000  interruptVectors        
00000579  main                    
20000010  main_func_sp            
000005c5  memcpy                  
00000669  memset                  


GLOBAL SYMBOLS: SORTED BY Symbol Address 

address   name                    
-------   ----                    
00000000  __TI_static_base__      
00000000  interruptVectors        
0000014f  init                    
000001c9  countUp                 
00000200  __STACK_SIZE            
0000031b  countDown               
00000489  PORT1_IRQHandler        
00000579  main                    
000005c5  __aeabi_memcpy          
000005c5  __aeabi_memcpy4         
000005c5  __aeabi_memcpy8         
000005c5  memcpy                  
00000661  __aeabi_memclr          
00000661  __aeabi_memclr4         
00000661  __aeabi_memclr8         
00000663  __aeabi_memset          
00000663  __aeabi_memset4         
00000663  __aeabi_memset8         
00000669  memset                  
000006dd  __TI_auto_init          
000007b5  _c_int00                
00000805  copy_in                 
00000851  C$$EXIT                 
00000855  abort                   
0000085d  exit                    
00000895  _args_main              
000008ad  _register_unlock        
000008b3  _register_lock          
000008bb  _nop                    
000008c1  __TI_decompress_none    
000008cf  __TI_zero_init          
000008e7  __TI_decompress_rle24   
000008ed  _system_pre_init        
00000900  __TI_Handler_Table_Base 
0000090c  __TI_Handler_Table_Limit
00000918  __TI_CINIT_Base         
00000928  __TI_CINIT_Limit        
20000000  _lock                   
20000004  _unlock                 
20000008  __TI_cleanup_ptr        
2000000c  __TI_dtors_ptr          
20000010  main_func_sp            
20000014  Mode                    
20000016  currentState            
2000fe00  __stack                 
20010000  __STACK_END             
4000480c  WDTCTL_SYM              
ffffffff  __binit__               
ffffffff  __c_args__              
ffffffff  binit                   
UNDEFED   SHT$$INIT_ARRAY$$Base   
UNDEFED   SHT$$INIT_ARRAY$$Limit  

[52 symbols]
