******************************************************************************
                  TI ARM Linker PC v5.2.6                      
******************************************************************************
>> Linked Fri Apr 05 01:07:00 2019

OUTPUT FILE NAME:   <multiadc.out>
ENTRY POINT SYMBOL: "_c_int00"  address: 000031d5


MEMORY CONFIGURATION

         name            origin    length      used     unused   attr    fill
----------------------  --------  ---------  --------  --------  ----  --------
  MAIN                  00000000   00040000  000037ed  0003c813  R  X
  INFO                  00200000   00004000  00000000  00004000  R  X
  SRAM_CODE             01000000   00010000  00000000  00010000  RW X
  SRAM_DATA             20000000   00010000  00000b20  0000f4e0  RW  


SEGMENT ALLOCATION MAP

run origin  load origin   length   init length attrs members
----------  ----------- ---------- ----------- ----- -------
00000000    00000000    000037f0   000037f0    r-x
  00000000    00000000    00000144   00000144    r-- .intvecs
  00000144    00000144    000034d8   000034d8    r-x .text
  0000361c    0000361c    00000101   00000101    r-- .const
  00003720    00003720    000000d0   000000d0    r-- .cinit
20000000    20000000    00000920   00000000    rw-
  20000000    20000000    00000400   00000000    rw- .sysmem
  20000400    20000400    00000330   00000000    rw- .data
  20000730    20000730    000001f0   00000000    rw- .bss
2000fe00    2000fe00    00000200   00000000    rw-
  2000fe00    2000fe00    00000200   00000000    rw- .stack


SECTION ALLOCATION MAP

 output                                  attributes/
section   page    origin      length       input sections
--------  ----  ----------  ----------   ----------------
.intvecs   0    00000000    00000144     
                  00000000    00000144     msp432_startup_ccs.obj (.intvecs)

.text      0    00000144    000034d8     
                  00000144    000010ba     rtsv7M4_T_le_v4SPD16_eabi.lib : _printfi.obj (.text)
                  000011fe    00000002     --HOLE-- [fill = 0]
                  00001200    000003dc                                   : memory.obj (.text)
                  000015dc    0000030c                                   : lowlev.obj (.text)
                  000018e8    000002d4                                   : trgdrv.obj (.text)
                  00001bbc    0000023c     main.obj (.text)
                  00001df8    000001f4     rtsv7M4_T_le_v4SPD16_eabi.lib : ull_div_t2.obj (.text)
                  00001fec    000001c4                                   : fopen.obj (.text)
                  000021b0    000001b6                                   : fd_add_t2.obj (.text)
                  00002366    00000136                                   : fd_div_t2.obj (.text)
                  0000249c    00000134                                   : fputs.obj (.text)
                  000025d0    00000110                                   : xdscale.obj (.text)
                  000026e0    000000fc                                   : fd_mul_t2.obj (.text)
                  000027dc    000000dc                                   : setvbuf.obj (.text)
                  000028b8    000000c8                                   : fflush.obj (.text)
                  00002980    000000be                                   : xdnorm.obj (.text)
                  00002a3e    000000ac                                   : _io_perm.obj (.text)
                  00002aea    0000009c                                   : memcpy_t2.obj (.text)
                  00002b86    00000002     --HOLE-- [fill = 0]
                  00002b88    00000098                                   : fclose.obj (.text)
                  00002c20    00000098                                   : fputc.obj (.text)
                  00002cb8    00000086                                   : fd_cmp_t2.obj (.text:__aeabi_cdcmple)
                  00002d3e    00000086                                   : fd_cmp_t2.obj (.text:__aeabi_cdrcmple)
                  00002dc4    0000007a                                   : memset_t2.obj (.text)
                  00002e3e    00000002     --HOLE-- [fill = 0]
                  00002e40    00000070                                   : printf.obj (.text)
                  00002eb0    0000006e                                   : fd_tos_t2.obj (.text)
                  00002f1e    00000002     --HOLE-- [fill = 0]
                  00002f20    0000006c                                   : autoinit.obj (.text)
                  00002f8c    0000006a                                   : copy_decompress_rle.obj (.text)
                  00002ff6    00000002     --HOLE-- [fill = 0]
                  00002ff8    00000068                                   : trgmsg.obj (.text)
                  00003060    00000066                                   : xdunscal.obj (.text)
                  000030c6    00000002     --HOLE-- [fill = 0]
                  000030c8    00000064                                   : fseek.obj (.text)
                  0000312c    00000056                                   : ltoa.obj (.text)
                  00003182    00000052                                   : ldexp.obj (.text)
                  000031d4    00000050                                   : boot.obj (.text)
                  00003224    0000004c                                   : atoi.obj (.text)
                  00003270    0000004c                                   : cpy_tbl.obj (.text)
                  000032bc    00000048                                   : fd_toi_t2.obj (.text)
                  00003304    00000044                                   : exit.obj (.text)
                  00003348    00000040                                   : signal.obj (.text)
                  00003388    00000038                                   : fs_tod_t2.obj (.text)
                  000033c0    00000034                                   : feraiseexcept.obj (.text)
                  000033f4    00000030                                   : strncpy.obj (.text)
                  00003424    00000030                                   : xdclass.obj (.text)
                  00003454    00000030                                   : xferaise.obj (.text)
                  00003484    0000002e                                   : i_tofd_t2.obj (.text)
                  000034b2    0000002e                                   : raise.obj (.text)
                  000034e0    0000002a                                   : frexp.obj (.text)
                  0000350a    00000020                                   : memchr.obj (.text)
                  0000352a    00000020                                   : u_tofd_t2.obj (.text)
                  0000354a    0000001c                                   : memccpy.obj (.text)
                  00003566    00000002     --HOLE-- [fill = 0]
                  00003568    00000018                                   : args_main.obj (.text)
                  00003580    00000018                                   : strcmp.obj (.text)
                  00003598    00000016                                   : strchr.obj (.text)
                  000035ae    00000002     --HOLE-- [fill = 0]
                  000035b0    00000014                                   : _lock.obj (.text)
                  000035c4    00000014                                   : strcpy.obj (.text)
                  000035d8    00000014                                   : strlen.obj (.text)
                  000035ec    0000000e                                   : copy_decompress_none.obj (.text:decompress:none)
                  000035fa    0000000c                                   : copy_zero_init.obj (.text:decompress:ZI)
                  00003606    0000000c     msp432_startup_ccs.obj (.text)
                  00003612    00000006     rtsv7M4_T_le_v4SPD16_eabi.lib : copy_decompress_rle.obj (.text:decompress:rle24)
                  00003618    00000004                                   : pre_init.obj (.text)

.const     0    0000361c    00000101     
                  0000361c    00000101     rtsv7M4_T_le_v4SPD16_eabi.lib : ctype.obj (.const:.string:_ctypes_)

.cinit     0    00003720    000000d0     
                  00003720    000000a6     (.cinit..data.load) [load image, compression = rle]
                  000037c6    00000002     --HOLE-- [fill = 0]
                  000037c8    0000000c     (__TI_handler_table)
                  000037d4    00000004     --HOLE-- [fill = 0]
                  000037d8    00000008     (.cinit..bss.load) [load image, compression = zero_init]
                  000037e0    00000010     (__TI_cinit_table)

.sysmem    0    20000000    00000400     UNINITIALIZED
                  20000000    00000008     rtsv7M4_T_le_v4SPD16_eabi.lib : memory.obj (.sysmem)
                  20000008    000003f8     --HOLE--

.data      0    20000400    00000330     UNINITIALIZED
                  20000400    000000f0     rtsv7M4_T_le_v4SPD16_eabi.lib : defs.obj (.data:_ftable)
                  200004f0    000000d0                                   : lowlev.obj (.data)
                  200005c0    000000b0                                   : signal.obj (.data:sigtable)
                  20000670    00000080                                   : xvalues.obj (.data)
                  200006f0    00000010                                   : defs.obj (.data)
                  20000700    0000000c                                   : memory.obj (.data)
                  2000070c    00000008                                   : _lock.obj (.data)
                  20000714    00000008                                   : exit.obj (.data)
                  2000071c    00000008                                   : feraiseexcept.obj (.data)
                  20000724    00000004                                   : errno.obj (.data)
                  20000728    00000004                                   : fopen.obj (.data)
                  2000072c    00000004                                   : stkdepth_vars.obj (.data)

.TI.persistent 
*          0    20000400    00000000     UNINITIALIZED

.bss       0    20000730    000001f0     UNINITIALIZED
                  20000730    00000120     rtsv7M4_T_le_v4SPD16_eabi.lib : trgmsg.obj (.bss:__CIOBUF_)
                  20000850    000000a0                                   : defs.obj (.bss:__TI_tmpnams)
                  200008f0    00000008     (.common:parmbuf)
                  200008f8    00000004     (.common:a)
                  200008fc    00000004     (.common:b)
                  20000900    00000004     (.common:c)
                  20000904    00000004     (.common:d)
                  20000908    00000004     (.common:r1c1)
                  2000090c    00000004     (.common:r1c2)
                  20000910    00000004     (.common:r2c1)
                  20000914    00000004     (.common:r2c2)
                  20000918    00000002     (.common:A0results)
                  2000091a    00000002     (.common:A1results)
                  2000091c    00000002     (.common:A4results)
                  2000091e    00000002     (.common:A5results)

.TI.noinit 
*          0    20000730    00000000     UNINITIALIZED

.stack     0    2000fe00    00000200     UNINITIALIZED
                  2000fe00    00000200     --HOLE--


LINKER GENERATED COPY TABLES

__TI_cinit_table @ 000037e0 records: 2, size/record: 8, table size: 16
	.data: load addr=00003720, load size=000000a6 bytes, run addr=20000400, run size=00000330 bytes, compression=rle
	.bss: load addr=000037d8, load size=00000008 bytes, run addr=20000730, run size=000001f0 bytes, compression=zero_init


LINKER GENERATED HANDLER TABLE

__TI_handler_table @ 000037c8 records: 3, size/record: 4, table size: 12
	index: 0, handler: __TI_decompress_rle24
	index: 1, handler: __TI_decompress_none
	index: 2, handler: __TI_zero_init


GLOBAL SYMBOLS: SORTED ALPHABETICALLY BY Name 

address   name                    
-------   ----                    
20000918  A0results               
2000091a  A1results               
2000091c  A4results               
2000091e  A5results               
00001c6d  ADC14IsrHandler         
00003305  C$$EXIT                 
00003027  C$$IO$$                 
00001b75  HOSTclock               
00001b3d  HOSTclose               
00001aff  HOSTgetenv              
00001aa3  HOSTlseek               
00001a51  HOSTopen                
00001a05  HOSTread                
000019a7  HOSTrename              
0000196d  HOSTtime                
00001935  HOSTunlink              
000018e9  HOSTwrite               
UNDEFED   SHT$$INIT_ARRAY$$Base   
UNDEFED   SHT$$INIT_ARRAY$$Limit  
4000480c  WDTCTL_SYM              
00003425  _Dclass                 
20000670  _Denorm                 
00002981  _Dnorm                  
000025d1  _Dscale                 
00003061  _Dunscale               
20000680  _Eps                    
20000724  _Errno                  
2000071c  _Fenv                   
00003455  _Feraise                
20000690  _Hugeval                
200006a0  _Inf                    
200006b0  _Nan                    
200006d0  _Rteps                  
200006c0  _Snan                   
20000720  _Tls_setup__Fenv        
200006e0  _Xbig                   
200006e8  _Zero                   
20000730  __CIOBUF_               
20010000  __STACK_END             
00000200  __STACK_SIZE            
00000400  __SYSMEM_SIZE           
000037e0  __TI_CINIT_Base         
000037f0  __TI_CINIT_Limit        
000037c8  __TI_Handler_Table_Base 
000037d4  __TI_Handler_Table_Limit
00002f21  __TI_auto_init          
000020b5  __TI_cleanup            
20000714  __TI_cleanup_ptr        
00002b89  __TI_closefile          
000035ed  __TI_decompress_none    
00003613  __TI_decompress_rle24   
000028b9  __TI_doflush            
20000718  __TI_dtors_ptr          
200006f0  __TI_ft_end             
00000ef9  __TI_printfi            
00002aa1  __TI_rd_ok              
0000302b  __TI_readmsg            
00000000  __TI_static_base__      
20000850  __TI_tmpnams            
00002ff9  __TI_writemsg           
00002a3f  __TI_wrt_ok             
000035fb  __TI_zero_init          
00002cb9  __aeabi_cdcmpeq         
00002cb9  __aeabi_cdcmple         
00002d3f  __aeabi_cdrcmple        
00002eb1  __aeabi_d2f             
000032bd  __aeabi_d2iz            
000021bb  __aeabi_dadd            
00002367  __aeabi_ddiv            
000026e1  __aeabi_dmul            
000021b1  __aeabi_dsub            
00003389  __aeabi_f2d             
00003485  __aeabi_i2d             
00002dc5  __aeabi_memclr          
00002dc5  __aeabi_memclr4         
00002dc5  __aeabi_memclr8         
00002aeb  __aeabi_memcpy          
00002aeb  __aeabi_memcpy4         
00002aeb  __aeabi_memcpy8         
00002dc7  __aeabi_memset          
00002dc7  __aeabi_memset4         
00002dc7  __aeabi_memset8         
200006fc  __aeabi_stderr          
200006f4  __aeabi_stdin           
200006f8  __aeabi_stdout          
0000352b  __aeabi_ui2d            
00001df9  __aeabi_uldivmod        
ffffffff  __binit__               
ffffffff  __c_args__              
2000fe00  __stack                 
00003569  _args_main              
000031d5  _c_int00                
0000361c  _ctypes_                
20000400  _ftable                 
2000070c  _lock                   
000035bf  _nop                    
000035b7  _register_lock          
000035b1  _register_unlock        
20000000  _sys_memory             
00003619  _system_pre_init        
20000710  _unlock                 
200008f8  a                       
00003309  abort                   
0000183d  add_device              
00003225  atoi                    
200008fc  b                       
ffffffff  binit                   
20000900  c                       
000015a9  calloc                  
000017ed  close                   
00003271  copy_in                 
20000904  d                       
00003311  exit                    
00002bef  fclose                  
000033c1  feraiseexcept           
00002905  fflush                  
0000210b  fopen                   
00002c21  fputc                   
0000249d  fputs                   
000012f7  free                    
000020e1  freopen                 
000034e1  frexp                   
000030c9  fseek                   
00000000  interruptVectors        
00003183  ldexp                   
000017c9  lseek                   
0000312d  ltoa                    
00001bc1  main                    
2000072c  main_func_sp            
0000128f  malloc                  
000014c5  memalign                
0000354b  memccpy                 
0000350b  memchr                  
00002aeb  memcpy                  
00002dcd  memset                  
00001201  minit                   
0000171b  open                    
00002e49  printf                  
00002c21  putc                    
00002ca5  putchar                 
000025a9  puts                    
20000908  r1c1                    
2000090c  r1c2                    
20000910  r2c1                    
20000914  r2c2                    
000034b3  raise                   
000016f7  read                    
000013b9  realloc                 
0000166d  remove                  
000016cf  remove_device           
00001691  rename                  
000027dd  setvbuf                 
00003349  signal                  
00003599  strchr                  
00003581  strcmp                  
000035c5  strcpy                  
000035d9  strlen                  
000033f5  strncpy                 
0000166d  unlink                  
000015dd  write                   


GLOBAL SYMBOLS: SORTED BY Symbol Address 

address   name                    
-------   ----                    
00000000  __TI_static_base__      
00000000  interruptVectors        
00000200  __STACK_SIZE            
00000400  __SYSMEM_SIZE           
00000ef9  __TI_printfi            
00001201  minit                   
0000128f  malloc                  
000012f7  free                    
000013b9  realloc                 
000014c5  memalign                
000015a9  calloc                  
000015dd  write                   
0000166d  remove                  
0000166d  unlink                  
00001691  rename                  
000016cf  remove_device           
000016f7  read                    
0000171b  open                    
000017c9  lseek                   
000017ed  close                   
0000183d  add_device              
000018e9  HOSTwrite               
00001935  HOSTunlink              
0000196d  HOSTtime                
000019a7  HOSTrename              
00001a05  HOSTread                
00001a51  HOSTopen                
00001aa3  HOSTlseek               
00001aff  HOSTgetenv              
00001b3d  HOSTclose               
00001b75  HOSTclock               
00001bc1  main                    
00001c6d  ADC14IsrHandler         
00001df9  __aeabi_uldivmod        
000020b5  __TI_cleanup            
000020e1  freopen                 
0000210b  fopen                   
000021b1  __aeabi_dsub            
000021bb  __aeabi_dadd            
00002367  __aeabi_ddiv            
0000249d  fputs                   
000025a9  puts                    
000025d1  _Dscale                 
000026e1  __aeabi_dmul            
000027dd  setvbuf                 
000028b9  __TI_doflush            
00002905  fflush                  
00002981  _Dnorm                  
00002a3f  __TI_wrt_ok             
00002aa1  __TI_rd_ok              
00002aeb  __aeabi_memcpy          
00002aeb  __aeabi_memcpy4         
00002aeb  __aeabi_memcpy8         
00002aeb  memcpy                  
00002b89  __TI_closefile          
00002bef  fclose                  
00002c21  fputc                   
00002c21  putc                    
00002ca5  putchar                 
00002cb9  __aeabi_cdcmpeq         
00002cb9  __aeabi_cdcmple         
00002d3f  __aeabi_cdrcmple        
00002dc5  __aeabi_memclr          
00002dc5  __aeabi_memclr4         
00002dc5  __aeabi_memclr8         
00002dc7  __aeabi_memset          
00002dc7  __aeabi_memset4         
00002dc7  __aeabi_memset8         
00002dcd  memset                  
00002e49  printf                  
00002eb1  __aeabi_d2f             
00002f21  __TI_auto_init          
00002ff9  __TI_writemsg           
00003027  C$$IO$$                 
0000302b  __TI_readmsg            
00003061  _Dunscale               
000030c9  fseek                   
0000312d  ltoa                    
00003183  ldexp                   
000031d5  _c_int00                
00003225  atoi                    
00003271  copy_in                 
000032bd  __aeabi_d2iz            
00003305  C$$EXIT                 
00003309  abort                   
00003311  exit                    
00003349  signal                  
00003389  __aeabi_f2d             
000033c1  feraiseexcept           
000033f5  strncpy                 
00003425  _Dclass                 
00003455  _Feraise                
00003485  __aeabi_i2d             
000034b3  raise                   
000034e1  frexp                   
0000350b  memchr                  
0000352b  __aeabi_ui2d            
0000354b  memccpy                 
00003569  _args_main              
00003581  strcmp                  
00003599  strchr                  
000035b1  _register_unlock        
000035b7  _register_lock          
000035bf  _nop                    
000035c5  strcpy                  
000035d9  strlen                  
000035ed  __TI_decompress_none    
000035fb  __TI_zero_init          
00003613  __TI_decompress_rle24   
00003619  _system_pre_init        
0000361c  _ctypes_                
000037c8  __TI_Handler_Table_Base 
000037d4  __TI_Handler_Table_Limit
000037e0  __TI_CINIT_Base         
000037f0  __TI_CINIT_Limit        
20000000  _sys_memory             
20000400  _ftable                 
20000670  _Denorm                 
20000680  _Eps                    
20000690  _Hugeval                
200006a0  _Inf                    
200006b0  _Nan                    
200006c0  _Snan                   
200006d0  _Rteps                  
200006e0  _Xbig                   
200006e8  _Zero                   
200006f0  __TI_ft_end             
200006f4  __aeabi_stdin           
200006f8  __aeabi_stdout          
200006fc  __aeabi_stderr          
2000070c  _lock                   
20000710  _unlock                 
20000714  __TI_cleanup_ptr        
20000718  __TI_dtors_ptr          
2000071c  _Fenv                   
20000720  _Tls_setup__Fenv        
20000724  _Errno                  
2000072c  main_func_sp            
20000730  __CIOBUF_               
20000850  __TI_tmpnams            
200008f8  a                       
200008fc  b                       
20000900  c                       
20000904  d                       
20000908  r1c1                    
2000090c  r1c2                    
20000910  r2c1                    
20000914  r2c2                    
20000918  A0results               
2000091a  A1results               
2000091c  A4results               
2000091e  A5results               
2000fe00  __stack                 
20010000  __STACK_END             
4000480c  WDTCTL_SYM              
ffffffff  __binit__               
ffffffff  __c_args__              
ffffffff  binit                   
UNDEFED   SHT$$INIT_ARRAY$$Base   
UNDEFED   SHT$$INIT_ARRAY$$Limit  

[160 symbols]
